Component: Arm Compiler for Embedded 6.24 Tool: armlink [5f371500]

==============================================================================

Section Cross References

    adc.o(.text.DMA_IRQHandler) refers to mdr32fxqi_dma.o(.text.DMA_GetFlagStatus) for DMA_GetFlagStatus
    adc.o(.text.DMA_IRQHandler) refers to mdr32fxqi_dma.o(.text.DMA_ChannelReloadCycle) for DMA_ChannelReloadCycle
    adc.o(.ARM.exidx.text.DMA_IRQHandler) refers to adc.o(.text.DMA_IRQHandler) for [Anonymous Symbol]
    adc.o(.text.dmaInit) refers to mdr32fxqi_dma.o(.text.DMA_DeInit) for DMA_DeInit
    adc.o(.text.dmaInit) refers to adc.o(.bss.DMA_PriCtrlStr) for DMA_PriCtrlStr
    adc.o(.text.dmaInit) refers to adc.o(.bss.ADCConvertedValue) for ADCConvertedValue
    adc.o(.text.dmaInit) refers to adc.o(.bss.DMA_AltCtrlStr) for DMA_AltCtrlStr
    adc.o(.text.dmaInit) refers to adc.o(.bss.DMA_InitStr) for DMA_InitStr
    adc.o(.text.dmaInit) refers to mdr32fxqi_dma.o(.text.DMA_StructInit) for DMA_StructInit
    adc.o(.text.dmaInit) refers to mdr32fxqi_dma.o(.text.DMA_Init) for DMA_Init
    adc.o(.text.dmaInit) refers to mdr32fxqi_dma.o(.text.DMA_Cmd) for DMA_Cmd
    adc.o(.ARM.exidx.text.dmaInit) refers to adc.o(.text.dmaInit) for [Anonymous Symbol]
    adc.o(.text.adcInit) refers to mdr32fxqi_adc.o(.text.ADC_DeInit) for ADC_DeInit
    adc.o(.text.adcInit) refers to adc.o(.bss.sADC) for sADC
    adc.o(.text.adcInit) refers to mdr32fxqi_adc.o(.text.ADC_StructInit) for ADC_StructInit
    adc.o(.text.adcInit) refers to mdr32fxqi_adc.o(.text.ADC_Init) for ADC_Init
    adc.o(.text.adcInit) refers to adc.o(.bss.sADCx) for sADCx
    adc.o(.text.adcInit) refers to mdr32fxqi_adc.o(.text.ADCx_StructInit) for ADCx_StructInit
    adc.o(.text.adcInit) refers to mdr32fxqi_adc.o(.text.ADC2_Init) for ADC2_Init
    adc.o(.text.adcInit) refers to mdr32fxqi_adc.o(.text.ADC2_ITConfig) for ADC2_ITConfig
    adc.o(.text.adcInit) refers to mdr32fxqi_adc.o(.text.ADC2_Cmd) for ADC2_Cmd
    adc.o(.text.adcInit) refers to adc.o(.text.NVIC_EnableIRQ) for NVIC_EnableIRQ
    adc.o(.ARM.exidx.text.adcInit) refers to adc.o(.text.adcInit) for [Anonymous Symbol]
    adc.o(.ARM.exidx.text.NVIC_EnableIRQ) refers to adc.o(.text.NVIC_EnableIRQ) for [Anonymous Symbol]
    adc.o(.text.Get_Avg_ADC_value) refers to adc.o(.bss.ADCConvertedValue) for ADCConvertedValue
    adc.o(.ARM.exidx.text.Get_Avg_ADC_value) refers to adc.o(.text.Get_Avg_ADC_value) for [Anonymous Symbol]
    adc.o(.ARM.exidx.text.ADC_ToTemp) refers to adc.o(.text.ADC_ToTemp) for [Anonymous Symbol]
    main.o(.text.ClockInit) refers to mdr32fxqi_rst_clk.o(.text.RST_CLK_DeInit) for RST_CLK_DeInit
    main.o(.text.ClockInit) refers to system_mdr32f9q2i.o(.text.SystemCoreClockUpdate) for SystemCoreClockUpdate
    main.o(.text.ClockInit) refers to mdr32fxqi_rst_clk.o(.text.RST_CLK_HSEconfig) for RST_CLK_HSEconfig
    main.o(.text.ClockInit) refers to mdr32fxqi_rst_clk.o(.text.RST_CLK_HSEstatus) for RST_CLK_HSEstatus
    main.o(.text.ClockInit) refers to mdr32fxqi_rst_clk.o(.text.RST_CLK_CPU_PLLconfig) for RST_CLK_CPU_PLLconfig
    main.o(.text.ClockInit) refers to mdr32fxqi_rst_clk.o(.text.RST_CLK_CPU_PLLcmd) for RST_CLK_CPU_PLLcmd
    main.o(.text.ClockInit) refers to mdr32fxqi_rst_clk.o(.text.RST_CLK_CPU_PLLstatus) for RST_CLK_CPU_PLLstatus
    main.o(.text.ClockInit) refers to mdr32fxqi_rst_clk.o(.text.RST_CLK_CPUclkPrescaler) for RST_CLK_CPUclkPrescaler
    main.o(.text.ClockInit) refers to mdr32fxqi_rst_clk.o(.text.RST_CLK_CPU_PLLuse) for RST_CLK_CPU_PLLuse
    main.o(.text.ClockInit) refers to mdr32fxqi_rst_clk.o(.text.RST_CLK_PCLKcmd) for RST_CLK_PCLKcmd
    main.o(.text.ClockInit) refers to mdr32fxqi_eeprom.o(.text.EEPROM_SetLatency) for EEPROM_SetLatency
    main.o(.text.ClockInit) refers to mdr32fxqi_bkp.o(.text.BKP_DUccMode) for BKP_DUccMode
    main.o(.text.ClockInit) refers to mdr32fxqi_rst_clk.o(.text.RST_CLK_CPUclkSelection) for RST_CLK_CPUclkSelection
    main.o(.ARM.exidx.text.ClockInit) refers to main.o(.text.ClockInit) for [Anonymous Symbol]
    main.o(.text.main) refers to main.o(.text.ClockInit) for ClockInit
    main.o(.text.main) refers to adc.o(.text.dmaInit) for dmaInit
    main.o(.text.main) refers to adc.o(.text.adcInit) for adcInit
    main.o(.text.main) refers to pwm.o(.text.PortInit) for PortInit
    main.o(.text.main) refers to pwm.o(.text.TimerInit) for TimerInit
    main.o(.text.main) refers to usb.o(.text.VCom_Configuration) for VCom_Configuration
    main.o(.text.main) refers to main.o(.bss.Buffer) for Buffer
    main.o(.text.main) refers to mdr32fxqi_usb_cdc.o(.text.USB_CDC_Init) for USB_CDC_Init
    main.o(.text.main) refers to usb.o(.text.Setup_USB) for Setup_USB
    main.o(.text.main) refers to main.o(.bss.usb_timer) for usb_timer
    main.o(.text.main) refers to adc.o(.text.Get_Avg_ADC_value) for Get_Avg_ADC_value
    main.o(.text.main) refers to adc.o(.text.ADC_ToTemp) for ADC_ToTemp
    main.o(.text.main) refers to usb.o(.text.USB_SendTemp) for USB_SendTemp
[...]
    [Anonymous Symbol]                       0x08002874   Section        0  pwm.o(.text.TimerInit)
    [Anonymous Symbol]                       0x08002934   Section        0  mdr32fxqi_usb.o(.text.USB_BRGInit)
    [Anonymous Symbol]                       0x0800299c   Section        0  mdr32fxqi_usb_cdc.o(.text.USB_CDC_ClassRequest)
    USB_CDC_DoDataOut                        0x08002ab5   Thumb Code   100  mdr32fxqi_usb_cdc.o(.text.USB_CDC_DoDataOut)
    [Anonymous Symbol]                       0x08002ab4   Section        0  mdr32fxqi_usb_cdc.o(.text.USB_CDC_DoDataOut)
    [Anonymous Symbol]                       0x08002b18   Section        0  mdr32fxqi_usb_cdc.o(.text.USB_CDC_GetDescriptor)
    [Anonymous Symbol]                       0x08002bc0   Section        0  usb.o(.text.USB_CDC_GetLineCoding)
    [Anonymous Symbol]                       0x08002bfc   Section        0  mdr32fxqi_usb_cdc.o(.text.USB_CDC_Init)
    USB_CDC_OnDataReceive                    0x08002c31   Thumb Code   110  mdr32fxqi_usb_cdc.o(.text.USB_CDC_OnDataReceive)
    [Anonymous Symbol]                       0x08002c30   Section        0  mdr32fxqi_usb_cdc.o(.text.USB_CDC_OnDataReceive)
    USB_CDC_OnDataSent                       0x08002ca1   Thumb Code    26  mdr32fxqi_usb_cdc.o(.text.USB_CDC_OnDataSent)
    [Anonymous Symbol]                       0x08002ca0   Section        0  mdr32fxqi_usb_cdc.o(.text.USB_CDC_OnDataSent)
    [Anonymous Symbol]                       0x08002cbc   Section        0  usb.o(.text.USB_CDC_RecieveData)
    [Anonymous Symbol]                       0x08002cd8   Section        0  mdr32fxqi_usb_cdc.o(.text.USB_CDC_Reset)
    [Anonymous Symbol]                       0x08002d48   Section        0  mdr32fxqi_usb_cdc.o(.text.USB_CDC_SendData)
    [Anonymous Symbol]                       0x08002d94   Section        0  usb.o(.text.USB_CDC_SetLineCoding)
    [Anonymous Symbol]                       0x08002dd0   Section        0  mdr32fxqi_usb_cdc.o(.text.USB_CDC_SetReceiveBuffer)
    [Anonymous Symbol]                       0x08002dec   Section        0  mdr32fxqi_usb_device.o(.text.USB_DeviceClearFeature)
    [Anonymous Symbol]                       0x08002e2c   Section        0  mdr32fxqi_usb_device.o(.text.USB_DeviceDispatchEvent)
    [Anonymous Symbol]                       0x08002ecc   Section        0  mdr32fxqi_usb_device.o(.text.USB_DeviceDoStatusOutAck)
    [Anonymous Symbol]                       0x08002eec   Section        0  mdr32fxqi_usb_device.o(.text.USB_DeviceInit)
    [Anonymous Symbol]                       0x08002f54   Section        0  mdr32fxqi_usb_device.o(.text.USB_DevicePowerOn)
    [Anonymous Symbol]                       0x08002f6c   Section        0  mdr32fxqi_usb_device.o(.text.USB_DeviceReset)
    [Anonymous Symbol]                       0x08002f7c   Section        0  mdr32fxqi_usb_device.o(.text.USB_DeviceSetFeature)
    [Anonymous Symbol]                       0x08002fc0   Section        0  mdr32fxqi_usb_device.o(.text.USB_DeviceSetupPacket)
    USB_Device_setAddressWork                0x080033e5   Thumb Code    48  mdr32fxqi_usb_device.o(.text.USB_Device_setAddressWork)
    [Anonymous Symbol]                       0x080033e4   Section        0  mdr32fxqi_usb_device.o(.text.USB_Device_setAddressWork)
    [Anonymous Symbol]                       0x08003414   Section        0  mdr32fxqi_usb_device.o(.text.USB_EP_Idle)
    [Anonymous Symbol]                       0x08003478   Section        0  mdr32fxqi_usb_device.o(.text.USB_EP_Init)
    USB_EP_SetReady                          0x080034e1   Thumb Code    56  mdr32fxqi_usb_device.o(.text.USB_EP_SetReady)
    [Anonymous Symbol]                       0x080034e0   Section        0  mdr32fxqi_usb_device.o(.text.USB_EP_SetReady)
    [Anonymous Symbol]                       0x08003518   Section        0  mdr32fxqi_usb_device.o(.text.USB_EP_Stall)
    [Anonymous Symbol]                       0x08003598   Section        0  mdr32fxqi_usb_device.o(.text.USB_EP_dispatchEvent)
    [Anonymous Symbol]                       0x08003964   Section        0  mdr32fxqi_usb_device.o(.text.USB_EP_doDataIn)
    [Anonymous Symbol]                       0x080039d0   Section        0  mdr32fxqi_usb_device.o(.text.USB_EP_doDataOut)
    USB_EP_sendInDataPortion                 0x08003a25   Thumb Code   192  mdr32fxqi_usb_device.o(.text.USB_EP_sendInDataPortion)
    [Anonymous Symbol]                       0x08003a24   Section        0  mdr32fxqi_usb_device.o(.text.USB_EP_sendInDataPortion)
    [Anonymous Symbol]                       0x08003ae4   Section        0  mdr32fxqi_usb_device.o(.text.USB_EP_setSetupHandler)
    [Anonymous Symbol]                       0x08003b3c   Section        0  mdr32fxqi_usb.o(.text.USB_GetSEPxCTRL)
    [Anonymous Symbol]                       0x08003b58   Section        0  mdr32fxqi_usb.o(.text.USB_GetSEPxRXFD)
    [Anonymous Symbol]                       0x08003b74   Section        0  mdr32fxqi_usb.o(.text.USB_GetSEPxRXFDC)
    [Anonymous Symbol]                       0x08003b90   Section        0  mdr32fxqi_usb.o(.text.USB_GetSEPxSTS)
    [Anonymous Symbol]                       0x08003bac   Section        0  mdr32fxqi_usb.o(.text.USB_GetSEPxTS)
    [Anonymous Symbol]                       0x08003bc8   Section        0  mdr32fxqi_usb.o(.text.USB_GetSIS)
    [Anonymous Symbol]                       0x08003bd4   Section        0  mdr32fxqi_usb_device.o(.text.USB_IRQHandler)
    [Anonymous Symbol]                       0x08003bdc   Section        0  mdr32fxqi_usb.o(.text.USB_Reset)
    [Anonymous Symbol]                       0x08003c0c   Section        0  mdr32fxqi_usb.o(.text.USB_SEPxToggleEPDATASEQ)
    [Anonymous Symbol]                       0x08003c3c   Section        0  usb.o(.text.USB_SendTemp)
    [Anonymous Symbol]                       0x08003c70   Section        0  mdr32fxqi_usb.o(.text.USB_SetHSCR)
    [Anonymous Symbol]                       0x08003ca0   Section        0  mdr32fxqi_usb.o(.text.USB_SetSA)
    [Anonymous Symbol]                       0x08003cb4   Section        0  mdr32fxqi_usb.o(.text.USB_SetSC)
    [Anonymous Symbol]                       0x08003ce4   Section        0  mdr32fxqi_usb.o(.text.USB_SetSEPxCTRL)
    [Anonymous Symbol]                       0x08003d24   Section        0  mdr32fxqi_usb.o(.text.USB_SetSEPxRXFC)
    [Anonymous Symbol]                       0x08003d44   Section        0  mdr32fxqi_usb.o(.text.USB_SetSEPxTXFD)
    [Anonymous Symbol]                       0x08003d64   Section        0  mdr32fxqi_usb.o(.text.USB_SetSEPxTXFDC)
    [Anonymous Symbol]                       0x08003d84   Section        0  mdr32fxqi_usb.o(.text.USB_SetSIM)
    [Anonymous Symbol]                       0x08003db4   Section        0  mdr32fxqi_usb.o(.text.USB_SetSIS)
    [Anonymous Symbol]                       0x08003dc8   Section        0  usb.o(.text.VCom_Configuration)
    [Anonymous Symbol]                       0x08003de4   Section        0  adc.o(.text.adcInit)
    [Anonymous Symbol]                       0x08003e6c   Section        0  adc.o(.text.dmaInit)
    [Anonymous Symbol]                       0x08003f34   Section        0  main.o(.text.main)
    CL$$btod_d2e                             0x08003fb4   Section       62  btod.o(CL$$btod_d2e)
    CL$$btod_d2e_denorm_low                  0x08003ff2   Section       70  btod.o(CL$$btod_d2e_denorm_low)
    CL$$btod_d2e_norm_op1                    0x08004038   Section       96  btod.o(CL$$btod_d2e_norm_op1)
    CL$$btod_div_common                      0x08004098   Section      824  btod.o(CL$$btod_div_common)
    CL$$btod_e2e                             0x080043d0   Section      220  btod.o(CL$$btod_e2e)
    CL$$btod_ediv                            0x080044ac   Section       42  btod.o(CL$$btod_ediv)
    CL$$btod_emul                            0x080044d6   Section       42  btod.o(CL$$btod_emul)
    CL$$btod_mult_common                     0x08004500   Section      580  btod.o(CL$$btod_mult_common)
    i.__ARM_fpclassify                       0x08004744   Section        0  fpclassify.o(i.__ARM_fpclassify)
    i._is_digit                              0x0800476c   Section        0  __printf_wp.o(i._is_digit)
    locale$$code                             0x0800477c   Section       44  lc_numeric_c.o(locale$$code)
    locale$$code                             0x080047a8   Section       44  lc_ctype_c.o(locale$$code)
    x$fpl$printf1                            0x080047d4   Section        4  printf1.o(x$fpl$printf1)
    x$fpl$printf2                            0x080047d8   Section        4  printf2.o(x$fpl$printf2)
    initial_mbstate                          0x080047dc   Data           8  _printf_wctomb.o(.constdata)
    .constdata                               0x080047dc   Section        8  _printf_wctomb.o(.constdata)
    x$fpl$usenofp                            0x080047dc   Section        0  usenofp.o(x$fpl$usenofp)
    uc_hextab                                0x080047e4   Data          20  _printf_hex_int_ll_ptr.o(.constdata)
    .constdata                               0x080047e4   Section       40  _printf_hex_int_ll_ptr.o(.constdata)
    lc_hextab                                0x080047f8   Data          20  _printf_hex_int_ll_ptr.o(.constdata)
    maptable                                 0x0800480c   Data          17  __printf_flags_ss_wp.o(.constdata)
    .constdata                               0x0800480c   Section       17  __printf_flags_ss_wp.o(.constdata)
    lc_hextab                                0x0800481d   Data          19  _printf_fp_hex.o(.constdata)
    .constdata                               0x0800481d   Section       38  _printf_fp_hex.o(.constdata)
    uc_hextab                                0x08004830   Data          19  _printf_fp_hex.o(.constdata)
    tenpwrs_x                                0x08004844   Data          60  bigflt0.o(.constdata)
    .constdata                               0x08004844   Section      148  bigflt0.o(.constdata)
    tenpwrs_i                                0x08004880   Data          64  bigflt0.o(.constdata)
    .L.str                                   0x080048d8   Data          13  usb.o(.rodata.str1.1)
    [Anonymous Symbol]                       0x080048d8   Section        0  usb.o(.rodata.str1.1)
    locale$$data                             0x08004908   Section       28  lc_numeric_c.o(locale$$data)
    __lcnum_c_name                           0x0800490c   Data           2  lc_numeric_c.o(locale$$data)
    __lcnum_c_start                          0x08004914   Data           0  lc_numeric_c.o(locale$$data)
    __lcnum_c_point                          0x08004920   Data           0  lc_numeric_c.o(locale$$data)
    __lcnum_c_thousands                      0x08004922   Data           0  lc_numeric_c.o(locale$$data)
    __lcnum_c_grouping                       0x08004923   Data           0  lc_numeric_c.o(locale$$data)
    __lcnum_c_end                            0x08004924   Data           0  lc_numeric_c.o(locale$$data)
    locale$$data                             0x08004924   Section      272  lc_ctype_c.o(locale$$data)
    __lcctype_c_name                         0x08004928   Data           2  lc_ctype_c.o(locale$$data)
    __lcctype_c_start                        0x08004930   Data           0  lc_ctype_c.o(locale$$data)
    __lcctype_c_end                          0x08004a34   Data           0  lc_ctype_c.o(locale$$data)
    Usb_CDC_Configuration_Descriptor         0x20000008   Data          67  mdr32fxqi_usb_cdc.o(.data.Usb_CDC_Configuration_Descriptor)
    [Anonymous Symbol]                       0x20000008   Section        0  mdr32fxqi_usb_cdc.o(.data.Usb_CDC_Configuration_Descriptor)
    Usb_CDC_Device_Descriptor                0x2000004b   Data          18  mdr32fxqi_usb_cdc.o(.data.Usb_CDC_Device_Descriptor)
    [Anonymous Symbol]                       0x2000004b   Section        0  mdr32fxqi_usb_cdc.o(.data.Usb_CDC_Device_Descriptor)
    .bss                                     0x20000400   Section       96  libspace.o(.bss)
    Buffer                                   0x20000474   Data         100  main.o(.bss.Buffer)
    [Anonymous Symbol]                       0x20000474   Section        0  main.o(.bss.Buffer)
    CDC_ClassPacketData                      0x200004d8   Data           8  mdr32fxqi_usb_cdc.o(.bss.CDC_ClassPacketData)
    [Anonymous Symbol]                       0x200004d8   Section        0  mdr32fxqi_usb_cdc.o(.bss.CDC_ClassPacketData)
    LineCoding                               0x20000c34   Data           8  usb.o(.bss.LineCoding)
    [Anonymous Symbol]                       0x20000c34   Section        0  usb.o(.bss.LineCoding)
    SetupPacketData                          0x20000c48   Data           2  mdr32fxqi_usb_device.o(.bss.SetupPacketData)
    [Anonymous Symbol]                       0x20000c48   Section        0  mdr32fxqi_usb_device.o(.bss.SetupPacketData)
    USB_CDCContext                           0x20000c4c   Data          12  mdr32fxqi_usb_cdc.o(.bss.USB_CDCContext)
    [Anonymous Symbol]                       0x20000c4c   Section        0  mdr32fxqi_usb_cdc.o(.bss.USB_CDCContext)
    USB_DeviceDispatchEvent.bHandling        0x20000c7c   Data           4  mdr32fxqi_usb_device.o(.bss.USB_DeviceDispatchEvent.bHandling)
    [Anonymous Symbol]                       0x20000c7c   Section        0  mdr32fxqi_usb_device.o(.bss.USB_DeviceDispatchEvent.bHandling)
    USB_SendTemp.txBuffer                    0x20000d30   Data          64  usb.o(.bss.USB_SendTemp.txBuffer)
    [Anonymous Symbol]                       0x20000d30   Section        0  usb.o(.bss.USB_SendTemp.txBuffer)
    Heap_Mem                                 0x20000df8   Data         512  startup_mdr32f9q2i.o(HEAP)
    HEAP                                     0x20000df8   Section      512  startup_mdr32f9q2i.o(HEAP)
    Stack_Mem                                0x20000ff8   Data        1024  startup_mdr32f9q2i.o(STACK)
    STACK                                    0x20000ff8   Section     1024  startup_mdr32f9q2i.o(STACK)
    __initial_sp                             0x200013f8   Data           0  startup_mdr32f9q2i.o(STACK)

    Global Symbols

    Symbol Name                              Value     Ov Type        Size  Object(Section)

    BuildAttributes$$THM_ISAv4$P$D$K$B$S$PE$A:L22UL41UL21$X:L11$S22US41US21$IEEE1$IW$~IW$USESV6$~STKCKD$USESV7$~SHL$OTIME$ROPI$IEEEJ$EBA8$UX$STANDARDLIB$REQ8$PRES8$EABIv2 0x00000000   Number         0  anon$$obj.o ABSOLUTE
    __fp_init_empty                          0x00000000   Number         0  fpinit_empty.o ABSOLUTE
    _printf_flags                            0x00000000   Number         0  printf_stubs.o ABSOLUTE
    _printf_return_value                     0x00000000   Number         0  printf_stubs.o ABSOLUTE
    _printf_sizespec                         0x00000000   Number         0  printf_stubs.o ABSOLUTE
    _printf_widthprec                        0x00000000   Number         0  printf_stubs.o ABSOLUTE
    __ARM_exceptions_init                     - Undefined Weak Reference
    __alloca_initialize                       - Undefined Weak Reference
    __arm_preinit_                            - Undefined Weak Reference
    __arm_relocate_pie_                       - Undefined Weak Reference
    __cpp_initialize__aeabi_                  - Undefined Weak Reference
    __cxa_finalize                            - Undefined Weak Reference
    __sigvec_lookup                           - Undefined Weak Reference
    _atexit_init                              - Undefined Weak Reference
    _call_atexit_fns                          - Undefined Weak Reference
    _clock_init                               - Undefined Weak Reference
    _fp_trap_init                             - Undefined Weak Reference
    _fp_trap_shutdown                         - Undefined Weak Reference
    _get_lc_collate                           - Undefined Weak Reference
    _get_lc_monetary                          - Undefined Weak Reference
    _get_lc_time                              - Undefined Weak Reference
    _getenv_init                              - Undefined Weak Reference
    _handle_redirection                       - Undefined Weak Reference
    _init_alloc                               - Undefined Weak Reference
    _init_user_alloc                          - Undefined Weak Reference
    _initio                                   - Undefined Weak Reference
    _printf_mbtowc                            - Undefined Weak Reference
    _printf_wc                                - Undefined Weak Reference
    _rand_init                                - Undefined Weak Reference
    _signal_finish                            - Undefined Weak Reference
    _signal_init                              - Undefined Weak Reference
    _terminate_alloc                          - Undefined Weak Reference
    _terminate_user_alloc                     - Undefined Weak Reference
    _terminateio                              - Undefined Weak Reference
    __Vectors_Size                           0x000000c0   Number         0  startup_mdr32f9q2i.o ABSOLUTE
    __Vectors                                0x08000000   Data           4  startup_mdr32f9q2i.o(RESET)
    __Vectors_End                            0x080000c0   Data           0  startup_mdr32f9q2i.o(RESET)
    __main                                   0x080000c1   Thumb Code     8  __main.o(!!!main)
    __scatterload                            0x080000c9   Thumb Code     0  __scatter.o(!!!scatter)
    __scatterload_rt2                        0x080000c9   Thumb Code    84  __scatter.o(!!!scatter)
    __scatterload_rt2_thumb_only             0x080000c9   Thumb Code     0  __scatter.o(!!!scatter)
    __scatterload_loop                       0x080000d3   Thumb Code     0  __scatter.o(!!!scatter)
    __scatterload_copy                       0x08000125   Thumb Code    26  __scatter_copy.o(!!handler_copy)
    __scatterload_null                       0x08000141   Thumb Code     2  __scatter.o(!!handler_null)
    __scatterload_zeroinit                   0x08000145   Thumb Code    28  __scatter_zi.o(!!handler_zi)
    _printf_n                                0x08000161   Thumb Code     0  _printf_n.o(.ARM.Collect$$_printf_percent$$00000001)
    _printf_percent                          0x08000161   Thumb Code     0  _printf_percent.o(.ARM.Collect$$_printf_percent$$00000000)
    _printf_p                                0x08000167   Thumb Code     0  _printf_p.o(.ARM.Collect$$_printf_percent$$00000002)
    _printf_f                                0x0800016d   Thumb Code     0  _printf_f.o(.ARM.Collect$$_printf_percent$$00000003)
    _printf_e                                0x08000173   Thumb Code     0  _printf_e.o(.ARM.Collect$$_printf_percent$$00000004)
    _printf_g                                0x08000179   Thumb Code     0  _printf_g.o(.ARM.Collect$$_printf_percent$$00000005)
    _printf_a                                0x0800017f   Thumb Code     0  _printf_a.o(.ARM.Collect$$_printf_percent$$00000006)
    _printf_ll                               0x08000185   Thumb Code     0  _printf_ll.o(.ARM.Collect$$_printf_percent$$00000007)
    _printf_i                                0x0800018f   Thumb Code     0  _printf_i.o(.ARM.Collect$$_printf_percent$$00000008)
    _printf_d                                0x08000195   Thumb Code     0  _printf_d.o(.ARM.Collect$$_printf_percent$$00000009)
    _printf_u                                0x0800019b   Thumb Code     0  _printf_u.o(.ARM.Collect$$_printf_percent$$0000000A)
    _printf_o                                0x080001a1   Thumb Code     0  _printf_o.o(.ARM.Collect$$_printf_percent$$0000000B)
    _printf_x                                0x080001a7   Thumb Code     0  _printf_x.o(.ARM.Collect$$_printf_percent$$0000000C)
    _printf_lli                              0x080001ad   Thumb Code     0  _printf_lli.o(.ARM.Collect$$_printf_percent$$0000000D)
    _printf_lld                              0x080001b3   Thumb Code     0  _printf_lld.o(.ARM.Collect$$_printf_percent$$0000000E)
    _printf_llu                              0x080001b9   Thumb Code     0  _printf_llu.o(.ARM.Collect$$_printf_percent$$0000000F)
    _printf_llo                              0x080001bf   Thumb Code     0  _printf_llo.o(.ARM.Collect$$_printf_percent$$00000010)
    _printf_llx                              0x080001c5   Thumb Code     0  _printf_llx.o(.ARM.Collect$$_printf_percent$$00000011)
    _printf_l                                0x080001cb   Thumb Code     0  _printf_l.o(.ARM.Collect$$_printf_percent$$00000012)
    _printf_c                                0x080001d5   Thumb Code     0  _printf_c.o(.ARM.Collect$$_printf_percent$$00000013)
    _printf_s                                0x080001db   Thumb Code     0  _printf_s.o(.ARM.Collect$$_printf_percent$$00000014)
    _printf_lc                               0x080001e1   Thumb Code     0  _printf_lc.o(.ARM.Collect$$_printf_percent$$00000015)
    _printf_ls                               0x080001e7   Thumb Code     0  _printf_ls.o(.ARM.Collect$$_printf_percent$$00000016)
    _printf_percent_end                      0x080001ed   Thumb Code     0  _printf_percent_end.o(.ARM.Collect$$_printf_percent$$00000017)
    __rt_lib_init                            0x080001f1   Thumb Code     0  libinit.o(.ARM.Collect$$libinit$$00000000)
    __rt_lib_init_fp_1                       0x080001f3   Thumb Code     0  libinit2.o(.ARM.Collect$$libinit$$00000002)
    __rt_lib_init_heap_1                     0x080001f3   Thumb Code     0  libinit2.o(.ARM.Collect$$libinit$$0000000C)
    __rt_lib_init_lc_common                  0x080001f3   Thumb Code     0  libinit2.o(.ARM.Collect$$libinit$$00000011)
    __rt_lib_init_preinit_1                  0x080001f3   Thumb Code     0  libinit2.o(.ARM.Collect$$libinit$$00000006)
    __rt_lib_init_rand_1                     0x080001f3   Thumb Code     0  libinit2.o(.ARM.Collect$$libinit$$00000010)
    __rt_lib_init_relocate_pie_1             0x080001f3   Thumb Code     0  libinit2.o(.ARM.Collect$$libinit$$00000004)
    __rt_lib_init_user_alloc_1               0x080001f3   Thumb Code     0  libinit2.o(.ARM.Collect$$libinit$$0000000E)
    __rt_lib_init_lc_collate_1               0x080001f9   Thumb Code     0  libinit2.o(.ARM.Collect$$libinit$$00000013)
    __rt_lib_init_lc_ctype_2                 0x080001f9   Thumb Code     0  libinit2.o(.ARM.Collect$$libinit$$00000014)
    __rt_lib_init_lc_ctype_1                 0x08000205   Thumb Code     0  libinit2.o(.ARM.Collect$$libinit$$00000015)
    __rt_lib_init_lc_monetary_1              0x08000205   Thumb Code     0  libinit2.o(.ARM.Collect$$libinit$$00000017)
    __rt_lib_init_lc_numeric_2               0x08000205   Thumb Code     0  libinit2.o(.ARM.Collect$$libinit$$00000018)
    __rt_lib_init_alloca_1                   0x0800020f   Thumb Code     0  libinit2.o(.ARM.Collect$$libinit$$00000030)
    __rt_lib_init_argv_1                     0x0800020f   Thumb Code     0  libinit2.o(.ARM.Collect$$libinit$$0000002E)
    __rt_lib_init_atexit_1                   0x0800020f   Thumb Code     0  libinit2.o(.ARM.Collect$$libinit$$0000001D)
    __rt_lib_init_clock_1                    0x0800020f   Thumb Code     0  libinit2.o(.ARM.Collect$$libinit$$00000023)
    __rt_lib_init_cpp_1                      0x0800020f   Thumb Code     0  libinit2.o(.ARM.Collect$$libinit$$00000034)
    __rt_lib_init_exceptions_1               0x0800020f   Thumb Code     0  libinit2.o(.ARM.Collect$$libinit$$00000032)
    __rt_lib_init_fp_trap_1                  0x0800020f   Thumb Code     0  libinit2.o(.ARM.Collect$$libinit$$00000021)
    __rt_lib_init_getenv_1                   0x0800020f   Thumb Code     0  libinit2.o(.ARM.Collect$$libinit$$00000025)
    __rt_lib_init_lc_numeric_1               0x0800020f   Thumb Code     0  libinit2.o(.ARM.Collect$$libinit$$00000019)
    __rt_lib_init_lc_time_1                  0x0800020f   Thumb Code     0  libinit2.o(.ARM.Collect$$libinit$$0000001B)
    __rt_lib_init_return                     0x0800020f   Thumb Code     0  libinit2.o(.ARM.Collect$$libinit$$00000035)
    __rt_lib_init_signal_1                   0x0800020f   Thumb Code     0  libinit2.o(.ARM.Collect$$libinit$$0000001F)
    __rt_lib_init_stdio_1                    0x0800020f   Thumb Code     0  libinit2.o(.ARM.Collect$$libinit$$00000027)
    __rt_lib_shutdown                        0x08000211   Thumb Code     0  libshutdown.o(.ARM.Collect$$libshutdown$$00000000)
    __rt_lib_shutdown_cpp_1                  0x08000213   Thumb Code     0  libshutdown2.o(.ARM.Collect$$libshutdown$$00000002)
    __rt_lib_shutdown_fp_trap_1              0x08000213   Thumb Code     0  libshutdown2.o(.ARM.Collect$$libshutdown$$00000007)
    __rt_lib_shutdown_heap_1                 0x08000213   Thumb Code     0  libshutdown2.o(.ARM.Collect$$libshutdown$$0000000F)
    __rt_lib_shutdown_return                 0x08000213   Thumb Code     0  libshutdown2.o(.ARM.Collect$$libshutdown$$00000010)
    __rt_lib_shutdown_signal_1               0x08000213   Thumb Code     0  libshutdown2.o(.ARM.Collect$$libshutdown$$0000000A)
    __rt_lib_shutdown_stdio_1                0x08000213   Thumb Code     0  libshutdown2.o(.ARM.Collect$$libshutdown$$00000004)
    __rt_lib_shutdown_user_alloc_1           0x08000213   Thumb Code     0  libshutdown2.o(.ARM.Collect$$libshutdown$$0000000C)
    __rt_entry                               0x08000215   Thumb Code     0  __rtentry.o(.ARM.Collect$$rtentry$$00000000)
    __rt_entry_presh_1                       0x08000215   Thumb Code     0  __rtentry2.o(.ARM.Collect$$rtentry$$00000002)
    __rt_entry_sh                            0x08000215   Thumb Code     0  __rtentry4.o(.ARM.Collect$$rtentry$$00000004)
    __rt_entry_li                            0x0800021b   Thumb Code     0  __rtentry2.o(.ARM.Collect$$rtentry$$0000000A)
    __rt_entry_postsh_1                      0x0800021b   Thumb Code     0  __rtentry2.o(.ARM.Collect$$rtentry$$00000009)
    __rt_entry_main                          0x0800021f   Thumb Code     0  __rtentry2.o(.ARM.Collect$$rtentry$$0000000D)
    __rt_entry_postli_1                      0x0800021f   Thumb Code     0  __rtentry2.o(.ARM.Collect$$rtentry$$0000000C)
    __rt_exit                                0x08000227   Thumb Code     0  rtexit.o(.ARM.Collect$$rtexit$$00000000)
    __rt_exit_ls                             0x08000229   Thumb Code     0  rtexit2.o(.ARM.Collect$$rtexit$$00000003)
    __rt_exit_prels_1                        0x08000229   Thumb Code     0  rtexit2.o(.ARM.Collect$$rtexit$$00000002)
    __rt_exit_exit                           0x0800022d   Thumb Code     0  rtexit2.o(.ARM.Collect$$rtexit$$00000004)
    Reset_Handler                            0x08000235   Thumb Code     8  startup_mdr32f9q2i.o(.text)
    NMI_Handler                              0x0800023d   Thumb Code     2  startup_mdr32f9q2i.o(.text)
    HardFault_Handler                        0x0800023f   Thumb Code     2  startup_mdr32f9q2i.o(.text)
    MemManage_Handler                        0x08000241   Thumb Code     2  startup_mdr32f9q2i.o(.text)
    BusFault_Handler                         0x08000243   Thumb Code     2  startup_mdr32f9q2i.o(.text)
    UsageFault_Handler                       0x08000245   Thumb Code     2  startup_mdr32f9q2i.o(.text)
    SVC_Handler                              0x08000247   Thumb Code     2  startup_mdr32f9q2i.o(.text)
    DebugMon_Handler                         0x08000249   Thumb Code     2  startup_mdr32f9q2i.o(.text)
    PendSV_Handler                           0x0800024b   Thumb Code     2  startup_mdr32f9q2i.o(.text)
    SysTick_Handler                          0x0800024d   Thumb Code     2  startup_mdr32f9q2i.o(.text)
    CAN1_IRQHandler                          0x0800024f   Thumb Code     2  startup_mdr32f9q2i.o(.text)
    CAN2_IRQHandler                          0x08000251   Thumb Code     2  startup_mdr32f9q2i.o(.text)
    UART1_IRQHandler                         0x08000257   Thumb Code     2  startup_mdr32f9q2i.o(.text)
    UART2_IRQHandler                         0x08000259   Thumb Code     2  startup_mdr32f9q2i.o(.text)
    SSP1_IRQHandler                          0x0800025b   Thumb Code     2  startup_mdr32f9q2i.o(.text)
    I2C_IRQHandler                           0x0800025d   Thumb Code     2  startup_mdr32f9q2i.o(.text)
    POWER_IRQHandler                         0x0800025f   Thumb Code     2  startup_mdr32f9q2i.o(.text)
    WWDG_IRQHandler                          0x08000261   Thumb Code     2  startup_mdr32f9q2i.o(.text)
    Timer1_IRQHandler                        0x08000263   Thumb Code     2  startup_mdr32f9q2i.o(.text)
    Timer2_IRQHandler                        0x08000265   Thumb Code     2  startup_mdr32f9q2i.o(.text)
    Timer3_IRQHandler                        0x08000267   Thumb Code     2  startup_mdr32f9q2i.o(.text)
    ADC_IRQHandler                           0x08000269   Thumb Code     2  startup_mdr32f9q2i.o(.text)
    COMPARATOR_IRQHandler                    0x0800026b   Thumb Code     2  startup_mdr32f9q2i.o(.text)
    SSP2_IRQHandler                          0x0800026d   Thumb Code     2  startup_mdr32f9q2i.o(.text)
    BACKUP_IRQHandler                        0x0800026f   Thumb Code     2  startup_mdr32f9q2i.o(.text)
    EXT_INT1_IRQHandler                      0x08000271   Thumb Code     2  startup_mdr32f9q2i.o(.text)
    EXT_INT2_IRQHandler                      0x08000273   Thumb Code     2  startup_mdr32f9q2i.o(.text)
    EXT_INT3_IRQHandler                      0x08000275   Thumb Code     2  startup_mdr32f9q2i.o(.text)
    EXT_INT4_IRQHandler                      0x08000277   Thumb Code     2  startup_mdr32f9q2i.o(.text)
    __user_initial_stackheap                 0x08000279   Thumb Code     0  startup_mdr32f9q2i.o(.text)
    snprintf                                 0x0800029d   Thumb Code    58  snprintf.o(.text)
    __use_two_region_memory                  0x080002dd   Thumb Code     2  heapauxi.o(.text)
    __rt_heap_escrow$2region                 0x080002df   Thumb Code     2  heapauxi.o(.text)
    __rt_heap_expand$2region                 0x080002e1   Thumb Code     2  heapauxi.o(.text)
    _printf_pre_padding                      0x080002e3   Thumb Code    44  _printf_pad.o(.text)
    _printf_post_padding                     0x0800030f   Thumb Code    34  _printf_pad.o(.text)
    _printf_truncate_signed                  0x08000331   Thumb Code    18  _printf_truncate.o(.text)
    _printf_truncate_unsigned                0x08000343   Thumb Code    18  _printf_truncate.o(.text)
    _printf_str                              0x08000355   Thumb Code    82  _printf_str.o(.text)
    _printf_int_dec                          0x080003a9   Thumb Code   104  _printf_dec.o(.text)
    _printf_charcount                        0x08000421   Thumb Code    40  _printf_charcount.o(.text)
    _printf_char_common                      0x08000453   Thumb Code    32  _printf_char_common.o(.text)
    _snputc                                  0x08000479   Thumb Code    16  _snputc.o(.text)
    _printf_wctomb                           0x08000489   Thumb Code   182  _printf_wctomb.o(.text)
    _printf_longlong_dec                     0x08000545   Thumb Code   108  _printf_longlong_dec.o(.text)
    _printf_longlong_oct                     0x080005c1   Thumb Code    68  _printf_oct_int_ll.o(.text)
    _printf_int_oct                          0x08000605   Thumb Code    24  _printf_oct_int_ll.o(.text)
    _printf_ll_oct                           0x0800061d   Thumb Code    12  _printf_oct_int_ll.o(.text)
    _printf_longlong_hex                     0x08000631   Thumb Code    86  _printf_hex_int_ll_ptr.o(.text)
    _printf_int_hex                          0x08000687   Thumb Code    28  _printf_hex_int_ll_ptr.o(.text)
    _printf_ll_hex                           0x080006a3   Thumb Code    12  _printf_hex_int_ll_ptr.o(.text)
    _printf_hex_ptr                          0x080006af   Thumb Code    18  _printf_hex_int_ll_ptr.o(.text)
    __printf                                 0x080006c5   Thumb Code   388  __printf_flags_ss_wp.o(.text)
    _ll_udiv10                               0x0800084d   Thumb Code   138  lludiv10.o(.text)
    _printf_int_common                       0x080008d7   Thumb Code   178  _printf_intcommon.o(.text)
    _printf_fp_dec_real                      0x08000b39   Thumb Code   620  _printf_fp_dec.o(.text)
    _printf_fp_hex_real                      0x08000da5   Thumb Code   756  _printf_fp_hex.o(.text)
    _printf_cs_common                        0x080010a1   Thumb Code    20  _printf_char.o(.text)
    _printf_char                             0x080010b5   Thumb Code    16  _printf_char.o(.text)
    _printf_string                           0x080010c5   Thumb Code     8  _printf_char.o(.text)
    _printf_lcs_common                       0x080010cd   Thumb Code    20  _printf_wchar.o(.text)
    _printf_wchar                            0x080010e1   Thumb Code    16  _printf_wchar.o(.text)
    _printf_wstring                          0x080010f1   Thumb Code     8  _printf_wchar.o(.text)
    _c16rtomb                                0x080010f9   Thumb Code    72  _c16rtomb.o(.text)
    _wcrtomb                                 0x080010f9   Thumb Code     0  _c16rtomb.o(.text)
    __user_setup_stackheap                   0x08001141   Thumb Code    74  sys_stackheap_outer.o(.text)
    __rt_ctype_table                         0x0800118d   Thumb Code    16  rt_ctype_table.o(.text)
    __rt_locale                              0x0800119d   Thumb Code     8  rt_locale_intlibspace.o(.text)
    _printf_fp_infnan                        0x080011a5   Thumb Code   112  _printf_fp_infnan.o(.text)
    _btod_etento                             0x08001225   Thumb Code   224  bigflt0.o(.text)
    exit                                     0x08001309   Thumb Code    18  exit.o(.text)
    __user_libspace                          0x0800131d   Thumb Code     8  libspace.o(.text)
    __user_perproc_libspace                  0x0800131d   Thumb Code     0  libspace.o(.text)
    __user_perthread_libspace                0x0800131d   Thumb Code     0  libspace.o(.text)
    strcmp                                   0x08001325   Thumb Code   128  strcmpv7m.o(.text)
    _sys_exit                                0x080013a5   Thumb Code     8  sys_exit.o(.text)
    __I$use$semihosting                      0x080013b1   Thumb Code     0  use_no_semi.o(.text)
    __use_no_semihosting_swi                 0x080013b1   Thumb Code     2  use_no_semi.o(.text)
    __semihosting_library_function           0x080013b3   Thumb Code     0  indicate_semi.o(.text)
    ADC2_Cmd                                 0x080013b5   Thumb Code    62  mdr32fxqi_adc.o(.text.ADC2_Cmd)
    ADC2_ITConfig                            0x080013f5   Thumb Code    68  mdr32fxqi_adc.o(.text.ADC2_ITConfig)
    ADC2_Init                                0x08001439   Thumb Code   146  mdr32fxqi_adc.o(.text.ADC2_Init)
    ADC_DeInit                               0x080014cd   Thumb Code   124  mdr32fxqi_adc.o(.text.ADC_DeInit)
    ADC_Init                                 0x08001549   Thumb Code    88  mdr32fxqi_adc.o(.text.ADC_Init)
    ADC_StructInit                           0x080015a1   Thumb Code    38  mdr32fxqi_adc.o(.text.ADC_StructInit)
    ADC_ToTemp                               0x080015c9   Thumb Code    60  adc.o(.text.ADC_ToTemp)
    ADCx_StructInit                          0x08001605   Thumb Code    58  mdr32fxqi_adc.o(.text.ADCx_StructInit)
    BKP_DUccMode                             0x08001641   Thumb Code    44  mdr32fxqi_bkp.o(.text.BKP_DUccMode)
    ClockInit                                0x0800166d   Thumb Code   142  main.o(.text.ClockInit)
    DMA_ChannelReloadCycle                   0x080016fd   Thumb Code   104  mdr32fxqi_dma.o(.text.DMA_ChannelReloadCycle)
    DMA_Cmd                                  0x08001765   Thumb Code    62  mdr32fxqi_dma.o(.text.DMA_Cmd)
    DMA_CtrlDataInit                         0x080017a5   Thumb Code   162  mdr32fxqi_dma.o(.text.DMA_CtrlDataInit)
    DMA_DeInit                               0x08001849   Thumb Code   124  mdr32fxqi_dma.o(.text.DMA_DeInit)
    DMA_GetFlagStatus                        0x080018c5   Thumb Code   250  mdr32fxqi_dma.o(.text.DMA_GetFlagStatus)
    DMA_IRQHandler                           0x080019c1   Thumb Code    44  adc.o(.text.DMA_IRQHandler)
    DMA_Init                                 0x080019ed   Thumb Code   308  mdr32fxqi_dma.o(.text.DMA_Init)
    DMA_StructInit                           0x08001b21   Thumb Code    34  mdr32fxqi_dma.o(.text.DMA_StructInit)
    EEPROM_SetLatency                        0x08001b45   Thumb Code    24  mdr32fxqi_eeprom.o(.text.EEPROM_SetLatency)
    Get_Avg_ADC_value                        0x08001b5d   Thumb Code    76  adc.o(.text.Get_Avg_ADC_value)
    PORT_DeInit                              0x08001c5d   Thumb Code    42  mdr32fxqi_port.o(.text.PORT_DeInit)
    PORT_Init                                0x08001c89   Thumb Code   556  mdr32fxqi_port.o(.text.PORT_Init)
    PORT_StructInit                          0x08001eb5   Thumb Code    54  mdr32fxqi_port.o(.text.PORT_StructInit)
    PortInit                                 0x08001eed   Thumb Code    68  pwm.o(.text.PortInit)
    RST_CLK_CPU_PLLcmd                       0x08001f31   Thumb Code    22  mdr32fxqi_rst_clk.o(.text.RST_CLK_CPU_PLLcmd)
    RST_CLK_CPU_PLLconfig                    0x08001f49   Thumb Code   104  mdr32fxqi_rst_clk.o(.text.RST_CLK_CPU_PLLconfig)
    RST_CLK_CPU_PLLstatus                    0x08001fb1   Thumb Code   100  mdr32fxqi_rst_clk.o(.text.RST_CLK_CPU_PLLstatus)
    RST_CLK_CPU_PLLuse                       0x08002015   Thumb Code    24  mdr32fxqi_rst_clk.o(.text.RST_CLK_CPU_PLLuse)
    RST_CLK_CPUclkPrescaler                  0x0800202d   Thumb Code    44  mdr32fxqi_rst_clk.o(.text.RST_CLK_CPUclkPrescaler)
    RST_CLK_CPUclkSelection                  0x08002059   Thumb Code    42  mdr32fxqi_rst_clk.o(.text.RST_CLK_CPUclkSelection)
    RST_CLK_DeInit                           0x08002085   Thumb Code   216  mdr32fxqi_rst_clk.o(.text.RST_CLK_DeInit)
    RST_CLK_GetFlagStatus                    0x0800215d   Thumb Code    88  mdr32fxqi_rst_clk.o(.text.RST_CLK_GetFlagStatus)
    RST_CLK_HSEconfig                        0x080021b5   Thumb Code    80  mdr32fxqi_rst_clk.o(.text.RST_CLK_HSEconfig)
    RST_CLK_HSEstatus                        0x08002205   Thumb Code   100  mdr32fxqi_rst_clk.o(.text.RST_CLK_HSEstatus)
    RST_CLK_HSIcmd                           0x08002269   Thumb Code    24  mdr32fxqi_rst_clk.o(.text.RST_CLK_HSIcmd)
    RST_CLK_HSIstatus                        0x08002281   Thumb Code   100  mdr32fxqi_rst_clk.o(.text.RST_CLK_HSIstatus)
    RST_CLK_PCLKcmd                          0x080022e5   Thumb Code    52  mdr32fxqi_rst_clk.o(.text.RST_CLK_PCLKcmd)
    RST_CLK_WarmDeInit                       0x08002319   Thumb Code   102  mdr32fxqi_rst_clk.o(.text.RST_CLK_WarmDeInit)
    Setup_USB                                0x08002381   Thumb Code    76  usb.o(.text.Setup_USB)
    SystemCoreClockUpdate                    0x080023cd   Thumb Code   238  system_mdr32f9q2i.o(.text.SystemCoreClockUpdate)
    SystemInit                               0x080024bd   Thumb Code   118  system_mdr32f9q2i.o(.text.SystemInit)
    TIMER_BRGInit                            0x08002535   Thumb Code   168  mdr32fxqi_timer.o(.text.TIMER_BRGInit)
    TIMER_ChnInit                            0x080025dd   Thumb Code   136  mdr32fxqi_timer.o(.text.TIMER_ChnInit)
    TIMER_ChnOutInit                         0x08002665   Thumb Code    92  mdr32fxqi_timer.o(.text.TIMER_ChnOutInit)
    TIMER_ChnOutStructInit                   0x080026c1   Thumb Code    50  mdr32fxqi_timer.o(.text.TIMER_ChnOutStructInit)
    TIMER_ChnStructInit                      0x080026f5   Thumb Code    64  mdr32fxqi_timer.o(.text.TIMER_ChnStructInit)
    TIMER_Cmd                                0x08002735   Thumb Code    52  mdr32fxqi_timer.o(.text.TIMER_Cmd)
    TIMER_CntInit                            0x08002769   Thumb Code    88  mdr32fxqi_timer.o(.text.TIMER_CntInit)
    TIMER_DeInit                             0x080027c1   Thumb Code   138  mdr32fxqi_timer.o(.text.TIMER_DeInit)
    TIMER_SetChnCompare                      0x0800284d   Thumb Code    38  mdr32fxqi_timer.o(.text.TIMER_SetChnCompare)
    TimerInit                                0x08002875   Thumb Code   192  pwm.o(.text.TimerInit)
    USB_BRGInit                              0x08002935   Thumb Code   104  mdr32fxqi_usb.o(.text.USB_BRGInit)
    USB_CDC_ClassRequest                     0x0800299d   Thumb Code   280  mdr32fxqi_usb_cdc.o(.text.USB_CDC_ClassRequest)
    USB_CDC_GetDescriptor                    0x08002b19   Thumb Code   166  mdr32fxqi_usb_cdc.o(.text.USB_CDC_GetDescriptor)
    USB_CDC_GetLineCoding                    0x08002bc1   Thumb Code    58  usb.o(.text.USB_CDC_GetLineCoding)
    USB_CDC_Init                             0x08002bfd   Thumb Code    50  mdr32fxqi_usb_cdc.o(.text.USB_CDC_Init)
    USB_CDC_RecieveData                      0x08002cbd   Thumb Code    26  usb.o(.text.USB_CDC_RecieveData)
    USB_CDC_Reset                            0x08002cd9   Thumb Code   112  mdr32fxqi_usb_cdc.o(.text.USB_CDC_Reset)
    USB_CDC_SendData                         0x08002d49   Thumb Code    76  mdr32fxqi_usb_cdc.o(.text.USB_CDC_SendData)
    USB_CDC_SetLineCoding                    0x08002d95   Thumb Code    58  usb.o(.text.USB_CDC_SetLineCoding)
    USB_CDC_SetReceiveBuffer                 0x08002dd1   Thumb Code    28  mdr32fxqi_usb_cdc.o(.text.USB_CDC_SetReceiveBuffer)
    USB_DeviceClearFeature                   0x08002ded   Thumb Code    64  mdr32fxqi_usb_device.o(.text.USB_DeviceClearFeature)
    USB_DeviceDispatchEvent                  0x08002e2d   Thumb Code   160  mdr32fxqi_usb_device.o(.text.USB_DeviceDispatchEvent)
    USB_DeviceDoStatusOutAck                 0x08002ecd   Thumb Code    30  mdr32fxqi_usb_device.o(.text.USB_DeviceDoStatusOutAck)
    USB_DeviceInit                           0x08002eed   Thumb Code   102  mdr32fxqi_usb_device.o(.text.USB_DeviceInit)
    USB_DevicePowerOn                        0x08002f55   Thumb Code    24  mdr32fxqi_usb_device.o(.text.USB_DevicePowerOn)
    USB_DeviceReset                          0x08002f6d   Thumb Code    16  mdr32fxqi_usb_device.o(.text.USB_DeviceReset)
    USB_DeviceSetFeature                     0x08002f7d   Thumb Code    66  mdr32fxqi_usb_device.o(.text.USB_DeviceSetFeature)
    USB_DeviceSetupPacket                    0x08002fc1   Thumb Code  1058  mdr32fxqi_usb_device.o(.text.USB_DeviceSetupPacket)
    USB_EP_Idle                              0x08003415   Thumb Code    98  mdr32fxqi_usb_device.o(.text.USB_EP_Idle)
    USB_EP_Init                              0x08003479   Thumb Code   102  mdr32fxqi_usb_device.o(.text.USB_EP_Init)
    USB_EP_Stall                             0x08003519   Thumb Code   126  mdr32fxqi_usb_device.o(.text.USB_EP_Stall)
    USB_EP_dispatchEvent                     0x08003599   Thumb Code   970  mdr32fxqi_usb_device.o(.text.USB_EP_dispatchEvent)
    USB_EP_doDataIn                          0x08003965   Thumb Code   106  mdr32fxqi_usb_device.o(.text.USB_EP_doDataIn)
    USB_EP_doDataOut                         0x080039d1   Thumb Code    84  mdr32fxqi_usb_device.o(.text.USB_EP_doDataOut)
    USB_EP_setSetupHandler                   0x08003ae5   Thumb Code    86  mdr32fxqi_usb_device.o(.text.USB_EP_setSetupHandler)
    USB_GetSEPxCTRL                          0x08003b3d   Thumb Code    26  mdr32fxqi_usb.o(.text.USB_GetSEPxCTRL)
    USB_GetSEPxRXFD                          0x08003b59   Thumb Code    26  mdr32fxqi_usb.o(.text.USB_GetSEPxRXFD)
    USB_GetSEPxRXFDC                         0x08003b75   Thumb Code    26  mdr32fxqi_usb.o(.text.USB_GetSEPxRXFDC)
    USB_GetSEPxSTS                           0x08003b91   Thumb Code    26  mdr32fxqi_usb.o(.text.USB_GetSEPxSTS)
    USB_GetSEPxTS                            0x08003bad   Thumb Code    26  mdr32fxqi_usb.o(.text.USB_GetSEPxTS)
    USB_GetSIS                               0x08003bc9   Thumb Code    12  mdr32fxqi_usb.o(.text.USB_GetSIS)
    USB_IRQHandler                           0x08003bd5   Thumb Code     8  mdr32fxqi_usb_device.o(.text.USB_IRQHandler)
    USB_Reset                                0x08003bdd   Thumb Code    48  mdr32fxqi_usb.o(.text.USB_Reset)
    USB_SEPxToggleEPDATASEQ                  0x08003c0d   Thumb Code    46  mdr32fxqi_usb.o(.text.USB_SEPxToggleEPDATASEQ)
    USB_SendTemp                             0x08003c3d   Thumb Code    52  usb.o(.text.USB_SendTemp)
    USB_SetHSCR                              0x08003c71   Thumb Code    48  mdr32fxqi_usb.o(.text.USB_SetHSCR)
    USB_SetSA                                0x08003ca1   Thumb Code    20  mdr32fxqi_usb.o(.text.USB_SetSA)
    USB_SetSC                                0x08003cb5   Thumb Code    48  mdr32fxqi_usb.o(.text.USB_SetSC)
    USB_SetSEPxCTRL                          0x08003ce5   Thumb Code    64  mdr32fxqi_usb.o(.text.USB_SetSEPxCTRL)
    USB_SetSEPxRXFC                          0x08003d25   Thumb Code    30  mdr32fxqi_usb.o(.text.USB_SetSEPxRXFC)
    USB_SetSEPxTXFD                          0x08003d45   Thumb Code    30  mdr32fxqi_usb.o(.text.USB_SetSEPxTXFD)
    USB_SetSEPxTXFDC                         0x08003d65   Thumb Code    30  mdr32fxqi_usb.o(.text.USB_SetSEPxTXFDC)
    USB_SetSIM                               0x08003d85   Thumb Code    48  mdr32fxqi_usb.o(.text.USB_SetSIM)
    USB_SetSIS                               0x08003db5   Thumb Code    20  mdr32fxqi_usb.o(.text.USB_SetSIS)
    VCom_Configuration                       0x08003dc9   Thumb Code    26  usb.o(.text.VCom_Configuration)
    adcInit                                  0x08003de5   Thumb Code   136  adc.o(.text.adcInit)
    dmaInit                                  0x08003e6d   Thumb Code   200  adc.o(.text.dmaInit)
    main                                     0x08003f35   Thumb Code   128  main.o(.text.main)
    _btod_d2e                                0x08003fb5   Thumb Code    62  btod.o(CL$$btod_d2e)
    _d2e_denorm_low                          0x08003ff3   Thumb Code    70  btod.o(CL$$btod_d2e_denorm_low)
    _d2e_norm_op1                            0x08004039   Thumb Code    96  btod.o(CL$$btod_d2e_norm_op1)
    __btod_div_common                        0x08004099   Thumb Code   696  btod.o(CL$$btod_div_common)
    _e2e                                     0x080043d1   Thumb Code   220  btod.o(CL$$btod_e2e)
    _btod_ediv                               0x080044ad   Thumb Code    42  btod.o(CL$$btod_ediv)
    _btod_emul                               0x080044d7   Thumb Code    42  btod.o(CL$$btod_emul)
    __btod_mult_common                       0x08004501   Thumb Code   580  btod.o(CL$$btod_mult_common)
    __ARM_fpclassify                         0x08004745   Thumb Code    40  fpclassify.o(i.__ARM_fpclassify)
    _is_digit                                0x0800476d   Thumb Code    14  __printf_wp.o(i._is_digit)
    _get_lc_numeric                          0x0800477d   Thumb Code    44  lc_numeric_c.o(locale$$code)
    _get_lc_ctype                            0x080047a9   Thumb Code    44  lc_ctype_c.o(locale$$code)
    _printf_fp_dec                           0x080047d5   Thumb Code     4  printf1.o(x$fpl$printf1)
    _printf_fp_hex                           0x080047d9   Thumb Code     4  printf2.o(x$fpl$printf2)
    __I$use$fp                               0x080047dc   Number         0  usenofp.o(x$fpl$usenofp)
    Region$$Table$$Base                      0x080048e8   Number         0  anon$$obj.o(Region$$Table)
    Region$$Table$$Limit                     0x08004908   Number         0  anon$$obj.o(Region$$Table)
    __ctype                                  0x08004931   Data           0  lc_ctype_c.o(locale$$data)
    CCR1_Val                                 0x20000000   Data           2  pwm.o(.data.CCR1_Val)
    SystemCoreClock                          0x20000004   Data           4  system_mdr32f9q2i.o(.data.SystemCoreClock)
    __libspace_start                         0x20000400   Data          96  libspace.o(.bss)
    ADCConvertedValue                        0x20000460   Data          20  adc.o(.bss.ADCConvertedValue)
    __temporary_stack_top$libspace           0x20000460   Data           0  libspace.o(.bss)
    DMA_AltCtrlStr                           0x200004e0   Data          36  adc.o(.bss.DMA_AltCtrlStr)
    DMA_ControlTable                         0x20000800   Data        1024  mdr32fxqi_dma.o(.bss.DMA_ControlTable)
    DMA_InitStr                              0x20000c00   Data          16  adc.o(.bss.DMA_InitStr)
    DMA_PriCtrlStr                           0x20000c10   Data          36  adc.o(.bss.DMA_PriCtrlStr)
    PORT_InitStructure                       0x20000c3c   Data          12  pwm.o(.bss.PORT_InitStructure)
    USB_Clock_InitStruct                     0x20000c58   Data           2  usb.o(.bss.USB_Clock_InitStruct)
    USB_CurrentSetupPacket                   0x20000c5a   Data           8  mdr32fxqi_usb_device.o(.bss.USB_CurrentSetupPacket)
    USB_DeviceBUSParam                       0x20000c64   Data          12  usb.o(.bss.USB_DeviceBUSParam)
    USB_DeviceContext                        0x20000c70   Data          12  mdr32fxqi_usb_device.o(.bss.USB_DeviceContext)
    USB_EPContext                            0x20000c80   Data         176  mdr32fxqi_usb_device.o(.bss.USB_EPContext)
    sADC                                     0x20000d70   Data          28  adc.o(.bss.sADC)
    sADCx                                    0x20000d8c   Data          28  adc.o(.bss.sADCx)
    sTIM_ChnInit                             0x20000da8   Data          26  pwm.o(.bss.sTIM_ChnInit)
    sTIM_ChnOutInit                          0x20000dc2   Data          20  pwm.o(.bss.sTIM_ChnOutInit)
    sTIM_CntInit                             0x20000dd6   Data          24  pwm.o(.bss.sTIM_CntInit)
    usb_timer                                0x20000df0   Data           4  main.o(.bss.usb_timer)



==============================================================================

Memory Map of the image

  Image Entry point : 0x08000235

  Load Region LR_1 (Base: 0x08000000, Size: 0x00004a94, Max: 0xffffffff, ABSOLUTE)

    Execution Region ER_RO (Exec base: 0x08000000, Load base: 0x08000000, Size: 0x00004a34, Max: 0xffffffff, ABSOLUTE)

    Exec Addr    Load Addr    Size         Type   Attr      Idx    E Section Name        Object

    0x08000000   0x08000000   0x000000c0   Data   RO           84    RESET               startup_mdr32f9q2i.o
    0x080000c0   0x080000c0   0x00000008   Code   RO          868  * !!!main             c_w.l(__main.o)
    0x080000c8   0x080000c8   0x0000005c   Code   RO         1205    !!!scatter          c_w.l(__scatter.o)
    0x08000124   0x08000124   0x0000001a   Code   RO         1209    !!handler_copy      c_w.l(__scatter_copy.o)
    0x0800013e   0x0800013e   0x00000002   PAD
    0x08000140   0x08000140   0x00000002   Code   RO         1206    !!handler_null      c_w.l(__scatter.o)
    0x08000142   0x08000142   0x00000002   PAD
    0x08000144   0x08000144   0x0000001c   Code   RO         1211    !!handler_zi        c_w.l(__scatter_zi.o)
    0x08000160   0x08000160   0x00000000   Code   RO          952    .ARM.Collect$$_printf_percent$$00000000  c_w.l(_printf_percent.o)
    0x08000160   0x08000160   0x00000006   Code   RO          941    .ARM.Collect$$_printf_percent$$00000001  c_w.l(_printf_n.o)
    0x08000166   0x08000166   0x00000006   Code   RO          943    .ARM.Collect$$_printf_percent$$00000002  c_w.l(_printf_p.o)
    0x0800016c   0x0800016c   0x00000006   Code   RO          948    .ARM.Collect$$_printf_percent$$00000003  c_w.l(_printf_f.o)
    0x08000172   0x08000172   0x00000006   Code   RO          949    .ARM.Collect$$_printf_percent$$00000004  c_w.l(_printf_e.o)
    0x08000178   0x08000178   0x00000006   Code   RO          950    .ARM.Collect$$_printf_percent$$00000005  c_w.l(_printf_g.o)
    0x0800017e   0x0800017e   0x00000006   Code   RO          951    .ARM.Collect$$_printf_percent$$00000006  c_w.l(_printf_a.o)
    0x08000184   0x08000184   0x0000000a   Code   RO          956    .ARM.Collect$$_printf_percent$$00000007  c_w.l(_printf_ll.o)
    0x0800018e   0x0800018e   0x00000006   Code   RO          945    .ARM.Collect$$_printf_percent$$00000008  c_w.l(_printf_i.o)
    0x08000194   0x08000194   0x00000006   Code   RO          946    .ARM.Collect$$_printf_percent$$00000009  c_w.l(_printf_d.o)
    0x0800019a   0x0800019a   0x00000006   Code   RO          947    .ARM.Collect$$_printf_percent$$0000000A  c_w.l(_printf_u.o)
    0x080001a0   0x080001a0   0x00000006   Code   RO          944    .ARM.Collect$$_printf_percent$$0000000B  c_w.l(_printf_o.o)
    0x080001a6   0x080001a6   0x00000006   Code   RO          942    .ARM.Collect$$_printf_percent$$0000000C  c_w.l(_printf_x.o)
    0x080001ac   0x080001ac   0x00000006   Code   RO          953    .ARM.Collect$$_printf_percent$$0000000D  c_w.l(_printf_lli.o)
    0x080001b2   0x080001b2   0x00000006   Code   RO          954    .ARM.Collect$$_printf_percent$$0000000E  c_w.l(_printf_lld.o)
    0x080001b8   0x080001b8   0x00000006   Code   RO          955    .ARM.Collect$$_printf_percent$$0000000F  c_w.l(_printf_llu.o)
    0x080001be   0x080001be   0x00000006   Code   RO          960    .ARM.Collect$$_printf_percent$$00000010  c_w.l(_printf_llo.o)
    0x080001c4   0x080001c4   0x00000006   Code   RO          961    .ARM.Collect$$_printf_percent$$00000011  c_w.l(_printf_llx.o)
    0x080001ca   0x080001ca   0x0000000a   Code   RO          957    .ARM.Collect$$_printf_percent$$00000012  c_w.l(_printf_l.o)
    0x080001d4   0x080001d4   0x00000006   Code   RO          939    .ARM.Collect$$_printf_percent$$00000013  c_w.l(_printf_c.o)
    0x080001da   0x080001da   0x00000006   Code   RO          940    .ARM.Collect$$_printf_percent$$00000014  c_w.l(_printf_s.o)
    0x080001e0   0x080001e0   0x00000006   Code   RO          958    .ARM.Collect$$_printf_percent$$00000015  c_w.l(_printf_lc.o)
    0x080001e6   0x080001e6   0x00000006   Code   RO          959    .ARM.Collect$$_printf_percent$$00000016  c_w.l(_printf_ls.o)
    0x080001ec   0x080001ec   0x00000004   Code   RO         1002    .ARM.Collect$$_printf_percent$$00000017  c_w.l(_printf_percent_end.o)
    0x080001f0   0x080001f0   0x00000002   Code   RO         1053    .ARM.Collect$$libinit$$00000000  c_w.l(libinit.o)
    0x080001f2   0x080001f2   0x00000000   Code   RO         1072    .ARM.Collect$$libinit$$00000002  c_w.l(libinit2.o)
    0x080001f2   0x080001f2   0x00000000   Code   RO         1074    .ARM.Collect$$libinit$$00000004  c_w.l(libinit2.o)
    0x080001f2   0x080001f2   0x00000000   Code   RO         1076    .ARM.Collect$$libinit$$00000006  c_w.l(libinit2.o)
    0x080001f2   0x080001f2   0x00000000   Code   RO         1079    .ARM.Collect$$libinit$$0000000C  c_w.l(libinit2.o)
    0x080001f2   0x080001f2   0x00000000   Code   RO         1081    .ARM.Collect$$libinit$$0000000E  c_w.l(libinit2.o)
    0x080001f2   0x080001f2   0x00000000   Code   RO         1083    .ARM.Collect$$libinit$$00000010  c_w.l(libinit2.o)
    0x080001f2   0x080001f2   0x00000006   Code   RO         1084    .ARM.Collect$$libinit$$00000011  c_w.l(libinit2.o)
    0x080001f8   0x080001f8   0x00000000   Code   RO         1086    .ARM.Collect$$libinit$$00000013  c_w.l(libinit2.o)
    0x080001f8   0x080001f8   0x0000000c   Code   RO         1087    .ARM.Collect$$libinit$$00000014  c_w.l(libinit2.o)
    0x08000204   0x08000204   0x00000000   Code   RO         1088    .ARM.Collect$$libinit$$00000015  c_w.l(libinit2.o)
    0x08000204   0x08000204   0x00000000   Code   RO         1090    .ARM.Collect$$libinit$$00000017  c_w.l(libinit2.o)
    0x08000204   0x08000204   0x0000000a   Code   RO         1091    .ARM.Collect$$libinit$$00000018  c_w.l(libinit2.o)
    0x0800020e   0x0800020e   0x00000000   Code   RO         1092    .ARM.Collect$$libinit$$00000019  c_w.l(libinit2.o)
    0x0800020e   0x0800020e   0x00000000   Code   RO         1094    .ARM.Collect$$libinit$$0000001B  c_w.l(libinit2.o)
    0x0800020e   0x0800020e   0x00000000   Code   RO         1096    .ARM.Collect$$libinit$$0000001D  c_w.l(libinit2.o)
    0x0800020e   0x0800020e   0x00000000   Code   RO         1098    .ARM.Collect$$libinit$$0000001F  c_w.l(libinit2.o)
    0x0800020e   0x0800020e   0x00000000   Code   RO         1100    .ARM.Collect$$libinit$$00000021  c_w.l(libinit2.o)
    0x0800020e   0x0800020e   0x00000000   Code   RO         1102    .ARM.Collect$$libinit$$00000023  c_w.l(libinit2.o)
    0x0800020e   0x0800020e   0x00000000   Code   RO         1104    .ARM.Collect$$libinit$$00000025  c_w.l(libinit2.o)
    0x0800020e   0x0800020e   0x00000000   Code   RO         1106    .ARM.Collect$$libinit$$00000027  c_w.l(libinit2.o)
    0x0800020e   0x0800020e   0x00000000   Code   RO         1110    .ARM.Collect$$libinit$$0000002E  c_w.l(libinit2.o)
    0x0800020e   0x0800020e   0x00000000   Code   RO         1112    .ARM.Collect$$libinit$$00000030  c_w.l(libinit2.o)
    0x0800020e   0x0800020e   0x00000000   Code   RO         1114    .ARM.Collect$$libinit$$00000032  c_w.l(libinit2.o)
    0x0800020e   0x0800020e   0x00000000   Code   RO         1116    .ARM.Collect$$libinit$$00000034  c_w.l(libinit2.o)
    0x0800020e   0x0800020e   0x00000002   Code   RO         1117    .ARM.Collect$$libinit$$00000035  c_w.l(libinit2.o)
    0x08000210   0x08000210   0x00000002   Code   RO         1141    .ARM.Collect$$libshutdown$$00000000  c_w.l(libshutdown.o)
    0x08000212   0x08000212   0x00000000   Code   RO         1156    .ARM.Collect$$libshutdown$$00000002  c_w.l(libshutdown2.o)
    0x08000212   0x08000212   0x00000000   Code   RO         1158    .ARM.Collect$$libshutdown$$00000004  c_w.l(libshutdown2.o)
    0x08000212   0x08000212   0x00000000   Code   RO         1161    .ARM.Collect$$libshutdown$$00000007  c_w.l(libshutdown2.o)
    0x08000212   0x08000212   0x00000000   Code   RO         1164    .ARM.Collect$$libshutdown$$0000000A  c_w.l(libshutdown2.o)
    0x08000212   0x08000212   0x00000000   Code   RO         1166    .ARM.Collect$$libshutdown$$0000000C  c_w.l(libshutdown2.o)
    0x08000212   0x08000212   0x00000000   Code   RO         1169    .ARM.Collect$$libshutdown$$0000000F  c_w.l(libshutdown2.o)
    0x08000212   0x08000212   0x00000002   Code   RO         1170    .ARM.Collect$$libshutdown$$00000010  c_w.l(libshutdown2.o)
    0x08000214   0x08000214   0x00000000   Code   RO          870    .ARM.Collect$$rtentry$$00000000  c_w.l(__rtentry.o)
    0x08000214   0x08000214   0x00000000   Code   RO          971    .ARM.Collect$$rtentry$$00000002  c_w.l(__rtentry2.o)
    0x08000214   0x08000214   0x00000006   Code   RO          983    .ARM.Collect$$rtentry$$00000004  c_w.l(__rtentry4.o)
    0x0800021a   0x0800021a   0x00000000   Code   RO          973    .ARM.Collect$$rtentry$$00000009  c_w.l(__rtentry2.o)
    0x0800021a   0x0800021a   0x00000004   Code   RO          974    .ARM.Collect$$rtentry$$0000000A  c_w.l(__rtentry2.o)
    0x0800021e   0x0800021e   0x00000000   Code   RO          976    .ARM.Collect$$rtentry$$0000000C  c_w.l(__rtentry2.o)
    0x0800021e   0x0800021e   0x00000008   Code   RO          977    .ARM.Collect$$rtentry$$0000000D  c_w.l(__rtentry2.o)
    0x08000226   0x08000226   0x00000002   Code   RO         1062    .ARM.Collect$$rtexit$$00000000  c_w.l(rtexit.o)
    0x08000228   0x08000228   0x00000000   Code   RO         1119    .ARM.Collect$$rtexit$$00000002  c_w.l(rtexit2.o)
    0x08000228   0x08000228   0x00000004   Code   RO         1120    .ARM.Collect$$rtexit$$00000003  c_w.l(rtexit2.o)
    0x0800022c   0x0800022c   0x00000006   Code   RO         1121    .ARM.Collect$$rtexit$$00000004  c_w.l(rtexit2.o)
    0x08000232   0x08000232   0x00000002   PAD
    0x08000234   0x08000234   0x00000068   Code   RO           85  * .text               startup_mdr32f9q2i.o
    0x0800029c   0x0800029c   0x00000040   Code   RO          864    .text               c_w.l(snprintf.o)
    0x080002dc   0x080002dc   0x00000006   Code   RO          866    .text               c_w.l(heapauxi.o)
    0x080002e2   0x080002e2   0x0000004e   Code   RO          873    .text               c_w.l(_printf_pad.o)
    0x08000330   0x08000330   0x00000024   Code   RO          875    .text               c_w.l(_printf_truncate.o)
    0x08000354   0x08000354   0x00000052   Code   RO          877    .text               c_w.l(_printf_str.o)
    0x080003a6   0x080003a6   0x00000002   PAD
    0x080003a8   0x080003a8   0x00000078   Code   RO          879    .text               c_w.l(_printf_dec.o)
    0x08000420   0x08000420   0x00000028   Code   RO          881    .text               c_w.l(_printf_charcount.o)
    0x08000448   0x08000448   0x00000030   Code   RO          883    .text               c_w.l(_printf_char_common.o)
    0x08000478   0x08000478   0x00000010   Code   RO          885    .text               c_w.l(_snputc.o)
    0x08000488   0x08000488   0x000000bc   Code   RO          887    .text               c_w.l(_printf_wctomb.o)
    0x08000544   0x08000544   0x0000007c   Code   RO          890    .text               c_w.l(_printf_longlong_dec.o)
    0x080005c0   0x080005c0   0x00000070   Code   RO          896    .text               c_w.l(_printf_oct_int_ll.o)
    0x08000630   0x08000630   0x00000094   Code   RO          916    .text               c_w.l(_printf_hex_int_ll_ptr.o)
    0x080006c4   0x080006c4   0x00000188   Code   RO          936    .text               c_w.l(__printf_flags_ss_wp.o)
    0x0800084c   0x0800084c   0x0000008a   Code   RO          985    .text               c_w.l(lludiv10.o)
    0x080008d6   0x080008d6   0x000000b2   Code   RO          987    .text               c_w.l(_printf_intcommon.o)
    0x08000988   0x08000988   0x0000041c   Code   RO          989    .text               c_w.l(_printf_fp_dec.o)
    0x08000da4   0x08000da4   0x000002fc   Code   RO          993    .text               c_w.l(_printf_fp_hex.o)
    0x080010a0   0x080010a0   0x0000002c   Code   RO          998    .text               c_w.l(_printf_char.o)
    0x080010cc   0x080010cc   0x0000002c   Code   RO         1000    .text               c_w.l(_printf_wchar.o)
    0x080010f8   0x080010f8   0x00000048   Code   RO         1003    .text               c_w.l(_c16rtomb.o)
    0x08001140   0x08001140   0x0000004a   Code   RO         1005    .text               c_w.l(sys_stackheap_outer.o)
    0x0800118a   0x0800118a   0x00000002   PAD
    0x0800118c   0x0800118c   0x00000010   Code   RO         1007    .text               c_w.l(rt_ctype_table.o)
    0x0800119c   0x0800119c   0x00000008   Code   RO         1012    .text               c_w.l(rt_locale_intlibspace.o)
    0x080011a4   0x080011a4   0x00000080   Code   RO         1014    .text               c_w.l(_printf_fp_infnan.o)
    0x08001224   0x08001224   0x000000e4   Code   RO         1016    .text               c_w.l(bigflt0.o)
    0x08001308   0x08001308   0x00000012   Code   RO         1046    .text               c_w.l(exit.o)
    0x0800131a   0x0800131a   0x00000002   PAD
    0x0800131c   0x0800131c   0x00000008   Code   RO         1059    .text               c_w.l(libspace.o)
    0x08001324   0x08001324   0x00000080   Code   RO         1069    .text               c_w.l(strcmpv7m.o)
    0x080013a4   0x080013a4   0x0000000c   Code   RO         1131    .text               c_w.l(sys_exit.o)
    0x080013b0   0x080013b0   0x00000002   Code   RO         1146    .text               c_w.l(use_no_semi.o)
    0x080013b2   0x080013b2   0x00000000   Code   RO         1148    .text               c_w.l(indicate_semi.o)
    0x080013b2   0x080013b2   0x00000002   PAD
    0x080013b4   0x080013b4   0x0000003e   Code   RO          120    .text.ADC2_Cmd      mdr32fxqi_adc.o
    0x080013f2   0x080013f2   0x00000002   PAD
    0x080013f4   0x080013f4   0x00000044   Code   RO          186    .text.ADC2_ITConfig  mdr32fxqi_adc.o
    0x08001438   0x08001438   0x00000092   Code   RO          114    .text.ADC2_Init     mdr32fxqi_adc.o
    0x080014ca   0x080014ca   0x00000002   PAD
    0x080014cc   0x080014cc   0x0000007c   Code   RO          104    .text.ADC_DeInit    mdr32fxqi_adc.o
    0x08001548   0x08001548   0x00000058   Code   RO          106    .text.ADC_Init      mdr32fxqi_adc.o
    0x080015a0   0x080015a0   0x00000026   Code   RO          108    .text.ADC_StructInit  mdr32fxqi_adc.o
    0x080015c6   0x080015c6   0x00000002   PAD
    0x080015c8   0x080015c8   0x0000003c   Code   RO           12    .text.ADC_ToTemp    adc.o
    0x08001604   0x08001604   0x0000003a   Code   RO          116    .text.ADCx_StructInit  mdr32fxqi_adc.o
    0x0800163e   0x0800163e   0x00000002   PAD
    0x08001640   0x08001640   0x0000002c   Code   RO          237    .text.BKP_DUccMode  mdr32fxqi_bkp.o
    0x0800166c   0x0800166c   0x0000008e   Code   RO           27    .text.ClockInit     main.o
    0x080016fa   0x080016fa   0x00000002   PAD
    0x080016fc   0x080016fc   0x00000068   Code   RO          297    .text.DMA_ChannelReloadCycle  mdr32fxqi_dma.o
    0x08001764   0x08001764   0x0000003e   Code   RO          291    .text.DMA_Cmd       mdr32fxqi_dma.o
    0x080017a2   0x080017a2   0x00000002   PAD
    0x080017a4   0x080017a4   0x000000a2   Code   RO          277    .text.DMA_CtrlDataInit  mdr32fxqi_dma.o
    0x08001846   0x08001846   0x00000002   PAD
    0x08001848   0x08001848   0x0000007c   Code   RO          273    .text.DMA_DeInit    mdr32fxqi_dma.o
    0x080018c4   0x080018c4   0x000000fa   Code   RO          301    .text.DMA_GetFlagStatus  mdr32fxqi_dma.o
    0x080019be   0x080019be   0x00000002   PAD
    0x080019c0   0x080019c0   0x0000002c   Code   RO            2    .text.DMA_IRQHandler  adc.o
    0x080019ec   0x080019ec   0x00000134   Code   RO          285    .text.DMA_Init      mdr32fxqi_dma.o
    0x08001b20   0x08001b20   0x00000022   Code   RO          287    .text.DMA_StructInit  mdr32fxqi_dma.o
    0x08001b42   0x08001b42   0x00000002   PAD
    0x08001b44   0x08001b44   0x00000018   Code   RO          311    .text.EEPROM_SetLatency  mdr32fxqi_eeprom.o
    0x08001b5c   0x08001b5c   0x0000004c   Code   RO           10    .text.Get_Avg_ADC_value  adc.o
    0x08001ba8   0x08001ba8   0x00000024   Code   RO          275    .text.NVIC_ClearPendingIRQ  mdr32fxqi_dma.o
    0x08001bcc   0x08001bcc   0x00000024   Code   RO          821    .text.NVIC_DisableIRQ  mdr32fxqi_usb_device.o
    0x08001bf0   0x08001bf0   0x00000024   Code   RO            8    .text.NVIC_EnableIRQ  adc.o
    0x08001c14   0x08001c14   0x00000024   Code   RO           59    .text.NVIC_EnableIRQ  usb.o
    0x08001c38   0x08001c38   0x00000024   Code   RO          823    .text.NVIC_EnableIRQ  mdr32fxqi_usb_device.o
    0x08001c5c   0x08001c5c   0x0000002a   Code   RO          324    .text.PORT_DeInit   mdr32fxqi_port.o
    0x08001c86   0x08001c86   0x00000002   PAD
    0x08001c88   0x08001c88   0x0000022c   Code   RO          326    .text.PORT_Init     mdr32fxqi_port.o
    0x08001eb4   0x08001eb4   0x00000036   Code   RO          328    .text.PORT_StructInit  mdr32fxqi_port.o
    0x08001eea   0x08001eea   0x00000002   PAD
    0x08001eec   0x08001eec   0x00000044   Code   RO           41    .text.PortInit      pwm.o
    0x08001f30   0x08001f30   0x00000016   Code   RO          402    .text.RST_CLK_CPU_PLLcmd  mdr32fxqi_rst_clk.o
    0x08001f46   0x08001f46   0x00000002   PAD
    0x08001f48   0x08001f48   0x00000068   Code   RO          398    .text.RST_CLK_CPU_PLLconfig  mdr32fxqi_rst_clk.o
    0x08001fb0   0x08001fb0   0x00000064   Code   RO          404    .text.RST_CLK_CPU_PLLstatus  mdr32fxqi_rst_clk.o
    0x08002014   0x08002014   0x00000018   Code   RO          400    .text.RST_CLK_CPU_PLLuse  mdr32fxqi_rst_clk.o
    0x0800202c   0x0800202c   0x0000002c   Code   RO          406    .text.RST_CLK_CPUclkPrescaler  mdr32fxqi_rst_clk.o
    0x08002058   0x08002058   0x0000002a   Code   RO          408    .text.RST_CLK_CPUclkSelection  mdr32fxqi_rst_clk.o
    0x08002082   0x08002082   0x00000002   PAD
    0x08002084   0x08002084   0x000000d8   Code   RO          372    .text.RST_CLK_DeInit  mdr32fxqi_rst_clk.o
    0x0800215c   0x0800215c   0x00000058   Code   RO          384    .text.RST_CLK_GetFlagStatus  mdr32fxqi_rst_clk.o
    0x080021b4   0x080021b4   0x00000050   Code   RO          380    .text.RST_CLK_HSEconfig  mdr32fxqi_rst_clk.o
    0x08002204   0x08002204   0x00000064   Code   RO          382    .text.RST_CLK_HSEstatus  mdr32fxqi_rst_clk.o
    0x08002268   0x08002268   0x00000018   Code   RO          376    .text.RST_CLK_HSIcmd  mdr32fxqi_rst_clk.o
    0x08002280   0x08002280   0x00000064   Code   RO          378    .text.RST_CLK_HSIstatus  mdr32fxqi_rst_clk.o
    0x080022e4   0x080022e4   0x00000034   Code   RO          438    .text.RST_CLK_PCLKcmd  mdr32fxqi_rst_clk.o
    0x08002318   0x08002318   0x00000066   Code   RO          374    .text.RST_CLK_WarmDeInit  mdr32fxqi_rst_clk.o
    0x0800237e   0x0800237e   0x00000002   PAD
    0x08002380   0x08002380   0x0000004c   Code   RO           57    .text.Setup_USB     usb.o
    0x080023cc   0x080023cc   0x000000ee   Code   RO           92    .text.SystemCoreClockUpdate  system_mdr32f9q2i.o
    0x080024ba   0x080024ba   0x00000002   PAD
    0x080024bc   0x080024bc   0x00000076   Code   RO           94    .text.SystemInit    system_mdr32f9q2i.o
    0x08002532   0x08002532   0x00000002   PAD
    0x08002534   0x08002534   0x000000a8   Code   RO          567    .text.TIMER_BRGInit  mdr32fxqi_timer.o
    0x080025dc   0x080025dc   0x00000088   Code   RO          493    .text.TIMER_ChnInit  mdr32fxqi_timer.o
    0x08002664   0x08002664   0x0000005c   Code   RO          533    .text.TIMER_ChnOutInit  mdr32fxqi_timer.o
    0x080026c0   0x080026c0   0x00000032   Code   RO          535    .text.TIMER_ChnOutStructInit  mdr32fxqi_timer.o
    0x080026f2   0x080026f2   0x00000002   PAD
    0x080026f4   0x080026f4   0x00000040   Code   RO          495    .text.TIMER_ChnStructInit  mdr32fxqi_timer.o
    0x08002734   0x08002734   0x00000034   Code   RO          455    .text.TIMER_Cmd     mdr32fxqi_timer.o
    0x08002768   0x08002768   0x00000058   Code   RO          451    .text.TIMER_CntInit  mdr32fxqi_timer.o
    0x080027c0   0x080027c0   0x0000008a   Code   RO          449    .text.TIMER_DeInit  mdr32fxqi_timer.o
    0x0800284a   0x0800284a   0x00000002   PAD
    0x0800284c   0x0800284c   0x00000026   Code   RO          497    .text.TIMER_SetChnCompare  mdr32fxqi_timer.o
    0x08002872   0x08002872   0x00000002   PAD
    0x08002874   0x08002874   0x000000c0   Code   RO           43    .text.TimerInit     pwm.o
    0x08002934   0x08002934   0x00000068   Code   RO          576    .text.USB_BRGInit   mdr32fxqi_usb.o
    0x0800299c   0x0800299c   0x00000118   Code   RO          752    .text.USB_CDC_ClassRequest  mdr32fxqi_usb_cdc.o
    0x08002ab4   0x08002ab4   0x00000064   Code   RO          754    .text.USB_CDC_DoDataOut  mdr32fxqi_usb_cdc.o
    0x08002b18   0x08002b18   0x000000a6   Code   RO          750    .text.USB_CDC_GetDescriptor  mdr32fxqi_usb_cdc.o
    0x08002bbe   0x08002bbe   0x00000002   PAD
    0x08002bc0   0x08002bc0   0x0000003a   Code   RO           67    .text.USB_CDC_GetLineCoding  usb.o
    0x08002bfa   0x08002bfa   0x00000002   PAD
    0x08002bfc   0x08002bfc   0x00000032   Code   RO          734    .text.USB_CDC_Init  mdr32fxqi_usb_cdc.o
    0x08002c2e   0x08002c2e   0x00000002   PAD
    0x08002c30   0x08002c30   0x0000006e   Code   RO          740    .text.USB_CDC_OnDataReceive  mdr32fxqi_usb_cdc.o
    0x08002c9e   0x08002c9e   0x00000002   PAD
    0x08002ca0   0x08002ca0   0x0000001a   Code   RO          746    .text.USB_CDC_OnDataSent  mdr32fxqi_usb_cdc.o
    0x08002cba   0x08002cba   0x00000002   PAD
    0x08002cbc   0x08002cbc   0x0000001a   Code   RO           65    .text.USB_CDC_RecieveData  usb.o
    0x08002cd6   0x08002cd6   0x00000002   PAD
    0x08002cd8   0x08002cd8   0x00000070   Code   RO          748    .text.USB_CDC_Reset  mdr32fxqi_usb_cdc.o
    0x08002d48   0x08002d48   0x0000004c   Code   RO          744    .text.USB_CDC_SendData  mdr32fxqi_usb_cdc.o
    0x08002d94   0x08002d94   0x0000003a   Code   RO           69    .text.USB_CDC_SetLineCoding  usb.o
    0x08002dce   0x08002dce   0x00000002   PAD
    0x08002dd0   0x08002dd0   0x0000001c   Code   RO          736    .text.USB_CDC_SetReceiveBuffer  mdr32fxqi_usb_cdc.o
    0x08002dec   0x08002dec   0x00000040   Code   RO          811    .text.USB_DeviceClearFeature  mdr32fxqi_usb_device.o
    0x08002e2c   0x08002e2c   0x000000a0   Code   RO          819    .text.USB_DeviceDispatchEvent  mdr32fxqi_usb_device.o
    0x08002ecc   0x08002ecc   0x0000001e   Code   RO          809    .text.USB_DeviceDoStatusOutAck  mdr32fxqi_usb_device.o
    0x08002eea   0x08002eea   0x00000002   PAD
    0x08002eec   0x08002eec   0x00000066   Code   RO          795    .text.USB_DeviceInit  mdr32fxqi_usb_device.o
    0x08002f52   0x08002f52   0x00000002   PAD
    0x08002f54   0x08002f54   0x00000018   Code   RO          799    .text.USB_DevicePowerOn  mdr32fxqi_usb_device.o
    0x08002f6c   0x08002f6c   0x00000010   Code   RO          803    .text.USB_DeviceReset  mdr32fxqi_usb_device.o
    0x08002f7c   0x08002f7c   0x00000042   Code   RO          813    .text.USB_DeviceSetFeature  mdr32fxqi_usb_device.o
    0x08002fbe   0x08002fbe   0x00000002   PAD
    0x08002fc0   0x08002fc0   0x00000422   Code   RO          797    .text.USB_DeviceSetupPacket  mdr32fxqi_usb_device.o
    0x080033e2   0x080033e2   0x00000002   PAD
    0x080033e4   0x080033e4   0x00000030   Code   RO          815    .text.USB_Device_setAddressWork  mdr32fxqi_usb_device.o
    0x08003414   0x08003414   0x00000062   Code   RO          779    .text.USB_EP_Idle   mdr32fxqi_usb_device.o
    0x08003476   0x08003476   0x00000002   PAD
    0x08003478   0x08003478   0x00000066   Code   RO          775    .text.USB_EP_Init   mdr32fxqi_usb_device.o
    0x080034de   0x080034de   0x00000002   PAD
    0x080034e0   0x080034e0   0x00000038   Code   RO          781    .text.USB_EP_SetReady  mdr32fxqi_usb_device.o
    0x08003518   0x08003518   0x0000007e   Code   RO          783    .text.USB_EP_Stall  mdr32fxqi_usb_device.o
    0x08003596   0x08003596   0x00000002   PAD
    0x08003598   0x08003598   0x000003ca   Code   RO          793    .text.USB_EP_dispatchEvent  mdr32fxqi_usb_device.o
    0x08003962   0x08003962   0x00000002   PAD
    0x08003964   0x08003964   0x0000006a   Code   RO          785    .text.USB_EP_doDataIn  mdr32fxqi_usb_device.o
    0x080039ce   0x080039ce   0x00000002   PAD
    0x080039d0   0x080039d0   0x00000054   Code   RO          789    .text.USB_EP_doDataOut  mdr32fxqi_usb_device.o
    0x08003a24   0x08003a24   0x000000c0   Code   RO          787    .text.USB_EP_sendInDataPortion  mdr32fxqi_usb_device.o
    0x08003ae4   0x08003ae4   0x00000056   Code   RO          791    .text.USB_EP_setSetupHandler  mdr32fxqi_usb_device.o
    0x08003b3a   0x08003b3a   0x00000002   PAD
    0x08003b3c   0x08003b3c   0x0000001a   Code   RO          648    .text.USB_GetSEPxCTRL  mdr32fxqi_usb.o
    0x08003b56   0x08003b56   0x00000002   PAD
    0x08003b58   0x08003b58   0x0000001a   Code   RO          678    .text.USB_GetSEPxRXFD  mdr32fxqi_usb.o
    0x08003b72   0x08003b72   0x00000002   PAD
    0x08003b74   0x08003b74   0x0000001a   Code   RO          680    .text.USB_GetSEPxRXFDC  mdr32fxqi_usb.o
    0x08003b8e   0x08003b8e   0x00000002   PAD
    0x08003b90   0x08003b90   0x0000001a   Code   RO          652    .text.USB_GetSEPxSTS  mdr32fxqi_usb.o
    0x08003baa   0x08003baa   0x00000002   PAD
    0x08003bac   0x08003bac   0x0000001a   Code   RO          654    .text.USB_GetSEPxTS  mdr32fxqi_usb.o
    0x08003bc6   0x08003bc6   0x00000002   PAD
    0x08003bc8   0x08003bc8   0x0000000c   Code   RO          664    .text.USB_GetSIS    mdr32fxqi_usb.o
    0x08003bd4   0x08003bd4   0x00000008   Code   RO          825    .text.USB_IRQHandler  mdr32fxqi_usb_device.o
    0x08003bdc   0x08003bdc   0x00000030   Code   RO          578    .text.USB_Reset     mdr32fxqi_usb.o
    0x08003c0c   0x08003c0c   0x0000002e   Code   RO          694    .text.USB_SEPxToggleEPDATASEQ  mdr32fxqi_usb.o
    0x08003c3a   0x08003c3a   0x00000002   PAD
    0x08003c3c   0x08003c3c   0x00000034   Code   RO           63    .text.USB_SendTemp  usb.o
    0x08003c70   0x08003c70   0x00000030   Code   RO          580    .text.USB_SetHSCR   mdr32fxqi_usb.o
    0x08003ca0   0x08003ca0   0x00000014   Code   RO          674    .text.USB_SetSA     mdr32fxqi_usb.o
    0x08003cb4   0x08003cb4   0x00000030   Code   RO          660    .text.USB_SetSC     mdr32fxqi_usb.o
    0x08003ce4   0x08003ce4   0x00000040   Code   RO          650    .text.USB_SetSEPxCTRL  mdr32fxqi_usb.o
    0x08003d24   0x08003d24   0x0000001e   Code   RO          684    .text.USB_SetSEPxRXFC  mdr32fxqi_usb.o
    0x08003d42   0x08003d42   0x00000002   PAD
    0x08003d44   0x08003d44   0x0000001e   Code   RO          688    .text.USB_SetSEPxTXFD  mdr32fxqi_usb.o
    0x08003d62   0x08003d62   0x00000002   PAD
    0x08003d64   0x08003d64   0x0000001e   Code   RO          692    .text.USB_SetSEPxTXFDC  mdr32fxqi_usb.o
    0x08003d82   0x08003d82   0x00000002   PAD
    0x08003d84   0x08003d84   0x00000030   Code   RO          670    .text.USB_SetSIM    mdr32fxqi_usb.o
    0x08003db4   0x08003db4   0x00000014   Code   RO          666    .text.USB_SetSIS    mdr32fxqi_usb.o
    0x08003dc8   0x08003dc8   0x0000001a   Code   RO           61    .text.VCom_Configuration  usb.o
    0x08003de2   0x08003de2   0x00000002   PAD
    0x08003de4   0x08003de4   0x00000088   Code   RO            6    .text.adcInit       adc.o
    0x08003e6c   0x08003e6c   0x000000c8   Code   RO            4    .text.dmaInit       adc.o
    0x08003f34   0x08003f34   0x00000080   Code   RO           29    .text.main          main.o
    0x08003fb4   0x08003fb4   0x0000003e   Code   RO         1019    CL$$btod_d2e        c_w.l(btod.o)
    0x08003ff2   0x08003ff2   0x00000046   Code   RO         1021    CL$$btod_d2e_denorm_low  c_w.l(btod.o)
    0x08004038   0x08004038   0x00000060   Code   RO         1020    CL$$btod_d2e_norm_op1  c_w.l(btod.o)
    0x08004098   0x08004098   0x00000338   Code   RO         1029    CL$$btod_div_common  c_w.l(btod.o)
    0x080043d0   0x080043d0   0x000000dc   Code   RO         1026    CL$$btod_e2e        c_w.l(btod.o)
    0x080044ac   0x080044ac   0x0000002a   Code   RO         1023    CL$$btod_ediv       c_w.l(btod.o)
    0x080044d6   0x080044d6   0x0000002a   Code   RO         1022    CL$$btod_emul       c_w.l(btod.o)
    0x08004500   0x08004500   0x00000244   Code   RO         1028    CL$$btod_mult_common  c_w.l(btod.o)
    0x08004744   0x08004744   0x00000028   Code   RO         1057    i.__ARM_fpclassify  m_ws.l(fpclassify.o)
    0x0800476c   0x0800476c   0x0000000e   Code   RO          929    i._is_digit         c_w.l(__printf_wp.o)
    0x0800477a   0x0800477a   0x00000002   PAD
    0x0800477c   0x0800477c   0x0000002c   Code   RO         1044    locale$$code        c_w.l(lc_numeric_c.o)
    0x080047a8   0x080047a8   0x0000002c   Code   RO         1067    locale$$code        c_w.l(lc_ctype_c.o)
    0x080047d4   0x080047d4   0x00000004   Code   RO          962    x$fpl$printf1       fz_ws.l(printf1.o)
    0x080047d8   0x080047d8   0x00000004   Code   RO          964    x$fpl$printf2       fz_ws.l(printf2.o)
    0x080047dc   0x080047dc   0x00000000   Code   RO         1056    x$fpl$usenofp       fz_ws.l(usenofp.o)
    0x080047dc   0x080047dc   0x00000008   Data   RO          888    .constdata          c_w.l(_printf_wctomb.o)
    0x080047e4   0x080047e4   0x00000028   Data   RO          917    .constdata          c_w.l(_printf_hex_int_ll_ptr.o)
    0x0800480c   0x0800480c   0x00000011   Data   RO          937    .constdata          c_w.l(__printf_flags_ss_wp.o)
    0x0800481d   0x0800481d   0x00000026   Data   RO          994    .constdata          c_w.l(_printf_fp_hex.o)
    0x08004843   0x08004843   0x00000001   PAD
    0x08004844   0x08004844   0x00000094   Data   RO         1017    .constdata          c_w.l(bigflt0.o)
    0x080048d8   0x080048d8   0x0000000d   Data   RO           75    .rodata.str1.1      usb.o
    0x080048e5   0x080048e5   0x00000003   PAD
    0x080048e8   0x080048e8   0x00000020   Data   RO         1204    Region$$Table       anon$$obj.o
    0x08004908   0x08004908   0x0000001c   Data   RO         1043    locale$$data        c_w.l(lc_numeric_c.o)
    0x08004924   0x08004924   0x00000110   Data   RO         1066    locale$$data        c_w.l(lc_ctype_c.o)


    Execution Region ER_RW (Exec base: 0x20000000, Load base: 0x08004a34, Size: 0x00000060, Max: 0xffffffff, ABSOLUTE)

    Exec Addr    Load Addr    Size         Type   Attr      Idx    E Section Name        Object

    0x20000000   0x08004a34   0x00000002   Data   RW           45    .data.CCR1_Val      pwm.o
    0x20000002   0x08004a36   0x00000002   PAD
    0x20000004   0x08004a38   0x00000004   Data   RW           96    .data.SystemCoreClock  system_mdr32f9q2i.o
    0x20000008   0x08004a3c   0x00000043   Data   RW          766    .data.Usb_CDC_Configuration_Descriptor  mdr32fxqi_usb_cdc.o
    0x2000004b   0x08004a7f   0x00000012   Data   RW          765    .data.Usb_CDC_Device_Descriptor  mdr32fxqi_usb_cdc.o


    Execution Region ER_ZI (Exec base: 0x20000400, Load base: 0x08004a94, Size: 0x00000ff8, Max: 0xffffffff, ABSOLUTE)

    Exec Addr    Load Addr    Size         Type   Attr      Idx    E Section Name        Object

    0x20000400        -       0x00000060   Zero   RW         1060    .bss                c_w.l(libspace.o)
    0x20000460        -       0x00000014   Zero   RW           15    .bss.ADCConvertedValue  adc.o
    0x20000474        -       0x00000064   Zero   RW           32    .bss.Buffer         main.o
    0x200004d8        -       0x00000008   Zero   RW          767    .bss.CDC_ClassPacketData  mdr32fxqi_usb_cdc.o
    0x200004e0        -       0x00000024   Zero   RW           16    .bss.DMA_AltCtrlStr  adc.o
    0x20000504   0x08004a94   0x000002fc   PAD
    0x20000800        -       0x00000400   Zero   RW          303    .bss.DMA_ControlTable  mdr32fxqi_dma.o
    0x20000c00        -       0x00000010   Zero   RW           17    .bss.DMA_InitStr    adc.o
    0x20000c10        -       0x00000024   Zero   RW           14    .bss.DMA_PriCtrlStr  adc.o
    0x20000c34        -       0x00000008   Zero   RW           73    .bss.LineCoding     usb.o
    0x20000c3c        -       0x0000000c   Zero   RW           46    .bss.PORT_InitStructure  pwm.o
    0x20000c48        -       0x00000002   Zero   RW          854    .bss.SetupPacketData  mdr32fxqi_usb_device.o
    0x20000c4a   0x08004a94   0x00000002   PAD
    0x20000c4c        -       0x0000000c   Zero   RW          764    .bss.USB_CDCContext  mdr32fxqi_usb_cdc.o
    0x20000c58        -       0x00000002   Zero   RW           71    .bss.USB_Clock_InitStruct  usb.o
    0x20000c5a        -       0x00000008   Zero   RW          852    .bss.USB_CurrentSetupPacket  mdr32fxqi_usb_device.o
    0x20000c62   0x08004a94   0x00000002   PAD
    0x20000c64        -       0x0000000c   Zero   RW           72    .bss.USB_DeviceBUSParam  usb.o
    0x20000c70        -       0x0000000c   Zero   RW          853    .bss.USB_DeviceContext  mdr32fxqi_usb_device.o
    0x20000c7c        -       0x00000004   Zero   RW          855    .bss.USB_DeviceDispatchEvent.bHandling  mdr32fxqi_usb_device.o
    0x20000c80        -       0x000000b0   Zero   RW          851    .bss.USB_EPContext  mdr32fxqi_usb_device.o
    0x20000d30        -       0x00000040   Zero   RW           74    .bss.USB_SendTemp.txBuffer  usb.o
    0x20000d70        -       0x0000001c   Zero   RW           18    .bss.sADC           adc.o
    0x20000d8c        -       0x0000001c   Zero   RW           19    .bss.sADCx          adc.o
    0x20000da8        -       0x0000001a   Zero   RW           48    .bss.sTIM_ChnInit   pwm.o
    0x20000dc2        -       0x00000014   Zero   RW           49    .bss.sTIM_ChnOutInit  pwm.o
    0x20000dd6        -       0x00000018   Zero   RW           47    .bss.sTIM_CntInit   pwm.o
    0x20000dee   0x08004a94   0x00000002   PAD
    0x20000df0        -       0x00000004   Zero   RW           31    .bss.usb_timer      main.o
    0x20000df4   0x08004a94   0x00000004   PAD
    0x20000df8        -       0x00000200   Zero   RW           83    HEAP                startup_mdr32f9q2i.o
    0x20000ff8        -       0x00000400   Zero   RW           82    STACK               startup_mdr32f9q2i.o


==============================================================================

Image component sizes


      Code (inc. data)   RO Data    RW Data    ZI Data      Debug   Object Name

       552          0          0          0        164       9288   adc.o
       270          0          0          0        104       2856   main.o
       584          0          0          0          0      10942   mdr32fxqi_adc.o
        44          0          0          0          0       6357   mdr32fxqi_bkp.o
      1080          8          0          0       1024       8794   mdr32fxqi_dma.o
        24          0          0          0          0       5314   mdr32fxqi_eeprom.o
       652          0          0          0          0       5059   mdr32fxqi_port.o
      1098         64          0          0          0      11728   mdr32fxqi_rst_clk.o
       826          0          0          0          0      20884   mdr32fxqi_timer.o
       678          0          0          0          0      10066   mdr32fxqi_usb.o
       948          0          0         85         20       5907   mdr32fxqi_usb_cdc.o
      3468         38          0          0        202      14321   mdr32fxqi_usb_device.o
       260          0          0          2         82       7333   pwm.o
       104         26        192          0       1536       1708   startup_mdr32f9q2i.o
       356          0          0          4          0       2263   system_mdr32f9q2i.o
       332          0         13          0         86       4510   usb.o

    ----------------------------------------------------------------------
     11368        136        240         96       3992     127330   Object Totals
         0          0         32          0          0          0   (incl. Generated)
        92          0          3          5        774          0   (incl. Padding)

    ----------------------------------------------------------------------

      Code (inc. data)   RO Data    RW Data    ZI Data      Debug   Library Member Name

         8          0          0          0          0         68   __main.o
       392          4         17          0          0         92   __printf_flags_ss_wp.o
        14          0          0          0          0         68   __printf_wp.o
         0          0          0          0          0          0   __rtentry.o
        12          0          0          0          0          0   __rtentry2.o
         6          0          0          0          0          0   __rtentry4.o
        94          8          0          0          0          0   __scatter.o
        26          0          0          0          0          0   __scatter_copy.o
        28          0          0          0          0          0   __scatter_zi.o
        72          0          0          0          0         96   _c16rtomb.o
         6          0          0          0          0          0   _printf_a.o
         6          0          0          0          0          0   _printf_c.o
        44          0          0          0          0        108   _printf_char.o
        48          6          0          0          0         96   _printf_char_common.o
        40          0          0          0          0         68   _printf_charcount.o
         6          0          0          0          0          0   _printf_d.o
       120         16          0          0          0         92   _printf_dec.o
         6          0          0          0          0          0   _printf_e.o
         6          0          0          0          0          0   _printf_f.o
      1052          0          0          0          0        148   _printf_fp_dec.o
       764          8         38          0          0        100   _printf_fp_hex.o
       128         16          0          0          0         84   _printf_fp_infnan.o
         6          0          0          0          0          0   _printf_g.o
       148          4         40          0          0        160   _printf_hex_int_ll_ptr.o
         6          0          0          0          0          0   _printf_i.o
       178          0          0          0          0         88   _printf_intcommon.o
        10          0          0          0          0          0   _printf_l.o
         6          0          0          0          0          0   _printf_lc.o
        10          0          0          0          0          0   _printf_ll.o
         6          0          0          0          0          0   _printf_lld.o
         6          0          0          0          0          0   _printf_lli.o
         6          0          0          0          0          0   _printf_llo.o
         6          0          0          0          0          0   _printf_llu.o
         6          0          0          0          0          0   _printf_llx.o
       124         16          0          0          0         92   _printf_longlong_dec.o
         6          0          0          0          0          0   _printf_ls.o
         6          0          0          0          0          0   _printf_n.o
         6          0          0          0          0          0   _printf_o.o
       112          8          0          0          0        124   _printf_oct_int_ll.o
         6          0          0          0          0          0   _printf_p.o
        78          0          0          0          0        108   _printf_pad.o
         0          0          0          0          0          0   _printf_percent.o
         4          0          0          0          0          0   _printf_percent_end.o
         6          0          0          0          0          0   _printf_s.o
        82          0          0          0          0         80   _printf_str.o
        36          0          0          0          0         84   _printf_truncate.o
         6          0          0          0          0          0   _printf_u.o
        44          0          0          0          0        108   _printf_wchar.o
       188          6          8          0          0         92   _printf_wctomb.o
         6          0          0          0          0          0   _printf_x.o
        16          0          0          0          0         68   _snputc.o
       228          4        148          0          0         96   bigflt0.o
      1936        128          0          0          0        668   btod.o
        18          0          0          0          0         80   exit.o
         6          0          0          0          0        152   heapauxi.o
         0          0          0          0          0          0   indicate_semi.o
        44         10        272          0          0         76   lc_ctype_c.o
        44         10         28          0          0         76   lc_numeric_c.o
         2          0          0          0          0          0   libinit.o
        30          0          0          0          0          0   libinit2.o
         2          0          0          0          0          0   libshutdown.o
         2          0          0          0          0          0   libshutdown2.o
         8          4          0          0         96         68   libspace.o
       138          0          0          0          0         80   lludiv10.o
        16          4          0          0          0         76   rt_ctype_table.o
         8          4          0          0          0         68   rt_locale_intlibspace.o
         2          0          0          0          0          0   rtexit.o
        10          0          0          0          0          0   rtexit2.o
        64          6          0          0          0         84   snprintf.o
       128          0          0          0          0         68   strcmpv7m.o
        12          4          0          0          0         68   sys_exit.o
        74          0          0          0          0         80   sys_stackheap_outer.o
         2          0          0          0          0         68   use_no_semi.o
         4          0          0          0          0         68   printf1.o
         4          0          0          0          0         68   printf2.o
         0          0          0          0          0          0   usenofp.o
        40          0          0          0          0         68   fpclassify.o

    ----------------------------------------------------------------------
      6836        266        552          0         96       4036   Library Totals
        16          0          1          0          0          0   (incl. Padding)

    ----------------------------------------------------------------------

      Code (inc. data)   RO Data    RW Data    ZI Data      Debug   Library Name

      6772        266        551          0         96       3832   c_w.l
         8          0          0          0          0        136   fz_ws.l
        40          0          0          0          0         68   m_ws.l

    ----------------------------------------------------------------------
      6836        266        552          0         96       4036   Library Totals

    ----------------------------------------------------------------------

==============================================================================


      Code (inc. data)   RO Data    RW Data    ZI Data      Debug   

     18204        402        792         96       4088     129018   Grand Totals
     18204        402        792         96       4088     129018   ELF Image Totals
     18204        402        792         96          0          0   ROM Totals

==============================================================================

    Total RO  Size (Code + RO Data)                18996 (  18.55kB)
    Total RW  Size (RW Data + ZI Data)              4184 (   4.09kB)
    Total ROM Size (Code + RO Data + RW Data)      19092 (  18.64kB)

==============================================================================

