Component: Arm Compiler for Embedded 6.24 Tool: armlink [5f371500]

==============================================================================

Section Cross References

    adc.o(.text.DMA_IRQHandler) refers to mdr32fxqi_dma.o(.text.DMA_GetFlagStatus) for DMA_GetFlagStatus
    adc.o(.text.DMA_IRQHandler) refers to mdr32fxqi_dma.o(.text.DMA_ChannelReloadCycle) for DMA_ChannelReloadCycle
    adc.o(.ARM.exidx.text.DMA_IRQHandler) refers to adc.o(.text.DMA_IRQHandler) for [Anonymous Symbol]
    adc.o(.text.dmaInit) refers to mdr32fxqi_rst_clk.o(.text.RST_CLK_PCLKcmd) for RST_CLK_PCLKcmd
    adc.o(.text.dmaInit) refers to mdr32fxqi_dma.o(.text.DMA_DeInit) for DMA_DeInit
    adc.o(.text.dmaInit) refers to adc.o(.bss.DMA_PriCtrlStr) for DMA_PriCtrlStr
    adc.o(.text.dmaInit) refers to adc.o(.bss.ADCConvertedValue) for ADCConvertedValue
    adc.o(.text.dmaInit) refers to adc.o(.bss.DMA_AltCtrlStr) for DMA_AltCtrlStr
    adc.o(.text.dmaInit) refers to adc.o(.bss.DMA_InitStr) for DMA_InitStr
    adc.o(.text.dmaInit) refers to mdr32fxqi_dma.o(.text.DMA_StructInit) for DMA_StructInit
    adc.o(.text.dmaInit) refers to mdr32fxqi_dma.o(.text.DMA_Init) for DMA_Init
    adc.o(.text.dmaInit) refers to mdr32fxqi_dma.o(.text.DMA_Cmd) for DMA_Cmd
    adc.o(.ARM.exidx.text.dmaInit) refers to adc.o(.text.dmaInit) for [Anonymous Symbol]
    adc.o(.text.adcInit) refers to mdr32fxqi_rst_clk.o(.text.RST_CLK_PCLKcmd) for RST_CLK_PCLKcmd
    adc.o(.text.adcInit) refers to mdr32fxqi_adc.o(.text.ADC_DeInit) for ADC_DeInit
    adc.o(.text.adcInit) refers to adc.o(.bss.sADC) for sADC
    adc.o(.text.adcInit) refers to mdr32fxqi_adc.o(.text.ADC_StructInit) for ADC_StructInit
    adc.o(.text.adcInit) refers to mdr32fxqi_adc.o(.text.ADC_Init) for ADC_Init
    adc.o(.text.adcInit) refers to adc.o(.bss.sADCx) for sADCx
    adc.o(.text.adcInit) refers to mdr32fxqi_adc.o(.text.ADCx_StructInit) for ADCx_StructInit
    adc.o(.text.adcInit) refers to mdr32fxqi_adc.o(.text.ADC2_Init) for ADC2_Init
    adc.o(.text.adcInit) refers to mdr32fxqi_adc.o(.text.ADC2_ITConfig) for ADC2_ITConfig
    adc.o(.text.adcInit) refers to mdr32fxqi_adc.o(.text.ADC2_Cmd) for ADC2_Cmd
    adc.o(.text.adcInit) refers to adc.o(.text.NVIC_EnableIRQ) for NVIC_EnableIRQ
    adc.o(.ARM.exidx.text.adcInit) refers to adc.o(.text.adcInit) for [Anonymous Symbol]
    adc.o(.ARM.exidx.text.NVIC_EnableIRQ) refers to adc.o(.text.NVIC_EnableIRQ) for [Anonymous Symbol]
    adc.o(.text.Get_Avg_ADC_value) refers to adc.o(.bss.ADCConvertedValue) for ADCConvertedValue
    adc.o(.ARM.exidx.text.Get_Avg_ADC_value) refers to adc.o(.text.Get_Avg_ADC_value) for [Anonymous Symbol]
    adc.o(.ARM.exidx.text.ADC_ToTemp) refers to adc.o(.text.ADC_ToTemp) for [Anonymous Symbol]
    main.o(.text.ClockInit) refers to mdr32fxqi_rst_clk.o(.text.RST_CLK_DeInit) for RST_CLK_DeInit
    main.o(.text.ClockInit) refers to system_mdr32f9q2i.o(.text.SystemCoreClockUpdate) for SystemCoreClockUpdate
    main.o(.text.ClockInit) refers to mdr32fxqi_rst_clk.o(.text.RST_CLK_HSEconfig) for RST_CLK_HSEconfig
    main.o(.text.ClockInit) refers to mdr32fxqi_rst_clk.o(.text.RST_CLK_HSEstatus) for RST_CLK_HSEstatus
    main.o(.text.ClockInit) refers to mdr32fxqi_rst_clk.o(.text.RST_CLK_CPU_PLLconfig) for RST_CLK_CPU_PLLconfig
    main.o(.text.ClockInit) refers to mdr32fxqi_rst_clk.o(.text.RST_CLK_CPU_PLLcmd) for RST_CLK_CPU_PLLcmd
    main.o(.text.ClockInit) refers to mdr32fxqi_rst_clk.o(.text.RST_CLK_CPU_PLLstatus) for RST_CLK_CPU_PLLstatus
    main.o(.text.ClockInit) refers to mdr32fxqi_rst_clk.o(.text.RST_CLK_CPUclkPrescaler) for RST_CLK_CPUclkPrescaler
    main.o(.text.ClockInit) refers to mdr32fxqi_rst_clk.o(.text.RST_CLK_CPU_PLLuse) for RST_CLK_CPU_PLLuse
    main.o(.text.ClockInit) refers to mdr32fxqi_rst_clk.o(.text.RST_CLK_PCLKcmd) for RST_CLK_PCLKcmd
    main.o(.text.ClockInit) refers to mdr32fxqi_eeprom.o(.text.EEPROM_SetLatency) for EEPROM_SetLatency
    main.o(.text.ClockInit) refers to mdr32fxqi_bkp.o(.text.BKP_DUccMode) for BKP_DUccMode
    main.o(.text.ClockInit) refers to mdr32fxqi_rst_clk.o(.text.RST_CLK_CPUclkSelection) for RST_CLK_CPUclkSelection
    main.o(.ARM.exidx.text.ClockInit) refers to main.o(.text.ClockInit) for [Anonymous Symbol]
    main.o(.text.main) refers to main.o(.text.ClockInit) for ClockInit
    main.o(.text.main) refers to adc.o(.text.dmaInit) for dmaInit
    main.o(.text.main) refers to adc.o(.text.adcInit) for adcInit
    main.o(.text.main) refers to pwm.o(.text.PortInit) for PortInit
    main.o(.text.main) refers to pwm.o(.text.TimerInit) for TimerInit
    main.o(.text.main) refers to timer.o(.text.LedPortInit) for LedPortInit
    main.o(.text.main) refers to timer.o(.text.Timer_1_Init) for Timer_1_Init
    main.o(.text.main) refers to usb.o(.text.VCom_Configuration) for VCom_Configuration
    main.o(.text.main) refers to main.o(.bss.Buffer) for Buffer
    main.o(.text.main) refers to mdr32fxqi_usb_cdc.o(.text.USB_CDC_Init) for USB_CDC_Init
[...]
    .constdata                               0x080050ec   Section        8  _printf_wctomb.o(.constdata)
    uc_hextab                                0x080050f4   Data          20  _printf_hex_int_ll_ptr.o(.constdata)
    .constdata                               0x080050f4   Section       40  _printf_hex_int_ll_ptr.o(.constdata)
    lc_hextab                                0x08005108   Data          20  _printf_hex_int_ll_ptr.o(.constdata)
    maptable                                 0x0800511c   Data          17  __printf_flags_ss_wp.o(.constdata)
    .constdata                               0x0800511c   Section       17  __printf_flags_ss_wp.o(.constdata)
    lc_hextab                                0x0800512d   Data          19  _printf_fp_hex.o(.constdata)
    .constdata                               0x0800512d   Section       38  _printf_fp_hex.o(.constdata)
    uc_hextab                                0x08005140   Data          19  _printf_fp_hex.o(.constdata)
    tenpwrs_x                                0x08005154   Data          60  bigflt0.o(.constdata)
    .constdata                               0x08005154   Section      148  bigflt0.o(.constdata)
    tenpwrs_i                                0x08005190   Data          64  bigflt0.o(.constdata)
    .L.str                                   0x080051e8   Data          13  usb.o(.rodata.str1.1)
    [Anonymous Symbol]                       0x080051e8   Section        0  usb.o(.rodata.str1.1)
    locale$$data                             0x08005218   Section       28  lc_numeric_c.o(locale$$data)
    __lcnum_c_name                           0x0800521c   Data           2  lc_numeric_c.o(locale$$data)
    __lcnum_c_start                          0x08005224   Data           0  lc_numeric_c.o(locale$$data)
    __lcnum_c_point                          0x08005230   Data           0  lc_numeric_c.o(locale$$data)
    __lcnum_c_thousands                      0x08005232   Data           0  lc_numeric_c.o(locale$$data)
    __lcnum_c_grouping                       0x08005233   Data           0  lc_numeric_c.o(locale$$data)
    __lcnum_c_end                            0x08005234   Data           0  lc_numeric_c.o(locale$$data)
    locale$$data                             0x08005234   Section      272  lc_ctype_c.o(locale$$data)
    __lcctype_c_name                         0x08005238   Data           2  lc_ctype_c.o(locale$$data)
    __lcctype_c_start                        0x08005240   Data           0  lc_ctype_c.o(locale$$data)
    __lcctype_c_end                          0x08005344   Data           0  lc_ctype_c.o(locale$$data)
    Usb_CDC_Configuration_Descriptor         0x20000008   Data          67  mdr32fxqi_usb_cdc.o(.data.Usb_CDC_Configuration_Descriptor)
    [Anonymous Symbol]                       0x20000008   Section        0  mdr32fxqi_usb_cdc.o(.data.Usb_CDC_Configuration_Descriptor)
    Usb_CDC_Device_Descriptor                0x2000004b   Data          18  mdr32fxqi_usb_cdc.o(.data.Usb_CDC_Device_Descriptor)
    [Anonymous Symbol]                       0x2000004b   Section        0  mdr32fxqi_usb_cdc.o(.data.Usb_CDC_Device_Descriptor)
    .bss                                     0x20000400   Section       96  libspace.o(.bss)
    Buffer                                   0x20000474   Data         100  main.o(.bss.Buffer)
    [Anonymous Symbol]                       0x20000474   Section        0  main.o(.bss.Buffer)
    CDC_ClassPacketData                      0x200004d8   Data           8  mdr32fxqi_usb_cdc.o(.bss.CDC_ClassPacketData)
    [Anonymous Symbol]                       0x200004d8   Section        0  mdr32fxqi_usb_cdc.o(.bss.CDC_ClassPacketData)
    LedState                                 0x20000c40   Data           4  timer.o(.bss.LedState)
    [Anonymous Symbol]                       0x20000c40   Section        0  timer.o(.bss.LedState)
    LineCoding                               0x20000c44   Data           8  usb.o(.bss.LineCoding)
    [Anonymous Symbol]                       0x20000c44   Section        0  usb.o(.bss.LineCoding)
    SetupPacketData                          0x20000c58   Data           2  mdr32fxqi_usb_device.o(.bss.SetupPacketData)
    [Anonymous Symbol]                       0x20000c58   Section        0  mdr32fxqi_usb_device.o(.bss.SetupPacketData)
    USB_CDCContext                           0x20000c5c   Data          12  mdr32fxqi_usb_cdc.o(.bss.USB_CDCContext)
    [Anonymous Symbol]                       0x20000c5c   Section        0  mdr32fxqi_usb_cdc.o(.bss.USB_CDCContext)
    USB_DeviceDispatchEvent.bHandling        0x20000c8c   Data           4  mdr32fxqi_usb_device.o(.bss.USB_DeviceDispatchEvent.bHandling)
    [Anonymous Symbol]                       0x20000c8c   Section        0  mdr32fxqi_usb_device.o(.bss.USB_DeviceDispatchEvent.bHandling)
    USB_SendTemp.txBuffer                    0x20000d40   Data          64  usb.o(.bss.USB_SendTemp.txBuffer)
    [Anonymous Symbol]                       0x20000d40   Section        0  usb.o(.bss.USB_SendTemp.txBuffer)
    pid_integral                             0x20000d80   Data           4  pwm.o(.bss.pid_integral)
    [Anonymous Symbol]                       0x20000d80   Section        0  pwm.o(.bss.pid_integral)
    pid_prev_error                           0x20000d84   Data           4  pwm.o(.bss.pid_prev_error)
    [Anonymous Symbol]                       0x20000d84   Section        0  pwm.o(.bss.pid_prev_error)
    Heap_Mem                                 0x20000e20   Data         512  startup_mdr32f9q2i.o(HEAP)
    HEAP                                     0x20000e20   Section      512  startup_mdr32f9q2i.o(HEAP)
    Stack_Mem                                0x20001020   Data        1024  startup_mdr32f9q2i.o(STACK)
    STACK                                    0x20001020   Section     1024  startup_mdr32f9q2i.o(STACK)
    __initial_sp                             0x20001420   Data           0  startup_mdr32f9q2i.o(STACK)

    Global Symbols

    Symbol Name                              Value     Ov Type        Size  Object(Section)

    BuildAttributes$$THM_ISAv4$P$D$K$B$S$PE$A:L22UL41UL21$X:L11$S22US41US21$IEEE1$IW$~IW$USESV6$~STKCKD$USESV7$~SHL$OTIME$ROPI$IEEEJ$EBA8$UX$STANDARDLIB$REQ8$PRES8$EABIv2 0x00000000   Number         0  anon$$obj.o ABSOLUTE
    __fp_init_empty                          0x00000000   Number         0  fpinit_empty.o ABSOLUTE
    _printf_flags                            0x00000000   Number         0  printf_stubs.o ABSOLUTE
    _printf_return_value                     0x00000000   Number         0  printf_stubs.o ABSOLUTE
    _printf_sizespec                         0x00000000   Number         0  printf_stubs.o ABSOLUTE
    _printf_widthprec                        0x00000000   Number         0  printf_stubs.o ABSOLUTE
    __ARM_exceptions_init                     - Undefined Weak Reference
    __alloca_initialize                       - Undefined Weak Reference
    __arm_preinit_                            - Undefined Weak Reference
    __arm_relocate_pie_                       - Undefined Weak Reference
    __cpp_initialize__aeabi_                  - Undefined Weak Reference
    __cxa_finalize                            - Undefined Weak Reference
    __sigvec_lookup                           - Undefined Weak Reference
    _atexit_init                              - Undefined Weak Reference
    _call_atexit_fns                          - Undefined Weak Reference
    _clock_init                               - Undefined Weak Reference
    _fp_trap_init                             - Undefined Weak Reference
    _fp_trap_shutdown                         - Undefined Weak Reference
    _get_lc_collate                           - Undefined Weak Reference
    _get_lc_monetary                          - Undefined Weak Reference
    _get_lc_time                              - Undefined Weak Reference
    _getenv_init                              - Undefined Weak Reference
    _handle_redirection                       - Undefined Weak Reference
    _init_alloc                               - Undefined Weak Reference
    _init_user_alloc                          - Undefined Weak Reference
    _initio                                   - Undefined Weak Reference
    _printf_mbtowc                            - Undefined Weak Reference
    _printf_wc                                - Undefined Weak Reference
    _rand_init                                - Undefined Weak Reference
    _signal_finish                            - Undefined Weak Reference
    _signal_init                              - Undefined Weak Reference
    _terminate_alloc                          - Undefined Weak Reference
    _terminate_user_alloc                     - Undefined Weak Reference
    _terminateio                              - Undefined Weak Reference
    __Vectors_Size                           0x000000c0   Number         0  startup_mdr32f9q2i.o ABSOLUTE
    __Vectors                                0x08000000   Data           4  startup_mdr32f9q2i.o(RESET)
    __Vectors_End                            0x080000c0   Data           0  startup_mdr32f9q2i.o(RESET)
    __main                                   0x080000c1   Thumb Code     8  __main.o(!!!main)
    __scatterload                            0x080000c9   Thumb Code     0  __scatter.o(!!!scatter)
    __scatterload_rt2                        0x080000c9   Thumb Code    84  __scatter.o(!!!scatter)
    __scatterload_rt2_thumb_only             0x080000c9   Thumb Code     0  __scatter.o(!!!scatter)
    __scatterload_loop                       0x080000d3   Thumb Code     0  __scatter.o(!!!scatter)
    __scatterload_copy                       0x08000125   Thumb Code    26  __scatter_copy.o(!!handler_copy)
    __scatterload_null                       0x08000141   Thumb Code     2  __scatter.o(!!handler_null)
    __scatterload_zeroinit                   0x08000145   Thumb Code    28  __scatter_zi.o(!!handler_zi)
    _printf_n                                0x08000161   Thumb Code     0  _printf_n.o(.ARM.Collect$$_printf_percent$$00000001)
    _printf_percent                          0x08000161   Thumb Code     0  _printf_percent.o(.ARM.Collect$$_printf_percent$$00000000)
    _printf_p                                0x08000167   Thumb Code     0  _printf_p.o(.ARM.Collect$$_printf_percent$$00000002)
    _printf_f                                0x0800016d   Thumb Code     0  _printf_f.o(.ARM.Collect$$_printf_percent$$00000003)
    _printf_e                                0x08000173   Thumb Code     0  _printf_e.o(.ARM.Collect$$_printf_percent$$00000004)
    _printf_g                                0x08000179   Thumb Code     0  _printf_g.o(.ARM.Collect$$_printf_percent$$00000005)
    _printf_a                                0x0800017f   Thumb Code     0  _printf_a.o(.ARM.Collect$$_printf_percent$$00000006)
    _printf_ll                               0x08000185   Thumb Code     0  _printf_ll.o(.ARM.Collect$$_printf_percent$$00000007)
    _printf_i                                0x0800018f   Thumb Code     0  _printf_i.o(.ARM.Collect$$_printf_percent$$00000008)
    _printf_d                                0x08000195   Thumb Code     0  _printf_d.o(.ARM.Collect$$_printf_percent$$00000009)
    _printf_u                                0x0800019b   Thumb Code     0  _printf_u.o(.ARM.Collect$$_printf_percent$$0000000A)
    _printf_o                                0x080001a1   Thumb Code     0  _printf_o.o(.ARM.Collect$$_printf_percent$$0000000B)
    _printf_x                                0x080001a7   Thumb Code     0  _printf_x.o(.ARM.Collect$$_printf_percent$$0000000C)
    _printf_lli                              0x080001ad   Thumb Code     0  _printf_lli.o(.ARM.Collect$$_printf_percent$$0000000D)
    _printf_lld                              0x080001b3   Thumb Code     0  _printf_lld.o(.ARM.Collect$$_printf_percent$$0000000E)
    _printf_llu                              0x080001b9   Thumb Code     0  _printf_llu.o(.ARM.Collect$$_printf_percent$$0000000F)
    _printf_llo                              0x080001bf   Thumb Code     0  _printf_llo.o(.ARM.Collect$$_printf_percent$$00000010)
    _printf_llx                              0x080001c5   Thumb Code     0  _printf_llx.o(.ARM.Collect$$_printf_percent$$00000011)
    _printf_l                                0x080001cb   Thumb Code     0  _printf_l.o(.ARM.Collect$$_printf_percent$$00000012)
    _printf_c                                0x080001d5   Thumb Code     0  _printf_c.o(.ARM.Collect$$_printf_percent$$00000013)
    _printf_s                                0x080001db   Thumb Code     0  _printf_s.o(.ARM.Collect$$_printf_percent$$00000014)
    _printf_lc                               0x080001e1   Thumb Code     0  _printf_lc.o(.ARM.Collect$$_printf_percent$$00000015)
    _printf_ls                               0x080001e7   Thumb Code     0  _printf_ls.o(.ARM.Collect$$_printf_percent$$00000016)
    _printf_percent_end                      0x080001ed   Thumb Code     0  _printf_percent_end.o(.ARM.Collect$$_printf_percent$$00000017)
    __rt_lib_init                            0x080001f1   Thumb Code     0  libinit.o(.ARM.Collect$$libinit$$00000000)
    __rt_lib_init_fp_1                       0x080001f3   Thumb Code     0  libinit2.o(.ARM.Collect$$libinit$$00000002)
    __rt_lib_init_heap_1                     0x080001f3   Thumb Code     0  libinit2.o(.ARM.Collect$$libinit$$0000000C)
    __rt_lib_init_lc_common                  0x080001f3   Thumb Code     0  libinit2.o(.ARM.Collect$$libinit$$00000011)
    __rt_lib_init_preinit_1                  0x080001f3   Thumb Code     0  libinit2.o(.ARM.Collect$$libinit$$00000006)
    __rt_lib_init_rand_1                     0x080001f3   Thumb Code     0  libinit2.o(.ARM.Collect$$libinit$$00000010)
    __rt_lib_init_relocate_pie_1             0x080001f3   Thumb Code     0  libinit2.o(.ARM.Collect$$libinit$$00000004)
    __rt_lib_init_user_alloc_1               0x080001f3   Thumb Code     0  libinit2.o(.ARM.Collect$$libinit$$0000000E)
    __rt_lib_init_lc_collate_1               0x080001f9   Thumb Code     0  libinit2.o(.ARM.Collect$$libinit$$00000013)
    __rt_lib_init_lc_ctype_2                 0x080001f9   Thumb Code     0  libinit2.o(.ARM.Collect$$libinit$$00000014)
    __rt_lib_init_lc_ctype_1                 0x08000205   Thumb Code     0  libinit2.o(.ARM.Collect$$libinit$$00000015)
    __rt_lib_init_lc_monetary_1              0x08000205   Thumb Code     0  libinit2.o(.ARM.Collect$$libinit$$00000017)
    __rt_lib_init_lc_numeric_2               0x08000205   Thumb Code     0  libinit2.o(.ARM.Collect$$libinit$$00000018)
    __rt_lib_init_alloca_1                   0x0800020f   Thumb Code     0  libinit2.o(.ARM.Collect$$libinit$$00000030)
    __rt_lib_init_argv_1                     0x0800020f   Thumb Code     0  libinit2.o(.ARM.Collect$$libinit$$0000002E)
    __rt_lib_init_atexit_1                   0x0800020f   Thumb Code     0  libinit2.o(.ARM.Collect$$libinit$$0000001D)
    __rt_lib_init_clock_1                    0x0800020f   Thumb Code     0  libinit2.o(.ARM.Collect$$libinit$$00000023)
    __rt_lib_init_cpp_1                      0x0800020f   Thumb Code     0  libinit2.o(.ARM.Collect$$libinit$$00000034)
    __rt_lib_init_exceptions_1               0x0800020f   Thumb Code     0  libinit2.o(.ARM.Collect$$libinit$$00000032)
    __rt_lib_init_fp_trap_1                  0x0800020f   Thumb Code     0  libinit2.o(.ARM.Collect$$libinit$$00000021)
    __rt_lib_init_getenv_1                   0x0800020f   Thumb Code     0  libinit2.o(.ARM.Collect$$libinit$$00000025)
    __rt_lib_init_lc_numeric_1               0x0800020f   Thumb Code     0  libinit2.o(.ARM.Collect$$libinit$$00000019)
    __rt_lib_init_lc_time_1                  0x0800020f   Thumb Code     0  libinit2.o(.ARM.Collect$$libinit$$0000001B)
    __rt_lib_init_return                     0x0800020f   Thumb Code     0  libinit2.o(.ARM.Collect$$libinit$$00000035)
    __rt_lib_init_signal_1                   0x0800020f   Thumb Code     0  libinit2.o(.ARM.Collect$$libinit$$0000001F)
    __rt_lib_init_stdio_1                    0x0800020f   Thumb Code     0  libinit2.o(.ARM.Collect$$libinit$$00000027)
    __rt_lib_shutdown                        0x08000211   Thumb Code     0  libshutdown.o(.ARM.Collect$$libshutdown$$00000000)
    __rt_lib_shutdown_cpp_1                  0x08000213   Thumb Code     0  libshutdown2.o(.ARM.Collect$$libshutdown$$00000002)
    __rt_lib_shutdown_fp_trap_1              0x08000213   Thumb Code     0  libshutdown2.o(.ARM.Collect$$libshutdown$$00000007)
    __rt_lib_shutdown_heap_1                 0x08000213   Thumb Code     0  libshutdown2.o(.ARM.Collect$$libshutdown$$0000000F)
    __rt_lib_shutdown_return                 0x08000213   Thumb Code     0  libshutdown2.o(.ARM.Collect$$libshutdown$$00000010)
    __rt_lib_shutdown_signal_1               0x08000213   Thumb Code     0  libshutdown2.o(.ARM.Collect$$libshutdown$$0000000A)
    __rt_lib_shutdown_stdio_1                0x08000213   Thumb Code     0  libshutdown2.o(.ARM.Collect$$libshutdown$$00000004)
    __rt_lib_shutdown_user_alloc_1           0x08000213   Thumb Code     0  libshutdown2.o(.ARM.Collect$$libshutdown$$0000000C)
    __rt_entry                               0x08000215   Thumb Code     0  __rtentry.o(.ARM.Collect$$rtentry$$00000000)
    __rt_entry_presh_1                       0x08000215   Thumb Code     0  __rtentry2.o(.ARM.Collect$$rtentry$$00000002)
    __rt_entry_sh                            0x08000215   Thumb Code     0  __rtentry4.o(.ARM.Collect$$rtentry$$00000004)
    __rt_entry_li                            0x0800021b   Thumb Code     0  __rtentry2.o(.ARM.Collect$$rtentry$$0000000A)
    __rt_entry_postsh_1                      0x0800021b   Thumb Code     0  __rtentry2.o(.ARM.Collect$$rtentry$$00000009)
    __rt_entry_main                          0x0800021f   Thumb Code     0  __rtentry2.o(.ARM.Collect$$rtentry$$0000000D)
    __rt_entry_postli_1                      0x0800021f   Thumb Code     0  __rtentry2.o(.ARM.Collect$$rtentry$$0000000C)
    __rt_exit                                0x08000227   Thumb Code     0  rtexit.o(.ARM.Collect$$rtexit$$00000000)
    __rt_exit_ls                             0x08000229   Thumb Code     0  rtexit2.o(.ARM.Collect$$rtexit$$00000003)
    __rt_exit_prels_1                        0x08000229   Thumb Code     0  rtexit2.o(.ARM.Collect$$rtexit$$00000002)
    __rt_exit_exit                           0x0800022d   Thumb Code     0  rtexit2.o(.ARM.Collect$$rtexit$$00000004)
    Reset_Handler                            0x08000235   Thumb Code     8  startup_mdr32f9q2i.o(.text)
    NMI_Handler                              0x0800023d   Thumb Code     2  startup_mdr32f9q2i.o(.text)
    HardFault_Handler                        0x0800023f   Thumb Code     2  startup_mdr32f9q2i.o(.text)
    MemManage_Handler                        0x08000241   Thumb Code     2  startup_mdr32f9q2i.o(.text)
    BusFault_Handler                         0x08000243   Thumb Code     2  startup_mdr32f9q2i.o(.text)
    UsageFault_Handler                       0x08000245   Thumb Code     2  startup_mdr32f9q2i.o(.text)
    SVC_Handler                              0x08000247   Thumb Code     2  startup_mdr32f9q2i.o(.text)
    DebugMon_Handler                         0x08000249   Thumb Code     2  startup_mdr32f9q2i.o(.text)
    PendSV_Handler                           0x0800024b   Thumb Code     2  startup_mdr32f9q2i.o(.text)
    SysTick_Handler                          0x0800024d   Thumb Code     2  startup_mdr32f9q2i.o(.text)
    CAN1_IRQHandler                          0x0800024f   Thumb Code     2  startup_mdr32f9q2i.o(.text)
    CAN2_IRQHandler                          0x08000251   Thumb Code     2  startup_mdr32f9q2i.o(.text)
    UART1_IRQHandler                         0x08000257   Thumb Code     2  startup_mdr32f9q2i.o(.text)
    UART2_IRQHandler                         0x08000259   Thumb Code     2  startup_mdr32f9q2i.o(.text)
    SSP1_IRQHandler                          0x0800025b   Thumb Code     2  startup_mdr32f9q2i.o(.text)
    I2C_IRQHandler                           0x0800025d   Thumb Code     2  startup_mdr32f9q2i.o(.text)
    POWER_IRQHandler                         0x0800025f   Thumb Code     2  startup_mdr32f9q2i.o(.text)
    WWDG_IRQHandler                          0x08000261   Thumb Code     2  startup_mdr32f9q2i.o(.text)
    Timer2_IRQHandler                        0x08000265   Thumb Code     2  startup_mdr32f9q2i.o(.text)
    Timer3_IRQHandler                        0x08000267   Thumb Code     2  startup_mdr32f9q2i.o(.text)
    ADC_IRQHandler                           0x08000269   Thumb Code     2  startup_mdr32f9q2i.o(.text)
    COMPARATOR_IRQHandler                    0x0800026b   Thumb Code     2  startup_mdr32f9q2i.o(.text)
    SSP2_IRQHandler                          0x0800026d   Thumb Code     2  startup_mdr32f9q2i.o(.text)
    BACKUP_IRQHandler                        0x0800026f   Thumb Code     2  startup_mdr32f9q2i.o(.text)
    EXT_INT1_IRQHandler                      0x08000271   Thumb Code     2  startup_mdr32f9q2i.o(.text)
    EXT_INT2_IRQHandler                      0x08000273   Thumb Code     2  startup_mdr32f9q2i.o(.text)
    EXT_INT3_IRQHandler                      0x08000275   Thumb Code     2  startup_mdr32f9q2i.o(.text)
    EXT_INT4_IRQHandler                      0x08000277   Thumb Code     2  startup_mdr32f9q2i.o(.text)
    __user_initial_stackheap                 0x08000279   Thumb Code     0  startup_mdr32f9q2i.o(.text)
    snprintf                                 0x0800029d   Thumb Code    58  snprintf.o(.text)
    __use_two_region_memory                  0x080002dd   Thumb Code     2  heapauxi.o(.text)
    __rt_heap_escrow$2region                 0x080002df   Thumb Code     2  heapauxi.o(.text)
    __rt_heap_expand$2region                 0x080002e1   Thumb Code     2  heapauxi.o(.text)
    _printf_pre_padding                      0x080002e3   Thumb Code    44  _printf_pad.o(.text)
    _printf_post_padding                     0x0800030f   Thumb Code    34  _printf_pad.o(.text)
    _printf_truncate_signed                  0x08000331   Thumb Code    18  _printf_truncate.o(.text)
    _printf_truncate_unsigned                0x08000343   Thumb Code    18  _printf_truncate.o(.text)
    _printf_str                              0x08000355   Thumb Code    82  _printf_str.o(.text)
    _printf_int_dec                          0x080003a9   Thumb Code   104  _printf_dec.o(.text)
    _printf_charcount                        0x08000421   Thumb Code    40  _printf_charcount.o(.text)
    _printf_char_common                      0x08000453   Thumb Code    32  _printf_char_common.o(.text)
    _snputc                                  0x08000479   Thumb Code    16  _snputc.o(.text)
    _printf_wctomb                           0x08000489   Thumb Code   182  _printf_wctomb.o(.text)
    _printf_longlong_dec                     0x08000545   Thumb Code   108  _printf_longlong_dec.o(.text)
    _printf_longlong_oct                     0x080005c1   Thumb Code    68  _printf_oct_int_ll.o(.text)
    _printf_int_oct                          0x08000605   Thumb Code    24  _printf_oct_int_ll.o(.text)
    _printf_ll_oct                           0x0800061d   Thumb Code    12  _printf_oct_int_ll.o(.text)
    _printf_longlong_hex                     0x08000631   Thumb Code    86  _printf_hex_int_ll_ptr.o(.text)
    _printf_int_hex                          0x08000687   Thumb Code    28  _printf_hex_int_ll_ptr.o(.text)
    _printf_ll_hex                           0x080006a3   Thumb Code    12  _printf_hex_int_ll_ptr.o(.text)
    _printf_hex_ptr                          0x080006af   Thumb Code    18  _printf_hex_int_ll_ptr.o(.text)
    __printf                                 0x080006c5   Thumb Code   388  __printf_flags_ss_wp.o(.text)
    _ll_udiv10                               0x0800084d   Thumb Code   138  lludiv10.o(.text)
    _printf_int_common                       0x080008d7   Thumb Code   178  _printf_intcommon.o(.text)
    _printf_fp_dec_real                      0x08000b39   Thumb Code   620  _printf_fp_dec.o(.text)
    _printf_fp_hex_real                      0x08000da5   Thumb Code   756  _printf_fp_hex.o(.text)
    _printf_cs_common                        0x080010a1   Thumb Code    20  _printf_char.o(.text)
    _printf_char                             0x080010b5   Thumb Code    16  _printf_char.o(.text)
    _printf_string                           0x080010c5   Thumb Code     8  _printf_char.o(.text)
    _printf_lcs_common                       0x080010cd   Thumb Code    20  _printf_wchar.o(.text)
    _printf_wchar                            0x080010e1   Thumb Code    16  _printf_wchar.o(.text)
    _printf_wstring                          0x080010f1   Thumb Code     8  _printf_wchar.o(.text)
    _c16rtomb                                0x080010f9   Thumb Code    72  _c16rtomb.o(.text)
    _wcrtomb                                 0x080010f9   Thumb Code     0  _c16rtomb.o(.text)
    __user_setup_stackheap                   0x08001141   Thumb Code    74  sys_stackheap_outer.o(.text)
    __rt_ctype_table                         0x0800118d   Thumb Code    16  rt_ctype_table.o(.text)
    __rt_locale                              0x0800119d   Thumb Code     8  rt_locale_intlibspace.o(.text)
    _printf_fp_infnan                        0x080011a5   Thumb Code   112  _printf_fp_infnan.o(.text)
    _btod_etento                             0x08001225   Thumb Code   224  bigflt0.o(.text)
    exit                                     0x08001309   Thumb Code    18  exit.o(.text)
    __user_libspace                          0x0800131d   Thumb Code     8  libspace.o(.text)
    __user_perproc_libspace                  0x0800131d   Thumb Code     0  libspace.o(.text)
    __user_perthread_libspace                0x0800131d   Thumb Code     0  libspace.o(.text)
    strcmp                                   0x08001325   Thumb Code   128  strcmpv7m.o(.text)
    _sys_exit                                0x080013a5   Thumb Code     8  sys_exit.o(.text)
    __I$use$semihosting                      0x080013b1   Thumb Code     0  use_no_semi.o(.text)
    __use_no_semihosting_swi                 0x080013b1   Thumb Code     2  use_no_semi.o(.text)
    __semihosting_library_function           0x080013b3   Thumb Code     0  indicate_semi.o(.text)
    ADC2_Cmd                                 0x080013b5   Thumb Code    62  mdr32fxqi_adc.o(.text.ADC2_Cmd)
    ADC2_ITConfig                            0x080013f5   Thumb Code    68  mdr32fxqi_adc.o(.text.ADC2_ITConfig)
    ADC2_Init                                0x08001439   Thumb Code   146  mdr32fxqi_adc.o(.text.ADC2_Init)
    ADC_DeInit                               0x080014cd   Thumb Code   124  mdr32fxqi_adc.o(.text.ADC_DeInit)
    ADC_Init                                 0x08001549   Thumb Code    88  mdr32fxqi_adc.o(.text.ADC_Init)
    ADC_StructInit                           0x080015a1   Thumb Code    38  mdr32fxqi_adc.o(.text.ADC_StructInit)
    ADC_ToTemp                               0x080015c9   Thumb Code    60  adc.o(.text.ADC_ToTemp)
    ADCx_StructInit                          0x08001605   Thumb Code    58  mdr32fxqi_adc.o(.text.ADCx_StructInit)
    BKP_DUccMode                             0x08001641   Thumb Code    44  mdr32fxqi_bkp.o(.text.BKP_DUccMode)
    ClockInit                                0x0800166d   Thumb Code   142  main.o(.text.ClockInit)
    DMA_ChannelReloadCycle                   0x080016fd   Thumb Code   104  mdr32fxqi_dma.o(.text.DMA_ChannelReloadCycle)
    DMA_Cmd                                  0x08001765   Thumb Code    62  mdr32fxqi_dma.o(.text.DMA_Cmd)
    DMA_CtrlDataInit                         0x080017a5   Thumb Code   162  mdr32fxqi_dma.o(.text.DMA_CtrlDataInit)
    DMA_DeInit                               0x08001849   Thumb Code   124  mdr32fxqi_dma.o(.text.DMA_DeInit)
    DMA_GetFlagStatus                        0x080018c5   Thumb Code   250  mdr32fxqi_dma.o(.text.DMA_GetFlagStatus)
    DMA_IRQHandler                           0x080019c1   Thumb Code    44  adc.o(.text.DMA_IRQHandler)
    DMA_Init                                 0x080019ed   Thumb Code   308  mdr32fxqi_dma.o(.text.DMA_Init)
    DMA_StructInit                           0x08001b21   Thumb Code    34  mdr32fxqi_dma.o(.text.DMA_StructInit)
    EEPROM_SetLatency                        0x08001b45   Thumb Code    24  mdr32fxqi_eeprom.o(.text.EEPROM_SetLatency)
    Get_Avg_ADC_value                        0x08001b5d   Thumb Code    76  adc.o(.text.Get_Avg_ADC_value)
    LedPortInit                              0x08001ba9   Thumb Code    76  timer.o(.text.LedPortInit)
    PID_Update                               0x08001ccd   Thumb Code   288  pwm.o(.text.PID_Update)
    PORT_DeInit                              0x08001ded   Thumb Code    42  mdr32fxqi_port.o(.text.PORT_DeInit)
    PORT_Init                                0x08001e19   Thumb Code   556  mdr32fxqi_port.o(.text.PORT_Init)
    PORT_ResetBits                           0x08002045   Thumb Code    36  mdr32fxqi_port.o(.text.PORT_ResetBits)
    PORT_SetBits                             0x08002069   Thumb Code    42  mdr32fxqi_port.o(.text.PORT_SetBits)
    PORT_StructInit                          0x08002095   Thumb Code    54  mdr32fxqi_port.o(.text.PORT_StructInit)
    PWM_SetDutyCycle                         0x080020cd   Thumb Code   100  pwm.o(.text.PWM_SetDutyCycle)
    PortInit                                 0x08002131   Thumb Code    68  pwm.o(.text.PortInit)
    RST_CLK_CPU_PLLcmd                       0x08002175   Thumb Code    22  mdr32fxqi_rst_clk.o(.text.RST_CLK_CPU_PLLcmd)
    RST_CLK_CPU_PLLconfig                    0x0800218d   Thumb Code   104  mdr32fxqi_rst_clk.o(.text.RST_CLK_CPU_PLLconfig)
    RST_CLK_CPU_PLLstatus                    0x080021f5   Thumb Code   100  mdr32fxqi_rst_clk.o(.text.RST_CLK_CPU_PLLstatus)
    RST_CLK_CPU_PLLuse                       0x08002259   Thumb Code    24  mdr32fxqi_rst_clk.o(.text.RST_CLK_CPU_PLLuse)
    RST_CLK_CPUclkPrescaler                  0x08002271   Thumb Code    44  mdr32fxqi_rst_clk.o(.text.RST_CLK_CPUclkPrescaler)
    RST_CLK_CPUclkSelection                  0x0800229d   Thumb Code    42  mdr32fxqi_rst_clk.o(.text.RST_CLK_CPUclkSelection)
    RST_CLK_DeInit                           0x080022c9   Thumb Code   216  mdr32fxqi_rst_clk.o(.text.RST_CLK_DeInit)
    RST_CLK_GetFlagStatus                    0x080023a1   Thumb Code    88  mdr32fxqi_rst_clk.o(.text.RST_CLK_GetFlagStatus)
    RST_CLK_HSEconfig                        0x080023f9   Thumb Code    80  mdr32fxqi_rst_clk.o(.text.RST_CLK_HSEconfig)
    RST_CLK_HSEstatus                        0x08002449   Thumb Code   100  mdr32fxqi_rst_clk.o(.text.RST_CLK_HSEstatus)
    RST_CLK_HSIcmd                           0x080024ad   Thumb Code    24  mdr32fxqi_rst_clk.o(.text.RST_CLK_HSIcmd)
    RST_CLK_HSIstatus                        0x080024c5   Thumb Code   100  mdr32fxqi_rst_clk.o(.text.RST_CLK_HSIstatus)
    RST_CLK_PCLKcmd                          0x08002529   Thumb Code    52  mdr32fxqi_rst_clk.o(.text.RST_CLK_PCLKcmd)
    RST_CLK_WarmDeInit                       0x0800255d   Thumb Code   102  mdr32fxqi_rst_clk.o(.text.RST_CLK_WarmDeInit)
    Setup_USB                                0x080025c5   Thumb Code    76  usb.o(.text.Setup_USB)
    SystemCoreClockUpdate                    0x08002611   Thumb Code   238  system_mdr32f9q2i.o(.text.SystemCoreClockUpdate)
    SystemInit                               0x08002701   Thumb Code   118  system_mdr32f9q2i.o(.text.SystemInit)
    TIMER_BRGInit                            0x08002779   Thumb Code   168  mdr32fxqi_timer.o(.text.TIMER_BRGInit)
    TIMER_ChnInit                            0x08002821   Thumb Code   136  mdr32fxqi_timer.o(.text.TIMER_ChnInit)
    TIMER_ChnOutInit                         0x080028a9   Thumb Code    92  mdr32fxqi_timer.o(.text.TIMER_ChnOutInit)
    TIMER_ChnOutStructInit                   0x08002905   Thumb Code    50  mdr32fxqi_timer.o(.text.TIMER_ChnOutStructInit)
    TIMER_ChnStructInit                      0x08002939   Thumb Code    64  mdr32fxqi_timer.o(.text.TIMER_ChnStructInit)
    TIMER_ClearFlag                          0x08002979   Thumb Code    18  mdr32fxqi_timer.o(.text.TIMER_ClearFlag)
    TIMER_Cmd                                0x0800298d   Thumb Code    52  mdr32fxqi_timer.o(.text.TIMER_Cmd)
    TIMER_CntInit                            0x080029c1   Thumb Code    88  mdr32fxqi_timer.o(.text.TIMER_CntInit)
    TIMER_DeInit                             0x08002a19   Thumb Code   138  mdr32fxqi_timer.o(.text.TIMER_DeInit)
    TIMER_GetFlagStatus                      0x08002aa5   Thumb Code    42  mdr32fxqi_timer.o(.text.TIMER_GetFlagStatus)
    TIMER_ITConfig                           0x08002ad1   Thumb Code    54  mdr32fxqi_timer.o(.text.TIMER_ITConfig)
    TIMER_SetChnCompare                      0x08002b09   Thumb Code    38  mdr32fxqi_timer.o(.text.TIMER_SetChnCompare)
    Timer1_IRQHandler                        0x08002b31   Thumb Code   112  timer.o(.text.Timer1_IRQHandler)
    TimerInit                                0x08002ba1   Thumb Code   192  pwm.o(.text.TimerInit)
    Timer_1_Init                             0x08002c61   Thumb Code   122  timer.o(.text.Timer_1_Init)
    USB_BRGInit                              0x08002cdd   Thumb Code   104  mdr32fxqi_usb.o(.text.USB_BRGInit)
    USB_CDC_ClassRequest                     0x08002d45   Thumb Code   280  mdr32fxqi_usb_cdc.o(.text.USB_CDC_ClassRequest)
    USB_CDC_GetDescriptor                    0x08002ec1   Thumb Code   166  mdr32fxqi_usb_cdc.o(.text.USB_CDC_GetDescriptor)
    USB_CDC_GetLineCoding                    0x08002f69   Thumb Code    58  usb.o(.text.USB_CDC_GetLineCoding)
    USB_CDC_Init                             0x08002fa5   Thumb Code    50  mdr32fxqi_usb_cdc.o(.text.USB_CDC_Init)
    USB_CDC_RecieveData                      0x08003065   Thumb Code    26  usb.o(.text.USB_CDC_RecieveData)
    USB_CDC_Reset                            0x08003081   Thumb Code   112  mdr32fxqi_usb_cdc.o(.text.USB_CDC_Reset)
    USB_CDC_SendData                         0x080030f1   Thumb Code    76  mdr32fxqi_usb_cdc.o(.text.USB_CDC_SendData)
    USB_CDC_SetLineCoding                    0x0800313d   Thumb Code    58  usb.o(.text.USB_CDC_SetLineCoding)
    USB_CDC_SetReceiveBuffer                 0x08003179   Thumb Code    28  mdr32fxqi_usb_cdc.o(.text.USB_CDC_SetReceiveBuffer)
    USB_DeviceClearFeature                   0x08003195   Thumb Code    64  mdr32fxqi_usb_device.o(.text.USB_DeviceClearFeature)
    USB_DeviceDispatchEvent                  0x080031d5   Thumb Code   160  mdr32fxqi_usb_device.o(.text.USB_DeviceDispatchEvent)
    USB_DeviceDoStatusOutAck                 0x08003275   Thumb Code    30  mdr32fxqi_usb_device.o(.text.USB_DeviceDoStatusOutAck)
    USB_DeviceInit                           0x08003295   Thumb Code   102  mdr32fxqi_usb_device.o(.text.USB_DeviceInit)
    USB_DevicePowerOn                        0x080032fd   Thumb Code    24  mdr32fxqi_usb_device.o(.text.USB_DevicePowerOn)
    USB_DeviceReset                          0x08003315   Thumb Code    16  mdr32fxqi_usb_device.o(.text.USB_DeviceReset)
    USB_DeviceSetFeature                     0x08003325   Thumb Code    66  mdr32fxqi_usb_device.o(.text.USB_DeviceSetFeature)
    USB_DeviceSetupPacket                    0x08003369   Thumb Code  1058  mdr32fxqi_usb_device.o(.text.USB_DeviceSetupPacket)
    USB_EP_Idle                              0x080037bd   Thumb Code    98  mdr32fxqi_usb_device.o(.text.USB_EP_Idle)
    USB_EP_Init                              0x08003821   Thumb Code   102  mdr32fxqi_usb_device.o(.text.USB_EP_Init)
    USB_EP_Stall                             0x080038c1   Thumb Code   126  mdr32fxqi_usb_device.o(.text.USB_EP_Stall)
    USB_EP_dispatchEvent                     0x08003941   Thumb Code   970  mdr32fxqi_usb_device.o(.text.USB_EP_dispatchEvent)
    USB_EP_doDataIn                          0x08003d0d   Thumb Code   106  mdr32fxqi_usb_device.o(.text.USB_EP_doDataIn)
    USB_EP_doDataOut                         0x08003d79   Thumb Code    84  mdr32fxqi_usb_device.o(.text.USB_EP_doDataOut)
    USB_EP_setSetupHandler                   0x08003e8d   Thumb Code    86  mdr32fxqi_usb_device.o(.text.USB_EP_setSetupHandler)
    USB_GetSEPxCTRL                          0x08003ee5   Thumb Code    26  mdr32fxqi_usb.o(.text.USB_GetSEPxCTRL)
    USB_GetSEPxRXFD                          0x08003f01   Thumb Code    26  mdr32fxqi_usb.o(.text.USB_GetSEPxRXFD)
    USB_GetSEPxRXFDC                         0x08003f1d   Thumb Code    26  mdr32fxqi_usb.o(.text.USB_GetSEPxRXFDC)
    USB_GetSEPxSTS                           0x08003f39   Thumb Code    26  mdr32fxqi_usb.o(.text.USB_GetSEPxSTS)
    USB_GetSEPxTS                            0x08003f55   Thumb Code    26  mdr32fxqi_usb.o(.text.USB_GetSEPxTS)
    USB_GetSIS                               0x08003f71   Thumb Code    12  mdr32fxqi_usb.o(.text.USB_GetSIS)
    USB_IRQHandler                           0x08003f7d   Thumb Code     8  mdr32fxqi_usb_device.o(.text.USB_IRQHandler)
    USB_Reset                                0x08003f85   Thumb Code    48  mdr32fxqi_usb.o(.text.USB_Reset)
    USB_SEPxToggleEPDATASEQ                  0x08003fb5   Thumb Code    46  mdr32fxqi_usb.o(.text.USB_SEPxToggleEPDATASEQ)
    USB_SendTemp                             0x08003fe5   Thumb Code    52  usb.o(.text.USB_SendTemp)
    USB_SetHSCR                              0x08004019   Thumb Code    48  mdr32fxqi_usb.o(.text.USB_SetHSCR)
    USB_SetSA                                0x08004049   Thumb Code    20  mdr32fxqi_usb.o(.text.USB_SetSA)
    USB_SetSC                                0x0800405d   Thumb Code    48  mdr32fxqi_usb.o(.text.USB_SetSC)
    USB_SetSEPxCTRL                          0x0800408d   Thumb Code    64  mdr32fxqi_usb.o(.text.USB_SetSEPxCTRL)
    USB_SetSEPxRXFC                          0x080040cd   Thumb Code    30  mdr32fxqi_usb.o(.text.USB_SetSEPxRXFC)
    USB_SetSEPxTXFD                          0x080040ed   Thumb Code    30  mdr32fxqi_usb.o(.text.USB_SetSEPxTXFD)
    USB_SetSEPxTXFDC                         0x0800410d   Thumb Code    30  mdr32fxqi_usb.o(.text.USB_SetSEPxTXFDC)
    USB_SetSIM                               0x0800412d   Thumb Code    48  mdr32fxqi_usb.o(.text.USB_SetSIM)
    USB_SetSIS                               0x0800415d   Thumb Code    20  mdr32fxqi_usb.o(.text.USB_SetSIS)
    VCom_Configuration                       0x08004171   Thumb Code    26  usb.o(.text.VCom_Configuration)
    adcInit                                  0x0800418d   Thumb Code   146  adc.o(.text.adcInit)
    dmaInit                                  0x08004221   Thumb Code   208  adc.o(.text.dmaInit)
    main                                     0x080042f1   Thumb Code   128  main.o(.text.main)
    _btod_d2e                                0x08004371   Thumb Code    62  btod.o(CL$$btod_d2e)
    _d2e_denorm_low                          0x080043af   Thumb Code    70  btod.o(CL$$btod_d2e_denorm_low)
    _d2e_norm_op1                            0x080043f5   Thumb Code    96  btod.o(CL$$btod_d2e_norm_op1)
    __btod_div_common                        0x08004455   Thumb Code   696  btod.o(CL$$btod_div_common)
    _e2e                                     0x0800478d   Thumb Code   220  btod.o(CL$$btod_e2e)
    _btod_ediv                               0x08004869   Thumb Code    42  btod.o(CL$$btod_ediv)
    _btod_emul                               0x08004893   Thumb Code    42  btod.o(CL$$btod_emul)
    __btod_mult_common                       0x080048bd   Thumb Code   580  btod.o(CL$$btod_mult_common)
    __ARM_fpclassify                         0x08004b01   Thumb Code    40  fpclassify.o(i.__ARM_fpclassify)
    _is_digit                                0x08004b29   Thumb Code    14  __printf_wp.o(i._is_digit)
    _get_lc_numeric                          0x08004b39   Thumb Code    44  lc_numeric_c.o(locale$$code)
    _get_lc_ctype                            0x08004b65   Thumb Code    44  lc_ctype_c.o(locale$$code)
    __aeabi_fadd                             0x08004b91   Thumb Code     0  faddsub_clz.o(x$fpl$fadd)
    _fadd                                    0x08004b91   Thumb Code   196  faddsub_clz.o(x$fpl$fadd)
    __aeabi_fcmpeq                           0x08004c55   Thumb Code     0  fcmp.o(x$fpl$fcmp)
    _feq                                     0x08004c55   Thumb Code    14  fcmp.o(x$fpl$fcmp)
    _fneq                                    0x08004c63   Thumb Code    14  fcmp.o(x$fpl$fcmp)
    __aeabi_fcmpgt                           0x08004c71   Thumb Code     0  fcmp.o(x$fpl$fcmp)
    _fgr                                     0x08004c71   Thumb Code    14  fcmp.o(x$fpl$fcmp)
    __aeabi_fcmpge                           0x08004c7f   Thumb Code     0  fcmp.o(x$fpl$fcmp)
    _fgeq                                    0x08004c7f   Thumb Code    14  fcmp.o(x$fpl$fcmp)
    __aeabi_fcmple                           0x08004c8d   Thumb Code     0  fcmp.o(x$fpl$fcmp)
    _fleq                                    0x08004c8d   Thumb Code    14  fcmp.o(x$fpl$fcmp)
    __aeabi_fcmplt                           0x08004c9b   Thumb Code     0  fcmp.o(x$fpl$fcmp)
    _fls                                     0x08004c9b   Thumb Code    14  fcmp.o(x$fpl$fcmp)
    __fpl_fcmp_Inf                           0x08004ca9   Thumb Code    24  fcmpi.o(x$fpl$fcmpinf)
    __aeabi_cfcmpeq                          0x08004cc1   Thumb Code     0  feqf.o(x$fpl$feqf)
    _fcmpeq                                  0x08004cc1   Thumb Code   104  feqf.o(x$fpl$feqf)
    __aeabi_f2iz                             0x08004d29   Thumb Code     0  ffix.o(x$fpl$ffix)
    _ffix                                    0x08004d29   Thumb Code    54  ffix.o(x$fpl$ffix)
    __aeabi_i2f                              0x08004d61   Thumb Code     0  fflt_clz.o(x$fpl$fflt)
    _fflt                                    0x08004d61   Thumb Code    48  fflt_clz.o(x$fpl$fflt)
    _fcmpge                                  0x08004d91   Thumb Code   104  fgeqf.o(x$fpl$fgeqf)
    __aeabi_cfcmple                          0x08004df9   Thumb Code     0  fleqf.o(x$fpl$fleqf)
    _fcmple                                  0x08004df9   Thumb Code   104  fleqf.o(x$fpl$fleqf)
    __fpl_fcmple_InfNaN                      0x08004e4b   Thumb Code     0  fleqf.o(x$fpl$fleqf)
    __aeabi_fmul                             0x08004e61   Thumb Code     0  fmul.o(x$fpl$fmul)
    _fmul                                    0x08004e61   Thumb Code   258  fmul.o(x$fpl$fmul)
    __fpl_fnaninf                            0x08004f63   Thumb Code   140  fnaninf.o(x$fpl$fnaninf)
    __fpl_fretinf                            0x08004fef   Thumb Code    10  fretinf.o(x$fpl$fretinf)
    __aeabi_fsub                             0x08004ff9   Thumb Code     0  faddsub_clz.o(x$fpl$fsub)
    _fsub                                    0x08004ff9   Thumb Code   234  faddsub_clz.o(x$fpl$fsub)
    _printf_fp_dec                           0x080050e3   Thumb Code     4  printf1.o(x$fpl$printf1)
    _printf_fp_hex                           0x080050e7   Thumb Code     4  printf2.o(x$fpl$printf2)
    __I$use$fp                               0x080050ea   Number         0  usenofp.o(x$fpl$usenofp)
    Region$$Table$$Base                      0x080051f8   Number         0  anon$$obj.o(Region$$Table)
    Region$$Table$$Limit                     0x08005218   Number         0  anon$$obj.o(Region$$Table)
    __ctype                                  0x08005241   Data           0  lc_ctype_c.o(locale$$data)
    CCR1_Val                                 0x20000000   Data           2  pwm.o(.data.CCR1_Val)
    SystemCoreClock                          0x20000004   Data           4  system_mdr32f9q2i.o(.data.SystemCoreClock)
    __libspace_start                         0x20000400   Data          96  libspace.o(.bss)
    ADCConvertedValue                        0x20000460   Data          20  adc.o(.bss.ADCConvertedValue)
    __temporary_stack_top$libspace           0x20000460   Data           0  libspace.o(.bss)
    DMA_AltCtrlStr                           0x200004e0   Data          36  adc.o(.bss.DMA_AltCtrlStr)
    DMA_ControlTable                         0x20000800   Data        1024  mdr32fxqi_dma.o(.bss.DMA_ControlTable)
    DMA_InitStr                              0x20000c00   Data          16  adc.o(.bss.DMA_InitStr)
    DMA_PriCtrlStr                           0x20000c10   Data          36  adc.o(.bss.DMA_PriCtrlStr)
    LED_PORT_InitStructure                   0x20000c34   Data          12  timer.o(.bss.LED_PORT_InitStructure)
    PORT_InitStructure                       0x20000c4c   Data          12  pwm.o(.bss.PORT_InitStructure)
    USB_Clock_InitStruct                     0x20000c68   Data           2  usb.o(.bss.USB_Clock_InitStruct)
    USB_CurrentSetupPacket                   0x20000c6a   Data           8  mdr32fxqi_usb_device.o(.bss.USB_CurrentSetupPacket)
    USB_DeviceBUSParam                       0x20000c74   Data          12  usb.o(.bss.USB_DeviceBUSParam)
    USB_DeviceContext                        0x20000c80   Data          12  mdr32fxqi_usb_device.o(.bss.USB_DeviceContext)
    USB_EPContext                            0x20000c90   Data         176  mdr32fxqi_usb_device.o(.bss.USB_EPContext)
    sADC                                     0x20000d88   Data          28  adc.o(.bss.sADC)
    sADCx                                    0x20000da4   Data          28  adc.o(.bss.sADCx)
    sTIM_1_CntInit                           0x20000dc0   Data          24  timer.o(.bss.sTIM_1_CntInit)
    sTIM_ChnInit                             0x20000dd8   Data          26  pwm.o(.bss.sTIM_ChnInit)
    sTIM_ChnOutInit                          0x20000df2   Data          20  pwm.o(.bss.sTIM_ChnOutInit)
    sTIM_CntInit                             0x20000e06   Data          24  pwm.o(.bss.sTIM_CntInit)
    usb_transmit_flag                        0x20000e1e   Data           1  timer.o(.bss.usb_transmit_flag)



==============================================================================

Memory Map of the image

  Image Entry point : 0x08000235

  Load Region LR_1 (Base: 0x08000000, Size: 0x000053a4, Max: 0xffffffff, ABSOLUTE)

    Execution Region ER_RO (Exec base: 0x08000000, Load base: 0x08000000, Size: 0x00005344, Max: 0xffffffff, ABSOLUTE)

    Exec Addr    Load Addr    Size         Type   Attr      Idx    E Section Name        Object

    0x08000000   0x08000000   0x000000c0   Data   RO          110    RESET               startup_mdr32f9q2i.o
    0x080000c0   0x080000c0   0x00000008   Code   RO          894  * !!!main             c_w.l(__main.o)
    0x080000c8   0x080000c8   0x0000005c   Code   RO         1263    !!!scatter          c_w.l(__scatter.o)
    0x08000124   0x08000124   0x0000001a   Code   RO         1267    !!handler_copy      c_w.l(__scatter_copy.o)
    0x0800013e   0x0800013e   0x00000002   PAD
    0x08000140   0x08000140   0x00000002   Code   RO         1264    !!handler_null      c_w.l(__scatter.o)
    0x08000142   0x08000142   0x00000002   PAD
    0x08000144   0x08000144   0x0000001c   Code   RO         1269    !!handler_zi        c_w.l(__scatter_zi.o)
    0x08000160   0x08000160   0x00000000   Code   RO          998    .ARM.Collect$$_printf_percent$$00000000  c_w.l(_printf_percent.o)
    0x08000160   0x08000160   0x00000006   Code   RO          987    .ARM.Collect$$_printf_percent$$00000001  c_w.l(_printf_n.o)
    0x08000166   0x08000166   0x00000006   Code   RO          989    .ARM.Collect$$_printf_percent$$00000002  c_w.l(_printf_p.o)
    0x0800016c   0x0800016c   0x00000006   Code   RO          994    .ARM.Collect$$_printf_percent$$00000003  c_w.l(_printf_f.o)
    0x08000172   0x08000172   0x00000006   Code   RO          995    .ARM.Collect$$_printf_percent$$00000004  c_w.l(_printf_e.o)
    0x08000178   0x08000178   0x00000006   Code   RO          996    .ARM.Collect$$_printf_percent$$00000005  c_w.l(_printf_g.o)
    0x0800017e   0x0800017e   0x00000006   Code   RO          997    .ARM.Collect$$_printf_percent$$00000006  c_w.l(_printf_a.o)
    0x08000184   0x08000184   0x0000000a   Code   RO         1002    .ARM.Collect$$_printf_percent$$00000007  c_w.l(_printf_ll.o)
    0x0800018e   0x0800018e   0x00000006   Code   RO          991    .ARM.Collect$$_printf_percent$$00000008  c_w.l(_printf_i.o)
    0x08000194   0x08000194   0x00000006   Code   RO          992    .ARM.Collect$$_printf_percent$$00000009  c_w.l(_printf_d.o)
    0x0800019a   0x0800019a   0x00000006   Code   RO          993    .ARM.Collect$$_printf_percent$$0000000A  c_w.l(_printf_u.o)
    0x080001a0   0x080001a0   0x00000006   Code   RO          990    .ARM.Collect$$_printf_percent$$0000000B  c_w.l(_printf_o.o)
    0x080001a6   0x080001a6   0x00000006   Code   RO          988    .ARM.Collect$$_printf_percent$$0000000C  c_w.l(_printf_x.o)
    0x080001ac   0x080001ac   0x00000006   Code   RO          999    .ARM.Collect$$_printf_percent$$0000000D  c_w.l(_printf_lli.o)
    0x080001b2   0x080001b2   0x00000006   Code   RO         1000    .ARM.Collect$$_printf_percent$$0000000E  c_w.l(_printf_lld.o)
    0x080001b8   0x080001b8   0x00000006   Code   RO         1001    .ARM.Collect$$_printf_percent$$0000000F  c_w.l(_printf_llu.o)
    0x080001be   0x080001be   0x00000006   Code   RO         1006    .ARM.Collect$$_printf_percent$$00000010  c_w.l(_printf_llo.o)
    0x080001c4   0x080001c4   0x00000006   Code   RO         1007    .ARM.Collect$$_printf_percent$$00000011  c_w.l(_printf_llx.o)
    0x080001ca   0x080001ca   0x0000000a   Code   RO         1003    .ARM.Collect$$_printf_percent$$00000012  c_w.l(_printf_l.o)
    0x080001d4   0x080001d4   0x00000006   Code   RO          985    .ARM.Collect$$_printf_percent$$00000013  c_w.l(_printf_c.o)
    0x080001da   0x080001da   0x00000006   Code   RO          986    .ARM.Collect$$_printf_percent$$00000014  c_w.l(_printf_s.o)
    0x080001e0   0x080001e0   0x00000006   Code   RO         1004    .ARM.Collect$$_printf_percent$$00000015  c_w.l(_printf_lc.o)
    0x080001e6   0x080001e6   0x00000006   Code   RO         1005    .ARM.Collect$$_printf_percent$$00000016  c_w.l(_printf_ls.o)
    0x080001ec   0x080001ec   0x00000004   Code   RO         1059    .ARM.Collect$$_printf_percent$$00000017  c_w.l(_printf_percent_end.o)
    0x080001f0   0x080001f0   0x00000002   Code   RO         1112    .ARM.Collect$$libinit$$00000000  c_w.l(libinit.o)
    0x080001f2   0x080001f2   0x00000000   Code   RO         1130    .ARM.Collect$$libinit$$00000002  c_w.l(libinit2.o)
    0x080001f2   0x080001f2   0x00000000   Code   RO         1132    .ARM.Collect$$libinit$$00000004  c_w.l(libinit2.o)
    0x080001f2   0x080001f2   0x00000000   Code   RO         1134    .ARM.Collect$$libinit$$00000006  c_w.l(libinit2.o)
    0x080001f2   0x080001f2   0x00000000   Code   RO         1137    .ARM.Collect$$libinit$$0000000C  c_w.l(libinit2.o)
    0x080001f2   0x080001f2   0x00000000   Code   RO         1139    .ARM.Collect$$libinit$$0000000E  c_w.l(libinit2.o)
    0x080001f2   0x080001f2   0x00000000   Code   RO         1141    .ARM.Collect$$libinit$$00000010  c_w.l(libinit2.o)
    0x080001f2   0x080001f2   0x00000006   Code   RO         1142    .ARM.Collect$$libinit$$00000011  c_w.l(libinit2.o)
    0x080001f8   0x080001f8   0x00000000   Code   RO         1144    .ARM.Collect$$libinit$$00000013  c_w.l(libinit2.o)
    0x080001f8   0x080001f8   0x0000000c   Code   RO         1145    .ARM.Collect$$libinit$$00000014  c_w.l(libinit2.o)
    0x08000204   0x08000204   0x00000000   Code   RO         1146    .ARM.Collect$$libinit$$00000015  c_w.l(libinit2.o)
    0x08000204   0x08000204   0x00000000   Code   RO         1148    .ARM.Collect$$libinit$$00000017  c_w.l(libinit2.o)
    0x08000204   0x08000204   0x0000000a   Code   RO         1149    .ARM.Collect$$libinit$$00000018  c_w.l(libinit2.o)
    0x0800020e   0x0800020e   0x00000000   Code   RO         1150    .ARM.Collect$$libinit$$00000019  c_w.l(libinit2.o)
    0x0800020e   0x0800020e   0x00000000   Code   RO         1152    .ARM.Collect$$libinit$$0000001B  c_w.l(libinit2.o)
    0x0800020e   0x0800020e   0x00000000   Code   RO         1154    .ARM.Collect$$libinit$$0000001D  c_w.l(libinit2.o)
    0x0800020e   0x0800020e   0x00000000   Code   RO         1156    .ARM.Collect$$libinit$$0000001F  c_w.l(libinit2.o)
    0x0800020e   0x0800020e   0x00000000   Code   RO         1158    .ARM.Collect$$libinit$$00000021  c_w.l(libinit2.o)
    0x0800020e   0x0800020e   0x00000000   Code   RO         1160    .ARM.Collect$$libinit$$00000023  c_w.l(libinit2.o)
    0x0800020e   0x0800020e   0x00000000   Code   RO         1162    .ARM.Collect$$libinit$$00000025  c_w.l(libinit2.o)
    0x0800020e   0x0800020e   0x00000000   Code   RO         1164    .ARM.Collect$$libinit$$00000027  c_w.l(libinit2.o)
    0x0800020e   0x0800020e   0x00000000   Code   RO         1168    .ARM.Collect$$libinit$$0000002E  c_w.l(libinit2.o)
    0x0800020e   0x0800020e   0x00000000   Code   RO         1170    .ARM.Collect$$libinit$$00000030  c_w.l(libinit2.o)
    0x0800020e   0x0800020e   0x00000000   Code   RO         1172    .ARM.Collect$$libinit$$00000032  c_w.l(libinit2.o)
    0x0800020e   0x0800020e   0x00000000   Code   RO         1174    .ARM.Collect$$libinit$$00000034  c_w.l(libinit2.o)
    0x0800020e   0x0800020e   0x00000002   Code   RO         1175    .ARM.Collect$$libinit$$00000035  c_w.l(libinit2.o)
    0x08000210   0x08000210   0x00000002   Code   RO         1199    .ARM.Collect$$libshutdown$$00000000  c_w.l(libshutdown.o)
    0x08000212   0x08000212   0x00000000   Code   RO         1214    .ARM.Collect$$libshutdown$$00000002  c_w.l(libshutdown2.o)
    0x08000212   0x08000212   0x00000000   Code   RO         1216    .ARM.Collect$$libshutdown$$00000004  c_w.l(libshutdown2.o)
    0x08000212   0x08000212   0x00000000   Code   RO         1219    .ARM.Collect$$libshutdown$$00000007  c_w.l(libshutdown2.o)
    0x08000212   0x08000212   0x00000000   Code   RO         1222    .ARM.Collect$$libshutdown$$0000000A  c_w.l(libshutdown2.o)
    0x08000212   0x08000212   0x00000000   Code   RO         1224    .ARM.Collect$$libshutdown$$0000000C  c_w.l(libshutdown2.o)
    0x08000212   0x08000212   0x00000000   Code   RO         1227    .ARM.Collect$$libshutdown$$0000000F  c_w.l(libshutdown2.o)
    0x08000212   0x08000212   0x00000002   Code   RO         1228    .ARM.Collect$$libshutdown$$00000010  c_w.l(libshutdown2.o)
    0x08000214   0x08000214   0x00000000   Code   RO          916    .ARM.Collect$$rtentry$$00000000  c_w.l(__rtentry.o)
    0x08000214   0x08000214   0x00000000   Code   RO         1028    .ARM.Collect$$rtentry$$00000002  c_w.l(__rtentry2.o)
    0x08000214   0x08000214   0x00000006   Code   RO         1040    .ARM.Collect$$rtentry$$00000004  c_w.l(__rtentry4.o)
    0x0800021a   0x0800021a   0x00000000   Code   RO         1030    .ARM.Collect$$rtentry$$00000009  c_w.l(__rtentry2.o)
    0x0800021a   0x0800021a   0x00000004   Code   RO         1031    .ARM.Collect$$rtentry$$0000000A  c_w.l(__rtentry2.o)
    0x0800021e   0x0800021e   0x00000000   Code   RO         1033    .ARM.Collect$$rtentry$$0000000C  c_w.l(__rtentry2.o)
    0x0800021e   0x0800021e   0x00000008   Code   RO         1034    .ARM.Collect$$rtentry$$0000000D  c_w.l(__rtentry2.o)
    0x08000226   0x08000226   0x00000002   Code   RO         1120    .ARM.Collect$$rtexit$$00000000  c_w.l(rtexit.o)
    0x08000228   0x08000228   0x00000000   Code   RO         1177    .ARM.Collect$$rtexit$$00000002  c_w.l(rtexit2.o)
    0x08000228   0x08000228   0x00000004   Code   RO         1178    .ARM.Collect$$rtexit$$00000003  c_w.l(rtexit2.o)
    0x0800022c   0x0800022c   0x00000006   Code   RO         1179    .ARM.Collect$$rtexit$$00000004  c_w.l(rtexit2.o)
    0x08000232   0x08000232   0x00000002   PAD
    0x08000234   0x08000234   0x00000068   Code   RO          111  * .text               startup_mdr32f9q2i.o
    0x0800029c   0x0800029c   0x00000040   Code   RO          890    .text               c_w.l(snprintf.o)
    0x080002dc   0x080002dc   0x00000006   Code   RO          892    .text               c_w.l(heapauxi.o)
    0x080002e2   0x080002e2   0x0000004e   Code   RO          919    .text               c_w.l(_printf_pad.o)
    0x08000330   0x08000330   0x00000024   Code   RO          921    .text               c_w.l(_printf_truncate.o)
    0x08000354   0x08000354   0x00000052   Code   RO          923    .text               c_w.l(_printf_str.o)
    0x080003a6   0x080003a6   0x00000002   PAD
    0x080003a8   0x080003a8   0x00000078   Code   RO          925    .text               c_w.l(_printf_dec.o)
    0x08000420   0x08000420   0x00000028   Code   RO          927    .text               c_w.l(_printf_charcount.o)
    0x08000448   0x08000448   0x00000030   Code   RO          929    .text               c_w.l(_printf_char_common.o)
    0x08000478   0x08000478   0x00000010   Code   RO          931    .text               c_w.l(_snputc.o)
    0x08000488   0x08000488   0x000000bc   Code   RO          933    .text               c_w.l(_printf_wctomb.o)
    0x08000544   0x08000544   0x0000007c   Code   RO          936    .text               c_w.l(_printf_longlong_dec.o)
    0x080005c0   0x080005c0   0x00000070   Code   RO          942    .text               c_w.l(_printf_oct_int_ll.o)
    0x08000630   0x08000630   0x00000094   Code   RO          962    .text               c_w.l(_printf_hex_int_ll_ptr.o)
    0x080006c4   0x080006c4   0x00000188   Code   RO          982    .text               c_w.l(__printf_flags_ss_wp.o)
    0x0800084c   0x0800084c   0x0000008a   Code   RO         1042    .text               c_w.l(lludiv10.o)
    0x080008d6   0x080008d6   0x000000b2   Code   RO         1044    .text               c_w.l(_printf_intcommon.o)
    0x08000988   0x08000988   0x0000041c   Code   RO         1046    .text               c_w.l(_printf_fp_dec.o)
    0x08000da4   0x08000da4   0x000002fc   Code   RO         1050    .text               c_w.l(_printf_fp_hex.o)
    0x080010a0   0x080010a0   0x0000002c   Code   RO         1055    .text               c_w.l(_printf_char.o)
    0x080010cc   0x080010cc   0x0000002c   Code   RO         1057    .text               c_w.l(_printf_wchar.o)
    0x080010f8   0x080010f8   0x00000048   Code   RO         1060    .text               c_w.l(_c16rtomb.o)
    0x08001140   0x08001140   0x0000004a   Code   RO         1064    .text               c_w.l(sys_stackheap_outer.o)
    0x0800118a   0x0800118a   0x00000002   PAD
    0x0800118c   0x0800118c   0x00000010   Code   RO         1066    .text               c_w.l(rt_ctype_table.o)
    0x0800119c   0x0800119c   0x00000008   Code   RO         1071    .text               c_w.l(rt_locale_intlibspace.o)
    0x080011a4   0x080011a4   0x00000080   Code   RO         1073    .text               c_w.l(_printf_fp_infnan.o)
    0x08001224   0x08001224   0x000000e4   Code   RO         1075    .text               c_w.l(bigflt0.o)
    0x08001308   0x08001308   0x00000012   Code   RO         1105    .text               c_w.l(exit.o)
    0x0800131a   0x0800131a   0x00000002   PAD
    0x0800131c   0x0800131c   0x00000008   Code   RO         1117    .text               c_w.l(libspace.o)
    0x08001324   0x08001324   0x00000080   Code   RO         1127    .text               c_w.l(strcmpv7m.o)
    0x080013a4   0x080013a4   0x0000000c   Code   RO         1189    .text               c_w.l(sys_exit.o)
    0x080013b0   0x080013b0   0x00000002   Code   RO         1204    .text               c_w.l(use_no_semi.o)
    0x080013b2   0x080013b2   0x00000000   Code   RO         1206    .text               c_w.l(indicate_semi.o)
    0x080013b2   0x080013b2   0x00000002   PAD
    0x080013b4   0x080013b4   0x0000003e   Code   RO          146    .text.ADC2_Cmd      mdr32fxqi_adc.o
    0x080013f2   0x080013f2   0x00000002   PAD
    0x080013f4   0x080013f4   0x00000044   Code   RO          212    .text.ADC2_ITConfig  mdr32fxqi_adc.o
    0x08001438   0x08001438   0x00000092   Code   RO          140    .text.ADC2_Init     mdr32fxqi_adc.o
    0x080014ca   0x080014ca   0x00000002   PAD
    0x080014cc   0x080014cc   0x0000007c   Code   RO          130    .text.ADC_DeInit    mdr32fxqi_adc.o
    0x08001548   0x08001548   0x00000058   Code   RO          132    .text.ADC_Init      mdr32fxqi_adc.o
    0x080015a0   0x080015a0   0x00000026   Code   RO          134    .text.ADC_StructInit  mdr32fxqi_adc.o
    0x080015c6   0x080015c6   0x00000002   PAD
    0x080015c8   0x080015c8   0x0000003c   Code   RO           12    .text.ADC_ToTemp    adc.o
    0x08001604   0x08001604   0x0000003a   Code   RO          142    .text.ADCx_StructInit  mdr32fxqi_adc.o
    0x0800163e   0x0800163e   0x00000002   PAD
    0x08001640   0x08001640   0x0000002c   Code   RO          263    .text.BKP_DUccMode  mdr32fxqi_bkp.o
    0x0800166c   0x0800166c   0x0000008e   Code   RO           27    .text.ClockInit     main.o
    0x080016fa   0x080016fa   0x00000002   PAD
    0x080016fc   0x080016fc   0x00000068   Code   RO          323    .text.DMA_ChannelReloadCycle  mdr32fxqi_dma.o
    0x08001764   0x08001764   0x0000003e   Code   RO          317    .text.DMA_Cmd       mdr32fxqi_dma.o
    0x080017a2   0x080017a2   0x00000002   PAD
    0x080017a4   0x080017a4   0x000000a2   Code   RO          303    .text.DMA_CtrlDataInit  mdr32fxqi_dma.o
    0x08001846   0x08001846   0x00000002   PAD
    0x08001848   0x08001848   0x0000007c   Code   RO          299    .text.DMA_DeInit    mdr32fxqi_dma.o
    0x080018c4   0x080018c4   0x000000fa   Code   RO          327    .text.DMA_GetFlagStatus  mdr32fxqi_dma.o
    0x080019be   0x080019be   0x00000002   PAD
    0x080019c0   0x080019c0   0x0000002c   Code   RO            2    .text.DMA_IRQHandler  adc.o
    0x080019ec   0x080019ec   0x00000134   Code   RO          311    .text.DMA_Init      mdr32fxqi_dma.o
    0x08001b20   0x08001b20   0x00000022   Code   RO          313    .text.DMA_StructInit  mdr32fxqi_dma.o
    0x08001b42   0x08001b42   0x00000002   PAD
    0x08001b44   0x08001b44   0x00000018   Code   RO          337    .text.EEPROM_SetLatency  mdr32fxqi_eeprom.o
    0x08001b5c   0x08001b5c   0x0000004c   Code   RO           10    .text.Get_Avg_ADC_value  adc.o
    0x08001ba8   0x08001ba8   0x0000004c   Code   RO           88    .text.LedPortInit   timer.o
    0x08001bf4   0x08001bf4   0x00000024   Code   RO          301    .text.NVIC_ClearPendingIRQ  mdr32fxqi_dma.o
    0x08001c18   0x08001c18   0x00000024   Code   RO          847    .text.NVIC_DisableIRQ  mdr32fxqi_usb_device.o
    0x08001c3c   0x08001c3c   0x00000024   Code   RO            8    .text.NVIC_EnableIRQ  adc.o
    0x08001c60   0x08001c60   0x00000024   Code   RO           64    .text.NVIC_EnableIRQ  usb.o
    0x08001c84   0x08001c84   0x00000024   Code   RO           92    .text.NVIC_EnableIRQ  timer.o
    0x08001ca8   0x08001ca8   0x00000024   Code   RO          849    .text.NVIC_EnableIRQ  mdr32fxqi_usb_device.o
    0x08001ccc   0x08001ccc   0x00000120   Code   RO           46    .text.PID_Update    pwm.o
    0x08001dec   0x08001dec   0x0000002a   Code   RO          350    .text.PORT_DeInit   mdr32fxqi_port.o
    0x08001e16   0x08001e16   0x00000002   PAD
    0x08001e18   0x08001e18   0x0000022c   Code   RO          352    .text.PORT_Init     mdr32fxqi_port.o
    0x08002044   0x08002044   0x00000024   Code   RO          362    .text.PORT_ResetBits  mdr32fxqi_port.o
    0x08002068   0x08002068   0x0000002a   Code   RO          360    .text.PORT_SetBits  mdr32fxqi_port.o
    0x08002092   0x08002092   0x00000002   PAD
    0x08002094   0x08002094   0x00000036   Code   RO          354    .text.PORT_StructInit  mdr32fxqi_port.o
    0x080020ca   0x080020ca   0x00000002   PAD
    0x080020cc   0x080020cc   0x00000064   Code   RO           44    .text.PWM_SetDutyCycle  pwm.o
    0x08002130   0x08002130   0x00000044   Code   RO           40    .text.PortInit      pwm.o
    0x08002174   0x08002174   0x00000016   Code   RO          428    .text.RST_CLK_CPU_PLLcmd  mdr32fxqi_rst_clk.o
    0x0800218a   0x0800218a   0x00000002   PAD
    0x0800218c   0x0800218c   0x00000068   Code   RO          424    .text.RST_CLK_CPU_PLLconfig  mdr32fxqi_rst_clk.o
    0x080021f4   0x080021f4   0x00000064   Code   RO          430    .text.RST_CLK_CPU_PLLstatus  mdr32fxqi_rst_clk.o
    0x08002258   0x08002258   0x00000018   Code   RO          426    .text.RST_CLK_CPU_PLLuse  mdr32fxqi_rst_clk.o
    0x08002270   0x08002270   0x0000002c   Code   RO          432    .text.RST_CLK_CPUclkPrescaler  mdr32fxqi_rst_clk.o
    0x0800229c   0x0800229c   0x0000002a   Code   RO          434    .text.RST_CLK_CPUclkSelection  mdr32fxqi_rst_clk.o
    0x080022c6   0x080022c6   0x00000002   PAD
    0x080022c8   0x080022c8   0x000000d8   Code   RO          398    .text.RST_CLK_DeInit  mdr32fxqi_rst_clk.o
    0x080023a0   0x080023a0   0x00000058   Code   RO          410    .text.RST_CLK_GetFlagStatus  mdr32fxqi_rst_clk.o
    0x080023f8   0x080023f8   0x00000050   Code   RO          406    .text.RST_CLK_HSEconfig  mdr32fxqi_rst_clk.o
    0x08002448   0x08002448   0x00000064   Code   RO          408    .text.RST_CLK_HSEstatus  mdr32fxqi_rst_clk.o
    0x080024ac   0x080024ac   0x00000018   Code   RO          402    .text.RST_CLK_HSIcmd  mdr32fxqi_rst_clk.o
    0x080024c4   0x080024c4   0x00000064   Code   RO          404    .text.RST_CLK_HSIstatus  mdr32fxqi_rst_clk.o
    0x08002528   0x08002528   0x00000034   Code   RO          464    .text.RST_CLK_PCLKcmd  mdr32fxqi_rst_clk.o
    0x0800255c   0x0800255c   0x00000066   Code   RO          400    .text.RST_CLK_WarmDeInit  mdr32fxqi_rst_clk.o
    0x080025c2   0x080025c2   0x00000002   PAD
    0x080025c4   0x080025c4   0x0000004c   Code   RO           62    .text.Setup_USB     usb.o
    0x08002610   0x08002610   0x000000ee   Code   RO          118    .text.SystemCoreClockUpdate  system_mdr32f9q2i.o
    0x080026fe   0x080026fe   0x00000002   PAD
    0x08002700   0x08002700   0x00000076   Code   RO          120    .text.SystemInit    system_mdr32f9q2i.o
    0x08002776   0x08002776   0x00000002   PAD
    0x08002778   0x08002778   0x000000a8   Code   RO          593    .text.TIMER_BRGInit  mdr32fxqi_timer.o
    0x08002820   0x08002820   0x00000088   Code   RO          519    .text.TIMER_ChnInit  mdr32fxqi_timer.o
    0x080028a8   0x080028a8   0x0000005c   Code   RO          559    .text.TIMER_ChnOutInit  mdr32fxqi_timer.o
    0x08002904   0x08002904   0x00000032   Code   RO          561    .text.TIMER_ChnOutStructInit  mdr32fxqi_timer.o
    0x08002936   0x08002936   0x00000002   PAD
    0x08002938   0x08002938   0x00000040   Code   RO          521    .text.TIMER_ChnStructInit  mdr32fxqi_timer.o
    0x08002978   0x08002978   0x00000012   Code   RO          585    .text.TIMER_ClearFlag  mdr32fxqi_timer.o
    0x0800298a   0x0800298a   0x00000002   PAD
    0x0800298c   0x0800298c   0x00000034   Code   RO          481    .text.TIMER_Cmd     mdr32fxqi_timer.o
    0x080029c0   0x080029c0   0x00000058   Code   RO          477    .text.TIMER_CntInit  mdr32fxqi_timer.o
    0x08002a18   0x08002a18   0x0000008a   Code   RO          475    .text.TIMER_DeInit  mdr32fxqi_timer.o
    0x08002aa2   0x08002aa2   0x00000002   PAD
    0x08002aa4   0x08002aa4   0x0000002a   Code   RO          583    .text.TIMER_GetFlagStatus  mdr32fxqi_timer.o
    0x08002ace   0x08002ace   0x00000002   PAD
    0x08002ad0   0x08002ad0   0x00000036   Code   RO          589    .text.TIMER_ITConfig  mdr32fxqi_timer.o
    0x08002b06   0x08002b06   0x00000002   PAD
    0x08002b08   0x08002b08   0x00000026   Code   RO          523    .text.TIMER_SetChnCompare  mdr32fxqi_timer.o
    0x08002b2e   0x08002b2e   0x00000002   PAD
    0x08002b30   0x08002b30   0x00000070   Code   RO           94    .text.Timer1_IRQHandler  timer.o
    0x08002ba0   0x08002ba0   0x000000c0   Code   RO           42    .text.TimerInit     pwm.o
    0x08002c60   0x08002c60   0x0000007a   Code   RO           90    .text.Timer_1_Init  timer.o
    0x08002cda   0x08002cda   0x00000002   PAD
    0x08002cdc   0x08002cdc   0x00000068   Code   RO          602    .text.USB_BRGInit   mdr32fxqi_usb.o
    0x08002d44   0x08002d44   0x00000118   Code   RO          778    .text.USB_CDC_ClassRequest  mdr32fxqi_usb_cdc.o
    0x08002e5c   0x08002e5c   0x00000064   Code   RO          780    .text.USB_CDC_DoDataOut  mdr32fxqi_usb_cdc.o
    0x08002ec0   0x08002ec0   0x000000a6   Code   RO          776    .text.USB_CDC_GetDescriptor  mdr32fxqi_usb_cdc.o
    0x08002f66   0x08002f66   0x00000002   PAD
    0x08002f68   0x08002f68   0x0000003a   Code   RO           72    .text.USB_CDC_GetLineCoding  usb.o
    0x08002fa2   0x08002fa2   0x00000002   PAD
    0x08002fa4   0x08002fa4   0x00000032   Code   RO          760    .text.USB_CDC_Init  mdr32fxqi_usb_cdc.o
    0x08002fd6   0x08002fd6   0x00000002   PAD
    0x08002fd8   0x08002fd8   0x0000006e   Code   RO          766    .text.USB_CDC_OnDataReceive  mdr32fxqi_usb_cdc.o
    0x08003046   0x08003046   0x00000002   PAD
    0x08003048   0x08003048   0x0000001a   Code   RO          772    .text.USB_CDC_OnDataSent  mdr32fxqi_usb_cdc.o
    0x08003062   0x08003062   0x00000002   PAD
    0x08003064   0x08003064   0x0000001a   Code   RO           70    .text.USB_CDC_RecieveData  usb.o
    0x0800307e   0x0800307e   0x00000002   PAD
    0x08003080   0x08003080   0x00000070   Code   RO          774    .text.USB_CDC_Reset  mdr32fxqi_usb_cdc.o
    0x080030f0   0x080030f0   0x0000004c   Code   RO          770    .text.USB_CDC_SendData  mdr32fxqi_usb_cdc.o
    0x0800313c   0x0800313c   0x0000003a   Code   RO           74    .text.USB_CDC_SetLineCoding  usb.o
    0x08003176   0x08003176   0x00000002   PAD
    0x08003178   0x08003178   0x0000001c   Code   RO          762    .text.USB_CDC_SetReceiveBuffer  mdr32fxqi_usb_cdc.o
    0x08003194   0x08003194   0x00000040   Code   RO          837    .text.USB_DeviceClearFeature  mdr32fxqi_usb_device.o
    0x080031d4   0x080031d4   0x000000a0   Code   RO          845    .text.USB_DeviceDispatchEvent  mdr32fxqi_usb_device.o
    0x08003274   0x08003274   0x0000001e   Code   RO          835    .text.USB_DeviceDoStatusOutAck  mdr32fxqi_usb_device.o
    0x08003292   0x08003292   0x00000002   PAD
    0x08003294   0x08003294   0x00000066   Code   RO          821    .text.USB_DeviceInit  mdr32fxqi_usb_device.o
    0x080032fa   0x080032fa   0x00000002   PAD
    0x080032fc   0x080032fc   0x00000018   Code   RO          825    .text.USB_DevicePowerOn  mdr32fxqi_usb_device.o
    0x08003314   0x08003314   0x00000010   Code   RO          829    .text.USB_DeviceReset  mdr32fxqi_usb_device.o
    0x08003324   0x08003324   0x00000042   Code   RO          839    .text.USB_DeviceSetFeature  mdr32fxqi_usb_device.o
    0x08003366   0x08003366   0x00000002   PAD
    0x08003368   0x08003368   0x00000422   Code   RO          823    .text.USB_DeviceSetupPacket  mdr32fxqi_usb_device.o
    0x0800378a   0x0800378a   0x00000002   PAD
    0x0800378c   0x0800378c   0x00000030   Code   RO          841    .text.USB_Device_setAddressWork  mdr32fxqi_usb_device.o
    0x080037bc   0x080037bc   0x00000062   Code   RO          805    .text.USB_EP_Idle   mdr32fxqi_usb_device.o
    0x0800381e   0x0800381e   0x00000002   PAD
    0x08003820   0x08003820   0x00000066   Code   RO          801    .text.USB_EP_Init   mdr32fxqi_usb_device.o
    0x08003886   0x08003886   0x00000002   PAD
    0x08003888   0x08003888   0x00000038   Code   RO          807    .text.USB_EP_SetReady  mdr32fxqi_usb_device.o
    0x080038c0   0x080038c0   0x0000007e   Code   RO          809    .text.USB_EP_Stall  mdr32fxqi_usb_device.o
    0x0800393e   0x0800393e   0x00000002   PAD
    0x08003940   0x08003940   0x000003ca   Code   RO          819    .text.USB_EP_dispatchEvent  mdr32fxqi_usb_device.o
    0x08003d0a   0x08003d0a   0x00000002   PAD
    0x08003d0c   0x08003d0c   0x0000006a   Code   RO          811    .text.USB_EP_doDataIn  mdr32fxqi_usb_device.o
    0x08003d76   0x08003d76   0x00000002   PAD
    0x08003d78   0x08003d78   0x00000054   Code   RO          815    .text.USB_EP_doDataOut  mdr32fxqi_usb_device.o
    0x08003dcc   0x08003dcc   0x000000c0   Code   RO          813    .text.USB_EP_sendInDataPortion  mdr32fxqi_usb_device.o
    0x08003e8c   0x08003e8c   0x00000056   Code   RO          817    .text.USB_EP_setSetupHandler  mdr32fxqi_usb_device.o
    0x08003ee2   0x08003ee2   0x00000002   PAD
    0x08003ee4   0x08003ee4   0x0000001a   Code   RO          674    .text.USB_GetSEPxCTRL  mdr32fxqi_usb.o
    0x08003efe   0x08003efe   0x00000002   PAD
    0x08003f00   0x08003f00   0x0000001a   Code   RO          704    .text.USB_GetSEPxRXFD  mdr32fxqi_usb.o
    0x08003f1a   0x08003f1a   0x00000002   PAD
    0x08003f1c   0x08003f1c   0x0000001a   Code   RO          706    .text.USB_GetSEPxRXFDC  mdr32fxqi_usb.o
    0x08003f36   0x08003f36   0x00000002   PAD
    0x08003f38   0x08003f38   0x0000001a   Code   RO          678    .text.USB_GetSEPxSTS  mdr32fxqi_usb.o
    0x08003f52   0x08003f52   0x00000002   PAD
    0x08003f54   0x08003f54   0x0000001a   Code   RO          680    .text.USB_GetSEPxTS  mdr32fxqi_usb.o
    0x08003f6e   0x08003f6e   0x00000002   PAD
    0x08003f70   0x08003f70   0x0000000c   Code   RO          690    .text.USB_GetSIS    mdr32fxqi_usb.o
    0x08003f7c   0x08003f7c   0x00000008   Code   RO          851    .text.USB_IRQHandler  mdr32fxqi_usb_device.o
    0x08003f84   0x08003f84   0x00000030   Code   RO          604    .text.USB_Reset     mdr32fxqi_usb.o
    0x08003fb4   0x08003fb4   0x0000002e   Code   RO          720    .text.USB_SEPxToggleEPDATASEQ  mdr32fxqi_usb.o
    0x08003fe2   0x08003fe2   0x00000002   PAD
    0x08003fe4   0x08003fe4   0x00000034   Code   RO           68    .text.USB_SendTemp  usb.o
    0x08004018   0x08004018   0x00000030   Code   RO          606    .text.USB_SetHSCR   mdr32fxqi_usb.o
    0x08004048   0x08004048   0x00000014   Code   RO          700    .text.USB_SetSA     mdr32fxqi_usb.o
    0x0800405c   0x0800405c   0x00000030   Code   RO          686    .text.USB_SetSC     mdr32fxqi_usb.o
    0x0800408c   0x0800408c   0x00000040   Code   RO          676    .text.USB_SetSEPxCTRL  mdr32fxqi_usb.o
    0x080040cc   0x080040cc   0x0000001e   Code   RO          710    .text.USB_SetSEPxRXFC  mdr32fxqi_usb.o
    0x080040ea   0x080040ea   0x00000002   PAD
    0x080040ec   0x080040ec   0x0000001e   Code   RO          714    .text.USB_SetSEPxTXFD  mdr32fxqi_usb.o
    0x0800410a   0x0800410a   0x00000002   PAD
    0x0800410c   0x0800410c   0x0000001e   Code   RO          718    .text.USB_SetSEPxTXFDC  mdr32fxqi_usb.o
    0x0800412a   0x0800412a   0x00000002   PAD
    0x0800412c   0x0800412c   0x00000030   Code   RO          696    .text.USB_SetSIM    mdr32fxqi_usb.o
    0x0800415c   0x0800415c   0x00000014   Code   RO          692    .text.USB_SetSIS    mdr32fxqi_usb.o
    0x08004170   0x08004170   0x0000001a   Code   RO           66    .text.VCom_Configuration  usb.o
    0x0800418a   0x0800418a   0x00000002   PAD
    0x0800418c   0x0800418c   0x00000092   Code   RO            6    .text.adcInit       adc.o
    0x0800421e   0x0800421e   0x00000002   PAD
    0x08004220   0x08004220   0x000000d0   Code   RO            4    .text.dmaInit       adc.o
    0x080042f0   0x080042f0   0x00000080   Code   RO           29    .text.main          main.o
    0x08004370   0x08004370   0x0000003e   Code   RO         1078    CL$$btod_d2e        c_w.l(btod.o)
    0x080043ae   0x080043ae   0x00000046   Code   RO         1080    CL$$btod_d2e_denorm_low  c_w.l(btod.o)
    0x080043f4   0x080043f4   0x00000060   Code   RO         1079    CL$$btod_d2e_norm_op1  c_w.l(btod.o)
    0x08004454   0x08004454   0x00000338   Code   RO         1088    CL$$btod_div_common  c_w.l(btod.o)
    0x0800478c   0x0800478c   0x000000dc   Code   RO         1085    CL$$btod_e2e        c_w.l(btod.o)
    0x08004868   0x08004868   0x0000002a   Code   RO         1082    CL$$btod_ediv       c_w.l(btod.o)
    0x08004892   0x08004892   0x0000002a   Code   RO         1081    CL$$btod_emul       c_w.l(btod.o)
    0x080048bc   0x080048bc   0x00000244   Code   RO         1087    CL$$btod_mult_common  c_w.l(btod.o)
    0x08004b00   0x08004b00   0x00000028   Code   RO         1115    i.__ARM_fpclassify  m_ws.l(fpclassify.o)
    0x08004b28   0x08004b28   0x0000000e   Code   RO          975    i._is_digit         c_w.l(__printf_wp.o)
    0x08004b36   0x08004b36   0x00000002   PAD
    0x08004b38   0x08004b38   0x0000002c   Code   RO         1103    locale$$code        c_w.l(lc_numeric_c.o)
    0x08004b64   0x08004b64   0x0000002c   Code   RO         1125    locale$$code        c_w.l(lc_ctype_c.o)
    0x08004b90   0x08004b90   0x000000c4   Code   RO          896    x$fpl$fadd          fz_ws.l(faddsub_clz.o)
    0x08004c54   0x08004c54   0x00000054   Code   RO          902    x$fpl$fcmp          fz_ws.l(fcmp.o)
    0x08004ca8   0x08004ca8   0x00000018   Code   RO         1062    x$fpl$fcmpinf       fz_ws.l(fcmpi.o)
    0x08004cc0   0x08004cc0   0x00000068   Code   RO         1008    x$fpl$feqf          fz_ws.l(feqf.o)
    0x08004d28   0x08004d28   0x00000036   Code   RO          904    x$fpl$ffix          fz_ws.l(ffix.o)
    0x08004d5e   0x08004d5e   0x00000002   PAD
    0x08004d60   0x08004d60   0x00000030   Code   RO          909    x$fpl$fflt          fz_ws.l(fflt_clz.o)
    0x08004d90   0x08004d90   0x00000068   Code   RO         1010    x$fpl$fgeqf         fz_ws.l(fgeqf.o)
    0x08004df8   0x08004df8   0x00000068   Code   RO         1012    x$fpl$fleqf         fz_ws.l(fleqf.o)
    0x08004e60   0x08004e60   0x00000102   Code   RO          914    x$fpl$fmul          fz_ws.l(fmul.o)
    0x08004f62   0x08004f62   0x0000008c   Code   RO         1014    x$fpl$fnaninf       fz_ws.l(fnaninf.o)
    0x08004fee   0x08004fee   0x0000000a   Code   RO         1016    x$fpl$fretinf       fz_ws.l(fretinf.o)
    0x08004ff8   0x08004ff8   0x000000ea   Code   RO          898    x$fpl$fsub          fz_ws.l(faddsub_clz.o)
    0x080050e2   0x080050e2   0x00000004   Code   RO         1018    x$fpl$printf1       fz_ws.l(printf1.o)
    0x080050e6   0x080050e6   0x00000004   Code   RO         1020    x$fpl$printf2       fz_ws.l(printf2.o)
    0x080050ea   0x080050ea   0x00000000   Code   RO         1026    x$fpl$usenofp       fz_ws.l(usenofp.o)
    0x080050ea   0x080050ea   0x00000002   PAD
    0x080050ec   0x080050ec   0x00000008   Data   RO          934    .constdata          c_w.l(_printf_wctomb.o)
    0x080050f4   0x080050f4   0x00000028   Data   RO          963    .constdata          c_w.l(_printf_hex_int_ll_ptr.o)
    0x0800511c   0x0800511c   0x00000011   Data   RO          983    .constdata          c_w.l(__printf_flags_ss_wp.o)
    0x0800512d   0x0800512d   0x00000026   Data   RO         1051    .constdata          c_w.l(_printf_fp_hex.o)
    0x08005153   0x08005153   0x00000001   PAD
    0x08005154   0x08005154   0x00000094   Data   RO         1076    .constdata          c_w.l(bigflt0.o)
    0x080051e8   0x080051e8   0x0000000d   Data   RO           80    .rodata.str1.1      usb.o
    0x080051f5   0x080051f5   0x00000003   PAD
    0x080051f8   0x080051f8   0x00000020   Data   RO         1262    Region$$Table       anon$$obj.o
    0x08005218   0x08005218   0x0000001c   Data   RO         1102    locale$$data        c_w.l(lc_numeric_c.o)
    0x08005234   0x08005234   0x00000110   Data   RO         1124    locale$$data        c_w.l(lc_ctype_c.o)


    Execution Region ER_RW (Exec base: 0x20000000, Load base: 0x08005344, Size: 0x00000060, Max: 0xffffffff, ABSOLUTE)

    Exec Addr    Load Addr    Size         Type   Attr      Idx    E Section Name        Object

    0x20000000   0x08005344   0x00000002   Data   RW           48    .data.CCR1_Val      pwm.o
    0x20000002   0x08005346   0x00000002   PAD
    0x20000004   0x08005348   0x00000004   Data   RW          122    .data.SystemCoreClock  system_mdr32f9q2i.o
    0x20000008   0x0800534c   0x00000043   Data   RW          792    .data.Usb_CDC_Configuration_Descriptor  mdr32fxqi_usb_cdc.o
    0x2000004b   0x0800538f   0x00000012   Data   RW          791    .data.Usb_CDC_Device_Descriptor  mdr32fxqi_usb_cdc.o


    Execution Region ER_ZI (Exec base: 0x20000400, Load base: 0x080053a4, Size: 0x00001020, Max: 0xffffffff, ABSOLUTE)

    Exec Addr    Load Addr    Size         Type   Attr      Idx    E Section Name        Object

    0x20000400        -       0x00000060   Zero   RW         1118    .bss                c_w.l(libspace.o)
    0x20000460        -       0x00000014   Zero   RW           15    .bss.ADCConvertedValue  adc.o
    0x20000474        -       0x00000064   Zero   RW           31    .bss.Buffer         main.o
    0x200004d8        -       0x00000008   Zero   RW          793    .bss.CDC_ClassPacketData  mdr32fxqi_usb_cdc.o
    0x200004e0        -       0x00000024   Zero   RW           16    .bss.DMA_AltCtrlStr  adc.o
    0x20000504   0x080053a4   0x000002fc   PAD
    0x20000800        -       0x00000400   Zero   RW          329    .bss.DMA_ControlTable  mdr32fxqi_dma.o
    0x20000c00        -       0x00000010   Zero   RW           17    .bss.DMA_InitStr    adc.o
    0x20000c10        -       0x00000024   Zero   RW           14    .bss.DMA_PriCtrlStr  adc.o
    0x20000c34        -       0x0000000c   Zero   RW           97    .bss.LED_PORT_InitStructure  timer.o
    0x20000c40        -       0x00000004   Zero   RW           99    .bss.LedState       timer.o
    0x20000c44        -       0x00000008   Zero   RW           78    .bss.LineCoding     usb.o
    0x20000c4c        -       0x0000000c   Zero   RW           49    .bss.PORT_InitStructure  pwm.o
    0x20000c58        -       0x00000002   Zero   RW          880    .bss.SetupPacketData  mdr32fxqi_usb_device.o
    0x20000c5a   0x080053a4   0x00000002   PAD
    0x20000c5c        -       0x0000000c   Zero   RW          790    .bss.USB_CDCContext  mdr32fxqi_usb_cdc.o
    0x20000c68        -       0x00000002   Zero   RW           76    .bss.USB_Clock_InitStruct  usb.o
    0x20000c6a        -       0x00000008   Zero   RW          878    .bss.USB_CurrentSetupPacket  mdr32fxqi_usb_device.o
    0x20000c72   0x080053a4   0x00000002   PAD
    0x20000c74        -       0x0000000c   Zero   RW           77    .bss.USB_DeviceBUSParam  usb.o
    0x20000c80        -       0x0000000c   Zero   RW          879    .bss.USB_DeviceContext  mdr32fxqi_usb_device.o
    0x20000c8c        -       0x00000004   Zero   RW          881    .bss.USB_DeviceDispatchEvent.bHandling  mdr32fxqi_usb_device.o
    0x20000c90        -       0x000000b0   Zero   RW          877    .bss.USB_EPContext  mdr32fxqi_usb_device.o
    0x20000d40        -       0x00000040   Zero   RW           79    .bss.USB_SendTemp.txBuffer  usb.o
    0x20000d80        -       0x00000004   Zero   RW           53    .bss.pid_integral   pwm.o
    0x20000d84        -       0x00000004   Zero   RW           54    .bss.pid_prev_error  pwm.o
    0x20000d88        -       0x0000001c   Zero   RW           18    .bss.sADC           adc.o
    0x20000da4        -       0x0000001c   Zero   RW           19    .bss.sADCx          adc.o
    0x20000dc0        -       0x00000018   Zero   RW           98    .bss.sTIM_1_CntInit  timer.o
    0x20000dd8        -       0x0000001a   Zero   RW           51    .bss.sTIM_ChnInit   pwm.o
    0x20000df2        -       0x00000014   Zero   RW           52    .bss.sTIM_ChnOutInit  pwm.o
    0x20000e06        -       0x00000018   Zero   RW           50    .bss.sTIM_CntInit   pwm.o
    0x20000e1e        -       0x00000001   Zero   RW           96    .bss.usb_transmit_flag  timer.o
    0x20000e1f   0x080053a4   0x00000001   PAD
    0x20000e20        -       0x00000200   Zero   RW          109    HEAP                startup_mdr32f9q2i.o
    0x20001020        -       0x00000400   Zero   RW          108    STACK               startup_mdr32f9q2i.o


==============================================================================

Image component sizes


      Code (inc. data)   RO Data    RW Data    ZI Data      Debug   Object Name

       570          0          0          0        164       9290   adc.o
       270          0          0          0        100       2855   main.o
       584          0          0          0          0      10942   mdr32fxqi_adc.o
        44          0          0          0          0       6357   mdr32fxqi_bkp.o
      1080          8          0          0       1024       8794   mdr32fxqi_dma.o
        24          0          0          0          0       5314   mdr32fxqi_eeprom.o
       730          0          0          0          0       5059   mdr32fxqi_port.o
      1098         64          0          0          0      11728   mdr32fxqi_rst_clk.o
       940          0          0          0          0      20884   mdr32fxqi_timer.o
       678          0          0          0          0      10066   mdr32fxqi_usb.o
       948          0          0         85         20       5907   mdr32fxqi_usb_cdc.o
      3468         38          0          0        202      14321   mdr32fxqi_usb_device.o
       648          0          0          2         90       8262   pwm.o
       104         26        192          0       1536       1708   startup_mdr32f9q2i.o
       356          0          0          4          0       2263   system_mdr32f9q2i.o
       346          0          0          0         41       8685   timer.o
       332          0         13          0         86       4510   usb.o

    ----------------------------------------------------------------------
     12324        136        240         96       4032     136945   Object Totals
         0          0         32          0          0          0   (incl. Generated)
       104          0          3          5        769          0   (incl. Padding)

    ----------------------------------------------------------------------

      Code (inc. data)   RO Data    RW Data    ZI Data      Debug   Library Member Name

         8          0          0          0          0         68   __main.o
       392          4         17          0          0         92   __printf_flags_ss_wp.o
        14          0          0          0          0         68   __printf_wp.o
         0          0          0          0          0          0   __rtentry.o
        12          0          0          0          0          0   __rtentry2.o
         6          0          0          0          0          0   __rtentry4.o
        94          8          0          0          0          0   __scatter.o
        26          0          0          0          0          0   __scatter_copy.o
        28          0          0          0          0          0   __scatter_zi.o
        72          0          0          0          0         96   _c16rtomb.o
         6          0          0          0          0          0   _printf_a.o
         6          0          0          0          0          0   _printf_c.o
        44          0          0          0          0        108   _printf_char.o
        48          6          0          0          0         96   _printf_char_common.o
        40          0          0          0          0         68   _printf_charcount.o
         6          0          0          0          0          0   _printf_d.o
       120         16          0          0          0         92   _printf_dec.o
         6          0          0          0          0          0   _printf_e.o
         6          0          0          0          0          0   _printf_f.o
      1052          0          0          0          0        148   _printf_fp_dec.o
       764          8         38          0          0        100   _printf_fp_hex.o
       128         16          0          0          0         84   _printf_fp_infnan.o
         6          0          0          0          0          0   _printf_g.o
       148          4         40          0          0        160   _printf_hex_int_ll_ptr.o
         6          0          0          0          0          0   _printf_i.o
       178          0          0          0          0         88   _printf_intcommon.o
        10          0          0          0          0          0   _printf_l.o
         6          0          0          0          0          0   _printf_lc.o
        10          0          0          0          0          0   _printf_ll.o
         6          0          0          0          0          0   _printf_lld.o
         6          0          0          0          0          0   _printf_lli.o
         6          0          0          0          0          0   _printf_llo.o
         6          0          0          0          0          0   _printf_llu.o
         6          0          0          0          0          0   _printf_llx.o
       124         16          0          0          0         92   _printf_longlong_dec.o
         6          0          0          0          0          0   _printf_ls.o
         6          0          0          0          0          0   _printf_n.o
         6          0          0          0          0          0   _printf_o.o
       112          8          0          0          0        124   _printf_oct_int_ll.o
         6          0          0          0          0          0   _printf_p.o
        78          0          0          0          0        108   _printf_pad.o
         0          0          0          0          0          0   _printf_percent.o
         4          0          0          0          0          0   _printf_percent_end.o
         6          0          0          0          0          0   _printf_s.o
        82          0          0          0          0         80   _printf_str.o
        36          0          0          0          0         84   _printf_truncate.o
         6          0          0          0          0          0   _printf_u.o
        44          0          0          0          0        108   _printf_wchar.o
       188          6          8          0          0         92   _printf_wctomb.o
         6          0          0          0          0          0   _printf_x.o
        16          0          0          0          0         68   _snputc.o
       228          4        148          0          0         96   bigflt0.o
      1936        128          0          0          0        668   btod.o
        18          0          0          0          0         80   exit.o
         6          0          0          0          0        152   heapauxi.o
         0          0          0          0          0          0   indicate_semi.o
        44         10        272          0          0         76   lc_ctype_c.o
        44         10         28          0          0         76   lc_numeric_c.o
         2          0          0          0          0          0   libinit.o
        30          0          0          0          0          0   libinit2.o
         2          0          0          0          0          0   libshutdown.o
         2          0          0          0          0          0   libshutdown2.o
         8          4          0          0         96         68   libspace.o
       138          0          0          0          0         80   lludiv10.o
        16          4          0          0          0         76   rt_ctype_table.o
         8          4          0          0          0         68   rt_locale_intlibspace.o
         2          0          0          0          0          0   rtexit.o
        10          0          0          0          0          0   rtexit2.o
        64          6          0          0          0         84   snprintf.o
       128          0          0          0          0         68   strcmpv7m.o
        12          4          0          0          0         68   sys_exit.o
        74          0          0          0          0         80   sys_stackheap_outer.o
         2          0          0          0          0         68   use_no_semi.o
       430          8          0          0          0        168   faddsub_clz.o
        84          0          0          0          0        196   fcmp.o
        24          0          0          0          0         68   fcmpi.o
       104          4          0          0          0         84   feqf.o
        54          4          0          0          0         84   ffix.o
        48          0          0          0          0         68   fflt_clz.o
       104          4          0          0          0         84   fgeqf.o
       104          4          0          0          0         84   fleqf.o
       258          4          0          0          0         84   fmul.o
       140          4          0          0          0         84   fnaninf.o
        10          0          0          0          0         68   fretinf.o
         4          0          0          0          0         68   printf1.o
         4          0          0          0          0         68   printf2.o
         0          0          0          0          0          0   usenofp.o
        40          0          0          0          0         68   fpclassify.o

    ----------------------------------------------------------------------
      8200        298        552          0         96       5108   Library Totals
        20          0          1          0          0          0   (incl. Padding)

    ----------------------------------------------------------------------

      Code (inc. data)   RO Data    RW Data    ZI Data      Debug   Library Name

      6772        266        551          0         96       3832   c_w.l
      1368         32          0          0          0       1208   fz_ws.l
        40          0          0          0          0         68   m_ws.l

    ----------------------------------------------------------------------
      8200        298        552          0         96       5108   Library Totals

    ----------------------------------------------------------------------

==============================================================================


      Code (inc. data)   RO Data    RW Data    ZI Data      Debug   

     20524        434        792         96       4128     139061   Grand Totals
     20524        434        792         96       4128     139061   ELF Image Totals
     20524        434        792         96          0          0   ROM Totals

==============================================================================

    Total RO  Size (Code + RO Data)                21316 (  20.82kB)
    Total RW  Size (RW Data + ZI Data)              4224 (   4.12kB)
    Total ROM Size (Code + RO Data + RW Data)      21412 (  20.91kB)

==============================================================================

