<!doctype html public "-//w3c//dtd html 4.0 transitional//en">
<html><head>
<title>Static Call Graph - [.\Objects\stand.axf]</title></head>
<body><HR>
<H1>Static Call Graph for image .\Objects\stand.axf</H1><HR>
<BR><P>#&#060CALLGRAPH&#062# ARM Linker, 6240002: Last Updated: Fri Mar 27 18:12:31 2026
<BR><P>
<H3>Maximum Stack Usage =        196 bytes + Unknown(Functions without stacksize, Cycles, Untraceable Function Pointers)</H3><H3>
Call chain for Maximum Stack Depth:</H3>
USB_DeviceSetupPacket &rArr; USB_CDC_GetDescriptor &rArr; USB_EP_doDataIn &rArr; USB_EP_sendInDataPortion &rArr; USB_EP_SetReady &rArr; USB_SetSEPxCTRL
<P>
<H3>
Functions with no stack information
</H3><UL>
 <LI><a href="#[27]">__user_initial_stackheap</a>
</UL>
</UL>
<P>
<H3>
Mutually Recursive functions
</H3> <LI><a href="#[1]">NMI_Handler</a>&nbsp;&nbsp;&nbsp;&rArr;&nbsp;&nbsp;&nbsp;<a href="#[1]">NMI_Handler</a><BR>
 <LI><a href="#[2]">HardFault_Handler</a>&nbsp;&nbsp;&nbsp;&rArr;&nbsp;&nbsp;&nbsp;<a href="#[2]">HardFault_Handler</a><BR>
 <LI><a href="#[3]">MemManage_Handler</a>&nbsp;&nbsp;&nbsp;&rArr;&nbsp;&nbsp;&nbsp;<a href="#[3]">MemManage_Handler</a><BR>
 <LI><a href="#[4]">BusFault_Handler</a>&nbsp;&nbsp;&nbsp;&rArr;&nbsp;&nbsp;&nbsp;<a href="#[4]">BusFault_Handler</a><BR>
 <LI><a href="#[5]">UsageFault_Handler</a>&nbsp;&nbsp;&nbsp;&rArr;&nbsp;&nbsp;&nbsp;<a href="#[5]">UsageFault_Handler</a><BR>
 <LI><a href="#[6]">SVC_Handler</a>&nbsp;&nbsp;&nbsp;&rArr;&nbsp;&nbsp;&nbsp;<a href="#[6]">SVC_Handler</a><BR>
 <LI><a href="#[7]">DebugMon_Handler</a>&nbsp;&nbsp;&nbsp;&rArr;&nbsp;&nbsp;&nbsp;<a href="#[7]">DebugMon_Handler</a><BR>
 <LI><a href="#[8]">PendSV_Handler</a>&nbsp;&nbsp;&nbsp;&rArr;&nbsp;&nbsp;&nbsp;<a href="#[8]">PendSV_Handler</a><BR>
 <LI><a href="#[9]">SysTick_Handler</a>&nbsp;&nbsp;&nbsp;&rArr;&nbsp;&nbsp;&nbsp;<a href="#[9]">SysTick_Handler</a><BR>
 <LI><a href="#[a]">CAN1_IRQHandler</a>&nbsp;&nbsp;&nbsp;&rArr;&nbsp;&nbsp;&nbsp;<a href="#[a]">CAN1_IRQHandler</a><BR>
 <LI><a href="#[b]">CAN2_IRQHandler</a>&nbsp;&nbsp;&nbsp;&rArr;&nbsp;&nbsp;&nbsp;<a href="#[b]">CAN2_IRQHandler</a><BR>
 <LI><a href="#[e]">UART1_IRQHandler</a>&nbsp;&nbsp;&nbsp;&rArr;&nbsp;&nbsp;&nbsp;<a href="#[e]">UART1_IRQHandler</a><BR>
 <LI><a href="#[f]">UART2_IRQHandler</a>&nbsp;&nbsp;&nbsp;&rArr;&nbsp;&nbsp;&nbsp;<a href="#[f]">UART2_IRQHandler</a><BR>
 <LI><a href="#[10]">SSP1_IRQHandler</a>&nbsp;&nbsp;&nbsp;&rArr;&nbsp;&nbsp;&nbsp;<a href="#[10]">SSP1_IRQHandler</a><BR>
 <LI><a href="#[11]">I2C_IRQHandler</a>&nbsp;&nbsp;&nbsp;&rArr;&nbsp;&nbsp;&nbsp;<a href="#[11]">I2C_IRQHandler</a><BR>
 <LI><a href="#[12]">POWER_IRQHandler</a>&nbsp;&nbsp;&nbsp;&rArr;&nbsp;&nbsp;&nbsp;<a href="#[12]">POWER_IRQHandler</a><BR>
 <LI><a href="#[13]">WWDG_IRQHandler</a>&nbsp;&nbsp;&nbsp;&rArr;&nbsp;&nbsp;&nbsp;<a href="#[13]">WWDG_IRQHandler</a><BR>
 <LI><a href="#[15]">Timer2_IRQHandler</a>&nbsp;&nbsp;&nbsp;&rArr;&nbsp;&nbsp;&nbsp;<a href="#[15]">Timer2_IRQHandler</a><BR>
 <LI><a href="#[16]">Timer3_IRQHandler</a>&nbsp;&nbsp;&nbsp;&rArr;&nbsp;&nbsp;&nbsp;<a href="#[16]">Timer3_IRQHandler</a><BR>
 <LI><a href="#[17]">ADC_IRQHandler</a>&nbsp;&nbsp;&nbsp;&rArr;&nbsp;&nbsp;&nbsp;<a href="#[17]">ADC_IRQHandler</a><BR>
 <LI><a href="#[18]">COMPARATOR_IRQHandler</a>&nbsp;&nbsp;&nbsp;&rArr;&nbsp;&nbsp;&nbsp;<a href="#[18]">COMPARATOR_IRQHandler</a><BR>
 <LI><a href="#[19]">SSP2_IRQHandler</a>&nbsp;&nbsp;&nbsp;&rArr;&nbsp;&nbsp;&nbsp;<a href="#[19]">SSP2_IRQHandler</a><BR>
 <LI><a href="#[1a]">BACKUP_IRQHandler</a>&nbsp;&nbsp;&nbsp;&rArr;&nbsp;&nbsp;&nbsp;<a href="#[1a]">BACKUP_IRQHandler</a><BR>
 <LI><a href="#[1b]">EXT_INT1_IRQHandler</a>&nbsp;&nbsp;&nbsp;&rArr;&nbsp;&nbsp;&nbsp;<a href="#[1b]">EXT_INT1_IRQHandler</a><BR>
 <LI><a href="#[1c]">EXT_INT2_IRQHandler</a>&nbsp;&nbsp;&nbsp;&rArr;&nbsp;&nbsp;&nbsp;<a href="#[1c]">EXT_INT2_IRQHandler</a><BR>
 <LI><a href="#[1d]">EXT_INT3_IRQHandler</a>&nbsp;&nbsp;&nbsp;&rArr;&nbsp;&nbsp;&nbsp;<a href="#[1d]">EXT_INT3_IRQHandler</a><BR>
 <LI><a href="#[1e]">EXT_INT4_IRQHandler</a>&nbsp;&nbsp;&nbsp;&rArr;&nbsp;&nbsp;&nbsp;<a href="#[1e]">EXT_INT4_IRQHandler</a><BR>
</UL>
<P>
<H3>
Function Pointers
</H3><UL>
 <LI><a href="#[17]">ADC_IRQHandler</a> from startup_mdr32f9q2i.o(.text) referenced from startup_mdr32f9q2i.o(RESET)
 <LI><a href="#[1a]">BACKUP_IRQHandler</a> from startup_mdr32f9q2i.o(.text) referenced from startup_mdr32f9q2i.o(RESET)
 <LI><a href="#[4]">BusFault_Handler</a> from startup_mdr32f9q2i.o(.text) referenced from startup_mdr32f9q2i.o(RESET)
 <LI><a href="#[a]">CAN1_IRQHandler</a> from startup_mdr32f9q2i.o(.text) referenced from startup_mdr32f9q2i.o(RESET)
 <LI><a href="#[b]">CAN2_IRQHandler</a> from startup_mdr32f9q2i.o(.text) referenced from startup_mdr32f9q2i.o(RESET)
 <LI><a href="#[18]">COMPARATOR_IRQHandler</a> from startup_mdr32f9q2i.o(.text) referenced from startup_mdr32f9q2i.o(RESET)
 <LI><a href="#[d]">DMA_IRQHandler</a> from irq_dma.o(.text.DMA_IRQHandler) referenced from startup_mdr32f9q2i.o(RESET)
 <LI><a href="#[7]">DebugMon_Handler</a> from startup_mdr32f9q2i.o(.text) referenced from startup_mdr32f9q2i.o(RESET)
 <LI><a href="#[1b]">EXT_INT1_IRQHandler</a> from startup_mdr32f9q2i.o(.text) referenced from startup_mdr32f9q2i.o(RESET)
 <LI><a href="#[1c]">EXT_INT2_IRQHandler</a> from startup_mdr32f9q2i.o(.text) referenced from startup_mdr32f9q2i.o(RESET)
 <LI><a href="#[1d]">EXT_INT3_IRQHandler</a> from startup_mdr32f9q2i.o(.text) referenced from startup_mdr32f9q2i.o(RESET)
 <LI><a href="#[1e]">EXT_INT4_IRQHandler</a> from startup_mdr32f9q2i.o(.text) referenced from startup_mdr32f9q2i.o(RESET)
 <LI><a href="#[2]">HardFault_Handler</a> from startup_mdr32f9q2i.o(.text) referenced from startup_mdr32f9q2i.o(RESET)
 <LI><a href="#[11]">I2C_IRQHandler</a> from startup_mdr32f9q2i.o(.text) referenced from startup_mdr32f9q2i.o(RESET)
 <LI><a href="#[3]">MemManage_Handler</a> from startup_mdr32f9q2i.o(.text) referenced from startup_mdr32f9q2i.o(RESET)
 <LI><a href="#[1]">NMI_Handler</a> from startup_mdr32f9q2i.o(.text) referenced from startup_mdr32f9q2i.o(RESET)
 <LI><a href="#[12]">POWER_IRQHandler</a> from startup_mdr32f9q2i.o(.text) referenced from startup_mdr32f9q2i.o(RESET)
 <LI><a href="#[8]">PendSV_Handler</a> from startup_mdr32f9q2i.o(.text) referenced from startup_mdr32f9q2i.o(RESET)
 <LI><a href="#[0]">Reset_Handler</a> from startup_mdr32f9q2i.o(.text) referenced from startup_mdr32f9q2i.o(RESET)
 <LI><a href="#[10]">SSP1_IRQHandler</a> from startup_mdr32f9q2i.o(.text) referenced from startup_mdr32f9q2i.o(RESET)
 <LI><a href="#[19]">SSP2_IRQHandler</a> from startup_mdr32f9q2i.o(.text) referenced from startup_mdr32f9q2i.o(RESET)
 <LI><a href="#[6]">SVC_Handler</a> from startup_mdr32f9q2i.o(.text) referenced from startup_mdr32f9q2i.o(RESET)
 <LI><a href="#[9]">SysTick_Handler</a> from startup_mdr32f9q2i.o(.text) referenced from startup_mdr32f9q2i.o(RESET)
 <LI><a href="#[1f]">SystemInit</a> from system_mdr32f9q2i.o(.text.SystemInit) referenced from startup_mdr32f9q2i.o(.text)
 <LI><a href="#[14]">Timer1_IRQHandler</a> from timer.o(.text.Timer1_IRQHandler) referenced from startup_mdr32f9q2i.o(RESET)
 <LI><a href="#[15]">Timer2_IRQHandler</a> from startup_mdr32f9q2i.o(.text) referenced from startup_mdr32f9q2i.o(RESET)
 <LI><a href="#[16]">Timer3_IRQHandler</a> from startup_mdr32f9q2i.o(.text) referenced from startup_mdr32f9q2i.o(RESET)
 <LI><a href="#[e]">UART1_IRQHandler</a> from startup_mdr32f9q2i.o(.text) referenced from startup_mdr32f9q2i.o(RESET)
 <LI><a href="#[f]">UART2_IRQHandler</a> from startup_mdr32f9q2i.o(.text) referenced from startup_mdr32f9q2i.o(RESET)
 <LI><a href="#[21]">USB_CDC_DoDataOut</a> from mdr32fxqi_usb_cdc.o(.text.USB_CDC_DoDataOut) referenced 2 times from mdr32fxqi_usb_cdc.o(.text.USB_CDC_ClassRequest)
 <LI><a href="#[23]">USB_CDC_OnDataReceive</a> from mdr32fxqi_usb_cdc.o(.text.USB_CDC_OnDataReceive) referenced 2 times from mdr32fxqi_usb_cdc.o(.text.USB_CDC_OnDataReceive)
 <LI><a href="#[23]">USB_CDC_OnDataReceive</a> from mdr32fxqi_usb_cdc.o(.text.USB_CDC_OnDataReceive) referenced 2 times from mdr32fxqi_usb_cdc.o(.text.USB_CDC_Reset)
 <LI><a href="#[24]">USB_CDC_OnDataSent</a> from mdr32fxqi_usb_cdc.o(.text.USB_CDC_OnDataSent) referenced 2 times from mdr32fxqi_usb_cdc.o(.text.USB_CDC_SendData)
 <LI><a href="#[22]">USB_DeviceDoStatusOutAck</a> from mdr32fxqi_usb_device.o(.text.USB_DeviceDoStatusOutAck) referenced 2 times from mdr32fxqi_usb_cdc.o(.text.USB_CDC_ClassRequest)
 <LI><a href="#[22]">USB_DeviceDoStatusOutAck</a> from mdr32fxqi_usb_device.o(.text.USB_DeviceDoStatusOutAck) referenced 2 times from mdr32fxqi_usb_cdc.o(.text.USB_CDC_GetDescriptor)
 <LI><a href="#[22]">USB_DeviceDoStatusOutAck</a> from mdr32fxqi_usb_device.o(.text.USB_DeviceDoStatusOutAck) referenced 8 times from mdr32fxqi_usb_device.o(.text.USB_DeviceSetupPacket)
 <LI><a href="#[25]">USB_DeviceSetupPacket</a> from mdr32fxqi_usb_device.o(.text.USB_DeviceSetupPacket) referenced 2 times from mdr32fxqi_usb_device.o(.text.USB_DeviceInit)
 <LI><a href="#[26]">USB_Device_setAddressWork</a> from mdr32fxqi_usb_device.o(.text.USB_Device_setAddressWork) referenced 2 times from mdr32fxqi_usb_device.o(.text.USB_DeviceSetupPacket)
 <LI><a href="#[c]">USB_IRQHandler</a> from mdr32fxqi_usb_device.o(.text.USB_IRQHandler) referenced from startup_mdr32f9q2i.o(RESET)
 <LI><a href="#[5]">UsageFault_Handler</a> from startup_mdr32f9q2i.o(.text) referenced from startup_mdr32f9q2i.o(RESET)
 <LI><a href="#[13]">WWDG_IRQHandler</a> from startup_mdr32f9q2i.o(.text) referenced from startup_mdr32f9q2i.o(RESET)
 <LI><a href="#[20]">__main</a> from __main.o(!!!main) referenced from startup_mdr32f9q2i.o(.text)
</UL>
<P>
<H3>
Global Symbols
</H3>
<P><STRONG><a name="[20]"></a>__main</STRONG> (Thumb, 8 bytes, Stack size 0 bytes, __main.o(!!!main))
<BR><BR>[Calls]<UL><LI><a href="#[29]">&gt;&gt;</a>&nbsp;&nbsp;&nbsp;__rt_entry
<LI><a href="#[28]">&gt;&gt;</a>&nbsp;&nbsp;&nbsp;__scatterload
</UL>
<BR>[Address Reference Count : 1]<UL><LI> startup_mdr32f9q2i.o(.text)
</UL>
<P><STRONG><a name="[28]"></a>__scatterload</STRONG> (Thumb, 0 bytes, Stack size unknown bytes, __scatter.o(!!!scatter))
<BR><BR>[Called By]<UL><LI><a href="#[20]">&gt;&gt;</a>&nbsp;&nbsp;&nbsp;__main
</UL>

<P><STRONG><a name="[2a]"></a>__scatterload_rt2</STRONG> (Thumb, 84 bytes, Stack size unknown bytes, __scatter.o(!!!scatter), UNUSED)
<BR><BR>[Calls]<UL><LI><a href="#[29]">&gt;&gt;</a>&nbsp;&nbsp;&nbsp;__rt_entry
</UL>

<P><STRONG><a name="[c9]"></a>__scatterload_rt2_thumb_only</STRONG> (Thumb, 0 bytes, Stack size unknown bytes, __scatter.o(!!!scatter), UNUSED)

<P><STRONG><a name="[ca]"></a>__scatterload_loop</STRONG> (Thumb, 0 bytes, Stack size unknown bytes, __scatter.o(!!!scatter), UNUSED)

<P><STRONG><a name="[2b]"></a>__scatterload_copy</STRONG> (Thumb, 26 bytes, Stack size unknown bytes, __scatter_copy.o(!!handler_copy), UNUSED)
<BR><BR>[Calls]<UL><LI><a href="#[2b]">&gt;&gt;</a>&nbsp;&nbsp;&nbsp;__scatterload_copy
</UL>
<BR>[Called By]<UL><LI><a href="#[2b]">&gt;&gt;</a>&nbsp;&nbsp;&nbsp;__scatterload_copy
</UL>

<P><STRONG><a name="[cb]"></a>__scatterload_null</STRONG> (Thumb, 2 bytes, Stack size unknown bytes, __scatter.o(!!handler_null), UNUSED)

<P><STRONG><a name="[cc]"></a>__scatterload_zeroinit</STRONG> (Thumb, 28 bytes, Stack size unknown bytes, __scatter_zi.o(!!handler_zi), UNUSED)

<P><STRONG><a name="[2f]"></a>__rt_lib_init</STRONG> (Thumb, 0 bytes, Stack size unknown bytes, libinit.o(.ARM.Collect$$libinit$$00000000))
<BR><BR>[Called By]<UL><LI><a href="#[2e]">&gt;&gt;</a>&nbsp;&nbsp;&nbsp;__rt_entry_li
</UL>

<P><STRONG><a name="[cd]"></a>__rt_lib_init_alloca_1</STRONG> (Thumb, 0 bytes, Stack size unknown bytes, libinit2.o(.ARM.Collect$$libinit$$00000030))

<P><STRONG><a name="[ce]"></a>__rt_lib_init_argv_1</STRONG> (Thumb, 0 bytes, Stack size unknown bytes, libinit2.o(.ARM.Collect$$libinit$$0000002E))

<P><STRONG><a name="[cf]"></a>__rt_lib_init_atexit_1</STRONG> (Thumb, 0 bytes, Stack size unknown bytes, libinit2.o(.ARM.Collect$$libinit$$0000001D))

<P><STRONG><a name="[d0]"></a>__rt_lib_init_clock_1</STRONG> (Thumb, 0 bytes, Stack size unknown bytes, libinit2.o(.ARM.Collect$$libinit$$00000023))

<P><STRONG><a name="[d1]"></a>__rt_lib_init_cpp_1</STRONG> (Thumb, 0 bytes, Stack size unknown bytes, libinit2.o(.ARM.Collect$$libinit$$00000034))

<P><STRONG><a name="[d2]"></a>__rt_lib_init_exceptions_1</STRONG> (Thumb, 0 bytes, Stack size unknown bytes, libinit2.o(.ARM.Collect$$libinit$$00000032))

<P><STRONG><a name="[d3]"></a>__rt_lib_init_fp_1</STRONG> (Thumb, 0 bytes, Stack size unknown bytes, libinit2.o(.ARM.Collect$$libinit$$00000002))

<P><STRONG><a name="[d4]"></a>__rt_lib_init_fp_trap_1</STRONG> (Thumb, 0 bytes, Stack size unknown bytes, libinit2.o(.ARM.Collect$$libinit$$00000021))

<P><STRONG><a name="[d5]"></a>__rt_lib_init_getenv_1</STRONG> (Thumb, 0 bytes, Stack size unknown bytes, libinit2.o(.ARM.Collect$$libinit$$00000025))

<P><STRONG><a name="[d6]"></a>__rt_lib_init_heap_1</STRONG> (Thumb, 0 bytes, Stack size unknown bytes, libinit2.o(.ARM.Collect$$libinit$$0000000C))

<P><STRONG><a name="[d7]"></a>__rt_lib_init_lc_collate_1</STRONG> (Thumb, 0 bytes, Stack size unknown bytes, libinit2.o(.ARM.Collect$$libinit$$00000013))

<P><STRONG><a name="[d8]"></a>__rt_lib_init_lc_ctype_1</STRONG> (Thumb, 0 bytes, Stack size unknown bytes, libinit2.o(.ARM.Collect$$libinit$$00000015))

<P><STRONG><a name="[d9]"></a>__rt_lib_init_lc_monetary_1</STRONG> (Thumb, 0 bytes, Stack size unknown bytes, libinit2.o(.ARM.Collect$$libinit$$00000017))

<P><STRONG><a name="[da]"></a>__rt_lib_init_lc_numeric_1</STRONG> (Thumb, 0 bytes, Stack size unknown bytes, libinit2.o(.ARM.Collect$$libinit$$00000019))

<P><STRONG><a name="[db]"></a>__rt_lib_init_lc_time_1</STRONG> (Thumb, 0 bytes, Stack size unknown bytes, libinit2.o(.ARM.Collect$$libinit$$0000001B))

<P><STRONG><a name="[dc]"></a>__rt_lib_init_preinit_1</STRONG> (Thumb, 0 bytes, Stack size unknown bytes, libinit2.o(.ARM.Collect$$libinit$$00000006))

<P><STRONG><a name="[dd]"></a>__rt_lib_init_rand_1</STRONG> (Thumb, 0 bytes, Stack size unknown bytes, libinit2.o(.ARM.Collect$$libinit$$00000010))

<P><STRONG><a name="[de]"></a>__rt_lib_init_relocate_pie_1</STRONG> (Thumb, 0 bytes, Stack size unknown bytes, libinit2.o(.ARM.Collect$$libinit$$00000004))

<P><STRONG><a name="[df]"></a>__rt_lib_init_return</STRONG> (Thumb, 0 bytes, Stack size unknown bytes, libinit2.o(.ARM.Collect$$libinit$$00000035))

<P><STRONG><a name="[e0]"></a>__rt_lib_init_signal_1</STRONG> (Thumb, 0 bytes, Stack size unknown bytes, libinit2.o(.ARM.Collect$$libinit$$0000001F))

<P><STRONG><a name="[e1]"></a>__rt_lib_init_stdio_1</STRONG> (Thumb, 0 bytes, Stack size unknown bytes, libinit2.o(.ARM.Collect$$libinit$$00000027))

<P><STRONG><a name="[e2]"></a>__rt_lib_init_user_alloc_1</STRONG> (Thumb, 0 bytes, Stack size unknown bytes, libinit2.o(.ARM.Collect$$libinit$$0000000E))

<P><STRONG><a name="[34]"></a>__rt_lib_shutdown</STRONG> (Thumb, 0 bytes, Stack size unknown bytes, libshutdown.o(.ARM.Collect$$libshutdown$$00000000))
<BR><BR>[Called By]<UL><LI><a href="#[33]">&gt;&gt;</a>&nbsp;&nbsp;&nbsp;__rt_exit_ls
</UL>

<P><STRONG><a name="[e3]"></a>__rt_lib_shutdown_cpp_1</STRONG> (Thumb, 0 bytes, Stack size unknown bytes, libshutdown2.o(.ARM.Collect$$libshutdown$$00000002))

<P><STRONG><a name="[e4]"></a>__rt_lib_shutdown_fp_trap_1</STRONG> (Thumb, 0 bytes, Stack size unknown bytes, libshutdown2.o(.ARM.Collect$$libshutdown$$00000007))

<P><STRONG><a name="[e5]"></a>__rt_lib_shutdown_heap_1</STRONG> (Thumb, 0 bytes, Stack size unknown bytes, libshutdown2.o(.ARM.Collect$$libshutdown$$0000000F))

<P><STRONG><a name="[e6]"></a>__rt_lib_shutdown_return</STRONG> (Thumb, 0 bytes, Stack size unknown bytes, libshutdown2.o(.ARM.Collect$$libshutdown$$00000010))

<P><STRONG><a name="[e7]"></a>__rt_lib_shutdown_signal_1</STRONG> (Thumb, 0 bytes, Stack size unknown bytes, libshutdown2.o(.ARM.Collect$$libshutdown$$0000000A))

<P><STRONG><a name="[e8]"></a>__rt_lib_shutdown_stdio_1</STRONG> (Thumb, 0 bytes, Stack size unknown bytes, libshutdown2.o(.ARM.Collect$$libshutdown$$00000004))

<P><STRONG><a name="[e9]"></a>__rt_lib_shutdown_user_alloc_1</STRONG> (Thumb, 0 bytes, Stack size unknown bytes, libshutdown2.o(.ARM.Collect$$libshutdown$$0000000C))

<P><STRONG><a name="[29]"></a>__rt_entry</STRONG> (Thumb, 0 bytes, Stack size unknown bytes, __rtentry.o(.ARM.Collect$$rtentry$$00000000))
<BR><BR>[Called By]<UL><LI><a href="#[20]">&gt;&gt;</a>&nbsp;&nbsp;&nbsp;__main
<LI><a href="#[2a]">&gt;&gt;</a>&nbsp;&nbsp;&nbsp;__scatterload_rt2
</UL>

<P><STRONG><a name="[ea]"></a>__rt_entry_presh_1</STRONG> (Thumb, 0 bytes, Stack size unknown bytes, __rtentry2.o(.ARM.Collect$$rtentry$$00000002))

<P><STRONG><a name="[2c]"></a>__rt_entry_sh</STRONG> (Thumb, 0 bytes, Stack size unknown bytes, __rtentry4.o(.ARM.Collect$$rtentry$$00000004))
<BR><BR>[Stack]<UL><LI>Max Depth = 8 + Unknown Stack Size
<LI>Call Chain = __rt_entry_sh &rArr; __user_setup_stackheap
</UL>
<BR>[Calls]<UL><LI><a href="#[2d]">&gt;&gt;</a>&nbsp;&nbsp;&nbsp;__user_setup_stackheap
</UL>

<P><STRONG><a name="[2e]"></a>__rt_entry_li</STRONG> (Thumb, 0 bytes, Stack size unknown bytes, __rtentry2.o(.ARM.Collect$$rtentry$$0000000A))
<BR><BR>[Calls]<UL><LI><a href="#[2f]">&gt;&gt;</a>&nbsp;&nbsp;&nbsp;__rt_lib_init
</UL>

<P><STRONG><a name="[eb]"></a>__rt_entry_postsh_1</STRONG> (Thumb, 0 bytes, Stack size unknown bytes, __rtentry2.o(.ARM.Collect$$rtentry$$00000009))

<P><STRONG><a name="[30]"></a>__rt_entry_main</STRONG> (Thumb, 0 bytes, Stack size unknown bytes, __rtentry2.o(.ARM.Collect$$rtentry$$0000000D))
<BR><BR>[Stack]<UL><LI>Max Depth = 148 + Unknown Stack Size
<LI>Call Chain = __rt_entry_main &rArr; main &rArr; Setup_USB &rArr; USB_CDC_Reset &rArr; USB_EP_doDataOut &rArr; USB_EP_Idle &rArr; USB_EP_SetReady &rArr; USB_SetSEPxCTRL
</UL>
<BR>[Calls]<UL><LI><a href="#[31]">&gt;&gt;</a>&nbsp;&nbsp;&nbsp;main
<LI><a href="#[32]">&gt;&gt;</a>&nbsp;&nbsp;&nbsp;exit
</UL>

<P><STRONG><a name="[ec]"></a>__rt_entry_postli_1</STRONG> (Thumb, 0 bytes, Stack size unknown bytes, __rtentry2.o(.ARM.Collect$$rtentry$$0000000C))

<P><STRONG><a name="[38]"></a>__rt_exit</STRONG> (Thumb, 0 bytes, Stack size unknown bytes, rtexit.o(.ARM.Collect$$rtexit$$00000000))
<BR><BR>[Called By]<UL><LI><a href="#[32]">&gt;&gt;</a>&nbsp;&nbsp;&nbsp;exit
</UL>

<P><STRONG><a name="[33]"></a>__rt_exit_ls</STRONG> (Thumb, 0 bytes, Stack size unknown bytes, rtexit2.o(.ARM.Collect$$rtexit$$00000003))
<BR><BR>[Calls]<UL><LI><a href="#[34]">&gt;&gt;</a>&nbsp;&nbsp;&nbsp;__rt_lib_shutdown
</UL>

<P><STRONG><a name="[ed]"></a>__rt_exit_prels_1</STRONG> (Thumb, 0 bytes, Stack size unknown bytes, rtexit2.o(.ARM.Collect$$rtexit$$00000002))

<P><STRONG><a name="[35]"></a>__rt_exit_exit</STRONG> (Thumb, 0 bytes, Stack size unknown bytes, rtexit2.o(.ARM.Collect$$rtexit$$00000004))
<BR><BR>[Calls]<UL><LI><a href="#[36]">&gt;&gt;</a>&nbsp;&nbsp;&nbsp;_sys_exit
</UL>

<P><STRONG><a name="[0]"></a>Reset_Handler</STRONG> (Thumb, 8 bytes, Stack size 0 bytes, startup_mdr32f9q2i.o(.text))
<BR>[Address Reference Count : 1]<UL><LI> startup_mdr32f9q2i.o(RESET)
</UL>
<P><STRONG><a name="[1]"></a>NMI_Handler</STRONG> (Thumb, 2 bytes, Stack size 0 bytes, startup_mdr32f9q2i.o(.text))
<BR><BR>[Calls]<UL><LI><a href="#[1]">&gt;&gt;</a>&nbsp;&nbsp;&nbsp;NMI_Handler
</UL>
<BR>[Called By]<UL><LI><a href="#[1]">&gt;&gt;</a>&nbsp;&nbsp;&nbsp;NMI_Handler
</UL>
<BR>[Address Reference Count : 1]<UL><LI> startup_mdr32f9q2i.o(RESET)
</UL>
<P><STRONG><a name="[2]"></a>HardFault_Handler</STRONG> (Thumb, 2 bytes, Stack size 0 bytes, startup_mdr32f9q2i.o(.text))
<BR><BR>[Calls]<UL><LI><a href="#[2]">&gt;&gt;</a>&nbsp;&nbsp;&nbsp;HardFault_Handler
</UL>
<BR>[Called By]<UL><LI><a href="#[2]">&gt;&gt;</a>&nbsp;&nbsp;&nbsp;HardFault_Handler
</UL>
<BR>[Address Reference Count : 1]<UL><LI> startup_mdr32f9q2i.o(RESET)
</UL>
<P><STRONG><a name="[3]"></a>MemManage_Handler</STRONG> (Thumb, 2 bytes, Stack size 0 bytes, startup_mdr32f9q2i.o(.text))
<BR><BR>[Calls]<UL><LI><a href="#[3]">&gt;&gt;</a>&nbsp;&nbsp;&nbsp;MemManage_Handler
</UL>
<BR>[Called By]<UL><LI><a href="#[3]">&gt;&gt;</a>&nbsp;&nbsp;&nbsp;MemManage_Handler
</UL>
<BR>[Address Reference Count : 1]<UL><LI> startup_mdr32f9q2i.o(RESET)
</UL>
<P><STRONG><a name="[4]"></a>BusFault_Handler</STRONG> (Thumb, 2 bytes, Stack size 0 bytes, startup_mdr32f9q2i.o(.text))
<BR><BR>[Calls]<UL><LI><a href="#[4]">&gt;&gt;</a>&nbsp;&nbsp;&nbsp;BusFault_Handler
</UL>
<BR>[Called By]<UL><LI><a href="#[4]">&gt;&gt;</a>&nbsp;&nbsp;&nbsp;BusFault_Handler
</UL>
<BR>[Address Reference Count : 1]<UL><LI> startup_mdr32f9q2i.o(RESET)
</UL>
<P><STRONG><a name="[5]"></a>UsageFault_Handler</STRONG> (Thumb, 2 bytes, Stack size 0 bytes, startup_mdr32f9q2i.o(.text))
<BR><BR>[Calls]<UL><LI><a href="#[5]">&gt;&gt;</a>&nbsp;&nbsp;&nbsp;UsageFault_Handler
</UL>
<BR>[Called By]<UL><LI><a href="#[5]">&gt;&gt;</a>&nbsp;&nbsp;&nbsp;UsageFault_Handler
</UL>
<BR>[Address Reference Count : 1]<UL><LI> startup_mdr32f9q2i.o(RESET)
</UL>
<P><STRONG><a name="[6]"></a>SVC_Handler</STRONG> (Thumb, 2 bytes, Stack size 0 bytes, startup_mdr32f9q2i.o(.text))
<BR><BR>[Calls]<UL><LI><a href="#[6]">&gt;&gt;</a>&nbsp;&nbsp;&nbsp;SVC_Handler
</UL>
<BR>[Called By]<UL><LI><a href="#[6]">&gt;&gt;</a>&nbsp;&nbsp;&nbsp;SVC_Handler
</UL>
<BR>[Address Reference Count : 1]<UL><LI> startup_mdr32f9q2i.o(RESET)
</UL>
<P><STRONG><a name="[7]"></a>DebugMon_Handler</STRONG> (Thumb, 2 bytes, Stack size 0 bytes, startup_mdr32f9q2i.o(.text))
<BR><BR>[Calls]<UL><LI><a href="#[7]">&gt;&gt;</a>&nbsp;&nbsp;&nbsp;DebugMon_Handler
</UL>
<BR>[Called By]<UL><LI><a href="#[7]">&gt;&gt;</a>&nbsp;&nbsp;&nbsp;DebugMon_Handler
</UL>
<BR>[Address Reference Count : 1]<UL><LI> startup_mdr32f9q2i.o(RESET)
</UL>
<P><STRONG><a name="[8]"></a>PendSV_Handler</STRONG> (Thumb, 2 bytes, Stack size 0 bytes, startup_mdr32f9q2i.o(.text))
<BR><BR>[Calls]<UL><LI><a href="#[8]">&gt;&gt;</a>&nbsp;&nbsp;&nbsp;PendSV_Handler
</UL>
<BR>[Called By]<UL><LI><a href="#[8]">&gt;&gt;</a>&nbsp;&nbsp;&nbsp;PendSV_Handler
</UL>
<BR>[Address Reference Count : 1]<UL><LI> startup_mdr32f9q2i.o(RESET)
</UL>
<P><STRONG><a name="[9]"></a>SysTick_Handler</STRONG> (Thumb, 2 bytes, Stack size 0 bytes, startup_mdr32f9q2i.o(.text))
<BR><BR>[Calls]<UL><LI><a href="#[9]">&gt;&gt;</a>&nbsp;&nbsp;&nbsp;SysTick_Handler
</UL>
<BR>[Called By]<UL><LI><a href="#[9]">&gt;&gt;</a>&nbsp;&nbsp;&nbsp;SysTick_Handler
</UL>
<BR>[Address Reference Count : 1]<UL><LI> startup_mdr32f9q2i.o(RESET)
</UL>
<P><STRONG><a name="[a]"></a>CAN1_IRQHandler</STRONG> (Thumb, 2 bytes, Stack size 0 bytes, startup_mdr32f9q2i.o(.text))
<BR><BR>[Calls]<UL><LI><a href="#[a]">&gt;&gt;</a>&nbsp;&nbsp;&nbsp;CAN1_IRQHandler
</UL>
<BR>[Called By]<UL><LI><a href="#[a]">&gt;&gt;</a>&nbsp;&nbsp;&nbsp;CAN1_IRQHandler
</UL>
<BR>[Address Reference Count : 1]<UL><LI> startup_mdr32f9q2i.o(RESET)
</UL>
<P><STRONG><a name="[b]"></a>CAN2_IRQHandler</STRONG> (Thumb, 2 bytes, Stack size 0 bytes, startup_mdr32f9q2i.o(.text))
<BR><BR>[Calls]<UL><LI><a href="#[b]">&gt;&gt;</a>&nbsp;&nbsp;&nbsp;CAN2_IRQHandler
</UL>
<BR>[Called By]<UL><LI><a href="#[b]">&gt;&gt;</a>&nbsp;&nbsp;&nbsp;CAN2_IRQHandler
</UL>
<BR>[Address Reference Count : 1]<UL><LI> startup_mdr32f9q2i.o(RESET)
</UL>
<P><STRONG><a name="[e]"></a>UART1_IRQHandler</STRONG> (Thumb, 2 bytes, Stack size 0 bytes, startup_mdr32f9q2i.o(.text))
<BR><BR>[Calls]<UL><LI><a href="#[e]">&gt;&gt;</a>&nbsp;&nbsp;&nbsp;UART1_IRQHandler
</UL>
<BR>[Called By]<UL><LI><a href="#[e]">&gt;&gt;</a>&nbsp;&nbsp;&nbsp;UART1_IRQHandler
</UL>
<BR>[Address Reference Count : 1]<UL><LI> startup_mdr32f9q2i.o(RESET)
</UL>
<P><STRONG><a name="[f]"></a>UART2_IRQHandler</STRONG> (Thumb, 2 bytes, Stack size 0 bytes, startup_mdr32f9q2i.o(.text))
<BR><BR>[Calls]<UL><LI><a href="#[f]">&gt;&gt;</a>&nbsp;&nbsp;&nbsp;UART2_IRQHandler
</UL>
<BR>[Called By]<UL><LI><a href="#[f]">&gt;&gt;</a>&nbsp;&nbsp;&nbsp;UART2_IRQHandler
</UL>
<BR>[Address Reference Count : 1]<UL><LI> startup_mdr32f9q2i.o(RESET)
</UL>
<P><STRONG><a name="[10]"></a>SSP1_IRQHandler</STRONG> (Thumb, 2 bytes, Stack size 0 bytes, startup_mdr32f9q2i.o(.text))
<BR><BR>[Calls]<UL><LI><a href="#[10]">&gt;&gt;</a>&nbsp;&nbsp;&nbsp;SSP1_IRQHandler
</UL>
<BR>[Called By]<UL><LI><a href="#[10]">&gt;&gt;</a>&nbsp;&nbsp;&nbsp;SSP1_IRQHandler
</UL>
<BR>[Address Reference Count : 1]<UL><LI> startup_mdr32f9q2i.o(RESET)
</UL>
<P><STRONG><a name="[11]"></a>I2C_IRQHandler</STRONG> (Thumb, 2 bytes, Stack size 0 bytes, startup_mdr32f9q2i.o(.text))
<BR><BR>[Calls]<UL><LI><a href="#[11]">&gt;&gt;</a>&nbsp;&nbsp;&nbsp;I2C_IRQHandler
</UL>
<BR>[Called By]<UL><LI><a href="#[11]">&gt;&gt;</a>&nbsp;&nbsp;&nbsp;I2C_IRQHandler
</UL>
<BR>[Address Reference Count : 1]<UL><LI> startup_mdr32f9q2i.o(RESET)
</UL>
<P><STRONG><a name="[12]"></a>POWER_IRQHandler</STRONG> (Thumb, 2 bytes, Stack size 0 bytes, startup_mdr32f9q2i.o(.text))
<BR><BR>[Calls]<UL><LI><a href="#[12]">&gt;&gt;</a>&nbsp;&nbsp;&nbsp;POWER_IRQHandler
</UL>
<BR>[Called By]<UL><LI><a href="#[12]">&gt;&gt;</a>&nbsp;&nbsp;&nbsp;POWER_IRQHandler
</UL>
<BR>[Address Reference Count : 1]<UL><LI> startup_mdr32f9q2i.o(RESET)
</UL>
<P><STRONG><a name="[13]"></a>WWDG_IRQHandler</STRONG> (Thumb, 2 bytes, Stack size 0 bytes, startup_mdr32f9q2i.o(.text))
<BR><BR>[Calls]<UL><LI><a href="#[13]">&gt;&gt;</a>&nbsp;&nbsp;&nbsp;WWDG_IRQHandler
</UL>
<BR>[Called By]<UL><LI><a href="#[13]">&gt;&gt;</a>&nbsp;&nbsp;&nbsp;WWDG_IRQHandler
</UL>
<BR>[Address Reference Count : 1]<UL><LI> startup_mdr32f9q2i.o(RESET)
</UL>
<P><STRONG><a name="[15]"></a>Timer2_IRQHandler</STRONG> (Thumb, 2 bytes, Stack size 0 bytes, startup_mdr32f9q2i.o(.text))
<BR><BR>[Calls]<UL><LI><a href="#[15]">&gt;&gt;</a>&nbsp;&nbsp;&nbsp;Timer2_IRQHandler
</UL>
<BR>[Called By]<UL><LI><a href="#[15]">&gt;&gt;</a>&nbsp;&nbsp;&nbsp;Timer2_IRQHandler
</UL>
<BR>[Address Reference Count : 1]<UL><LI> startup_mdr32f9q2i.o(RESET)
</UL>
<P><STRONG><a name="[16]"></a>Timer3_IRQHandler</STRONG> (Thumb, 2 bytes, Stack size 0 bytes, startup_mdr32f9q2i.o(.text))
<BR><BR>[Calls]<UL><LI><a href="#[16]">&gt;&gt;</a>&nbsp;&nbsp;&nbsp;Timer3_IRQHandler
</UL>
<BR>[Called By]<UL><LI><a href="#[16]">&gt;&gt;</a>&nbsp;&nbsp;&nbsp;Timer3_IRQHandler
</UL>
<BR>[Address Reference Count : 1]<UL><LI> startup_mdr32f9q2i.o(RESET)
</UL>
<P><STRONG><a name="[17]"></a>ADC_IRQHandler</STRONG> (Thumb, 2 bytes, Stack size 0 bytes, startup_mdr32f9q2i.o(.text))
<BR><BR>[Calls]<UL><LI><a href="#[17]">&gt;&gt;</a>&nbsp;&nbsp;&nbsp;ADC_IRQHandler
</UL>
<BR>[Called By]<UL><LI><a href="#[17]">&gt;&gt;</a>&nbsp;&nbsp;&nbsp;ADC_IRQHandler
</UL>
<BR>[Address Reference Count : 1]<UL><LI> startup_mdr32f9q2i.o(RESET)
</UL>
<P><STRONG><a name="[18]"></a>COMPARATOR_IRQHandler</STRONG> (Thumb, 2 bytes, Stack size 0 bytes, startup_mdr32f9q2i.o(.text))
<BR><BR>[Calls]<UL><LI><a href="#[18]">&gt;&gt;</a>&nbsp;&nbsp;&nbsp;COMPARATOR_IRQHandler
</UL>
<BR>[Called By]<UL><LI><a href="#[18]">&gt;&gt;</a>&nbsp;&nbsp;&nbsp;COMPARATOR_IRQHandler
</UL>
<BR>[Address Reference Count : 1]<UL><LI> startup_mdr32f9q2i.o(RESET)
</UL>
<P><STRONG><a name="[19]"></a>SSP2_IRQHandler</STRONG> (Thumb, 2 bytes, Stack size 0 bytes, startup_mdr32f9q2i.o(.text))
<BR><BR>[Calls]<UL><LI><a href="#[19]">&gt;&gt;</a>&nbsp;&nbsp;&nbsp;SSP2_IRQHandler
</UL>
<BR>[Called By]<UL><LI><a href="#[19]">&gt;&gt;</a>&nbsp;&nbsp;&nbsp;SSP2_IRQHandler
</UL>
<BR>[Address Reference Count : 1]<UL><LI> startup_mdr32f9q2i.o(RESET)
</UL>
<P><STRONG><a name="[1a]"></a>BACKUP_IRQHandler</STRONG> (Thumb, 2 bytes, Stack size 0 bytes, startup_mdr32f9q2i.o(.text))
<BR><BR>[Calls]<UL><LI><a href="#[1a]">&gt;&gt;</a>&nbsp;&nbsp;&nbsp;BACKUP_IRQHandler
</UL>
<BR>[Called By]<UL><LI><a href="#[1a]">&gt;&gt;</a>&nbsp;&nbsp;&nbsp;BACKUP_IRQHandler
</UL>
<BR>[Address Reference Count : 1]<UL><LI> startup_mdr32f9q2i.o(RESET)
</UL>
<P><STRONG><a name="[1b]"></a>EXT_INT1_IRQHandler</STRONG> (Thumb, 2 bytes, Stack size 0 bytes, startup_mdr32f9q2i.o(.text))
<BR><BR>[Calls]<UL><LI><a href="#[1b]">&gt;&gt;</a>&nbsp;&nbsp;&nbsp;EXT_INT1_IRQHandler
</UL>
<BR>[Called By]<UL><LI><a href="#[1b]">&gt;&gt;</a>&nbsp;&nbsp;&nbsp;EXT_INT1_IRQHandler
</UL>
<BR>[Address Reference Count : 1]<UL><LI> startup_mdr32f9q2i.o(RESET)
</UL>
<P><STRONG><a name="[1c]"></a>EXT_INT2_IRQHandler</STRONG> (Thumb, 2 bytes, Stack size 0 bytes, startup_mdr32f9q2i.o(.text))
<BR><BR>[Calls]<UL><LI><a href="#[1c]">&gt;&gt;</a>&nbsp;&nbsp;&nbsp;EXT_INT2_IRQHandler
</UL>
<BR>[Called By]<UL><LI><a href="#[1c]">&gt;&gt;</a>&nbsp;&nbsp;&nbsp;EXT_INT2_IRQHandler
</UL>
<BR>[Address Reference Count : 1]<UL><LI> startup_mdr32f9q2i.o(RESET)
</UL>
<P><STRONG><a name="[1d]"></a>EXT_INT3_IRQHandler</STRONG> (Thumb, 2 bytes, Stack size 0 bytes, startup_mdr32f9q2i.o(.text))
<BR><BR>[Calls]<UL><LI><a href="#[1d]">&gt;&gt;</a>&nbsp;&nbsp;&nbsp;EXT_INT3_IRQHandler
</UL>
<BR>[Called By]<UL><LI><a href="#[1d]">&gt;&gt;</a>&nbsp;&nbsp;&nbsp;EXT_INT3_IRQHandler
</UL>
<BR>[Address Reference Count : 1]<UL><LI> startup_mdr32f9q2i.o(RESET)
</UL>
<P><STRONG><a name="[1e]"></a>EXT_INT4_IRQHandler</STRONG> (Thumb, 2 bytes, Stack size 0 bytes, startup_mdr32f9q2i.o(.text))
<BR><BR>[Calls]<UL><LI><a href="#[1e]">&gt;&gt;</a>&nbsp;&nbsp;&nbsp;EXT_INT4_IRQHandler
</UL>
<BR>[Called By]<UL><LI><a href="#[1e]">&gt;&gt;</a>&nbsp;&nbsp;&nbsp;EXT_INT4_IRQHandler
</UL>
<BR>[Address Reference Count : 1]<UL><LI> startup_mdr32f9q2i.o(RESET)
</UL>
<P><STRONG><a name="[27]"></a>__user_initial_stackheap</STRONG> (Thumb, 0 bytes, Stack size unknown bytes, startup_mdr32f9q2i.o(.text))
<BR><BR>[Called By]<UL><LI><a href="#[2d]">&gt;&gt;</a>&nbsp;&nbsp;&nbsp;__user_setup_stackheap
</UL>

<P><STRONG><a name="[ee]"></a>__use_two_region_memory</STRONG> (Thumb, 2 bytes, Stack size 0 bytes, heapauxi.o(.text), UNUSED)

<P><STRONG><a name="[ef]"></a>__rt_heap_escrow$2region</STRONG> (Thumb, 2 bytes, Stack size 0 bytes, heapauxi.o(.text), UNUSED)

<P><STRONG><a name="[f0]"></a>__rt_heap_expand$2region</STRONG> (Thumb, 2 bytes, Stack size 0 bytes, heapauxi.o(.text), UNUSED)

<P><STRONG><a name="[2d]"></a>__user_setup_stackheap</STRONG> (Thumb, 74 bytes, Stack size 8 bytes, sys_stackheap_outer.o(.text))
<BR><BR>[Stack]<UL><LI>Max Depth = 8 + Unknown Stack Size
<LI>Call Chain = __user_setup_stackheap
</UL>
<BR>[Calls]<UL><LI><a href="#[27]">&gt;&gt;</a>&nbsp;&nbsp;&nbsp;__user_initial_stackheap
<LI><a href="#[37]">&gt;&gt;</a>&nbsp;&nbsp;&nbsp;__user_perproc_libspace
</UL>
<BR>[Called By]<UL><LI><a href="#[2c]">&gt;&gt;</a>&nbsp;&nbsp;&nbsp;__rt_entry_sh
</UL>

<P><STRONG><a name="[32]"></a>exit</STRONG> (Thumb, 18 bytes, Stack size 8 bytes, exit.o(.text))
<BR><BR>[Stack]<UL><LI>Max Depth = 8 + Unknown Stack Size
<LI>Call Chain = exit
</UL>
<BR>[Calls]<UL><LI><a href="#[38]">&gt;&gt;</a>&nbsp;&nbsp;&nbsp;__rt_exit
</UL>
<BR>[Called By]<UL><LI><a href="#[30]">&gt;&gt;</a>&nbsp;&nbsp;&nbsp;__rt_entry_main
</UL>

<P><STRONG><a name="[f1]"></a>__user_libspace</STRONG> (Thumb, 8 bytes, Stack size 0 bytes, libspace.o(.text), UNUSED)

<P><STRONG><a name="[37]"></a>__user_perproc_libspace</STRONG> (Thumb, 0 bytes, Stack size 0 bytes, libspace.o(.text))
<BR><BR>[Called By]<UL><LI><a href="#[2d]">&gt;&gt;</a>&nbsp;&nbsp;&nbsp;__user_setup_stackheap
</UL>

<P><STRONG><a name="[f2]"></a>__user_perthread_libspace</STRONG> (Thumb, 0 bytes, Stack size 0 bytes, libspace.o(.text), UNUSED)

<P><STRONG><a name="[36]"></a>_sys_exit</STRONG> (Thumb, 8 bytes, Stack size 0 bytes, sys_exit.o(.text))
<BR><BR>[Called By]<UL><LI><a href="#[35]">&gt;&gt;</a>&nbsp;&nbsp;&nbsp;__rt_exit_exit
</UL>

<P><STRONG><a name="[f3]"></a>__I$use$semihosting</STRONG> (Thumb, 0 bytes, Stack size 0 bytes, use_no_semi.o(.text), UNUSED)

<P><STRONG><a name="[f4]"></a>__use_no_semihosting_swi</STRONG> (Thumb, 2 bytes, Stack size 0 bytes, use_no_semi.o(.text), UNUSED)

<P><STRONG><a name="[f5]"></a>__semihosting_library_function</STRONG> (Thumb, 0 bytes, Stack size unknown bytes, indicate_semi.o(.text), UNUSED)

<P><STRONG><a name="[b1]"></a>ADC2_Cmd</STRONG> (Thumb, 62 bytes, Stack size 8 bytes, mdr32fxqi_adc.o(.text.ADC2_Cmd))
<BR><BR>[Stack]<UL><LI>Max Depth = 8<LI>Call Chain = ADC2_Cmd
</UL>
<BR>[Called By]<UL><LI><a href="#[aa]">&gt;&gt;</a>&nbsp;&nbsp;&nbsp;adcInit
</UL>

<P><STRONG><a name="[b0]"></a>ADC2_ITConfig</STRONG> (Thumb, 68 bytes, Stack size 12 bytes, mdr32fxqi_adc.o(.text.ADC2_ITConfig))
<BR><BR>[Stack]<UL><LI>Max Depth = 12<LI>Call Chain = ADC2_ITConfig
</UL>
<BR>[Called By]<UL><LI><a href="#[aa]">&gt;&gt;</a>&nbsp;&nbsp;&nbsp;adcInit
</UL>

<P><STRONG><a name="[af]"></a>ADC2_Init</STRONG> (Thumb, 146 bytes, Stack size 16 bytes, mdr32fxqi_adc.o(.text.ADC2_Init))
<BR><BR>[Stack]<UL><LI>Max Depth = 16<LI>Call Chain = ADC2_Init
</UL>
<BR>[Called By]<UL><LI><a href="#[aa]">&gt;&gt;</a>&nbsp;&nbsp;&nbsp;adcInit
</UL>

<P><STRONG><a name="[ab]"></a>ADC_DeInit</STRONG> (Thumb, 124 bytes, Stack size 0 bytes, mdr32fxqi_adc.o(.text.ADC_DeInit))
<BR><BR>[Called By]<UL><LI><a href="#[aa]">&gt;&gt;</a>&nbsp;&nbsp;&nbsp;adcInit
</UL>

<P><STRONG><a name="[ad]"></a>ADC_Init</STRONG> (Thumb, 88 bytes, Stack size 12 bytes, mdr32fxqi_adc.o(.text.ADC_Init))
<BR><BR>[Stack]<UL><LI>Max Depth = 12<LI>Call Chain = ADC_Init
</UL>
<BR>[Called By]<UL><LI><a href="#[aa]">&gt;&gt;</a>&nbsp;&nbsp;&nbsp;adcInit
</UL>

<P><STRONG><a name="[ac]"></a>ADC_StructInit</STRONG> (Thumb, 38 bytes, Stack size 4 bytes, mdr32fxqi_adc.o(.text.ADC_StructInit))
<BR><BR>[Stack]<UL><LI>Max Depth = 4<LI>Call Chain = ADC_StructInit
</UL>
<BR>[Called By]<UL><LI><a href="#[aa]">&gt;&gt;</a>&nbsp;&nbsp;&nbsp;adcInit
</UL>

<P><STRONG><a name="[b6]"></a>ADC_ToTemp</STRONG> (Thumb, 60 bytes, Stack size 8 bytes, adc.o(.text.ADC_ToTemp))
<BR><BR>[Stack]<UL><LI>Max Depth = 8<LI>Call Chain = ADC_ToTemp
</UL>
<BR>[Called By]<UL><LI><a href="#[31]">&gt;&gt;</a>&nbsp;&nbsp;&nbsp;main
</UL>

<P><STRONG><a name="[ae]"></a>ADCx_StructInit</STRONG> (Thumb, 58 bytes, Stack size 4 bytes, mdr32fxqi_adc.o(.text.ADCx_StructInit))
<BR><BR>[Stack]<UL><LI>Max Depth = 4<LI>Call Chain = ADCx_StructInit
</UL>
<BR>[Called By]<UL><LI><a href="#[aa]">&gt;&gt;</a>&nbsp;&nbsp;&nbsp;adcInit
</UL>

<P><STRONG><a name="[45]"></a>BKP_DUccMode</STRONG> (Thumb, 44 bytes, Stack size 8 bytes, mdr32fxqi_bkp.o(.text.BKP_DUccMode))
<BR><BR>[Stack]<UL><LI>Max Depth = 8<LI>Call Chain = BKP_DUccMode
</UL>
<BR>[Called By]<UL><LI><a href="#[39]">&gt;&gt;</a>&nbsp;&nbsp;&nbsp;ClockInit
</UL>

<P><STRONG><a name="[39]"></a>ClockInit</STRONG> (Thumb, 142 bytes, Stack size 24 bytes, main.o(.text.ClockInit))
<BR><BR>[Stack]<UL><LI>Max Depth = 92<LI>Call Chain = ClockInit &rArr; RST_CLK_DeInit &rArr; RST_CLK_WarmDeInit &rArr; RST_CLK_HSIstatus &rArr; RST_CLK_GetFlagStatus
</UL>
<BR>[Calls]<UL><LI><a href="#[46]">&gt;&gt;</a>&nbsp;&nbsp;&nbsp;RST_CLK_CPUclkSelection
<LI><a href="#[45]">&gt;&gt;</a>&nbsp;&nbsp;&nbsp;BKP_DUccMode
<LI><a href="#[44]">&gt;&gt;</a>&nbsp;&nbsp;&nbsp;EEPROM_SetLatency
<LI><a href="#[42]">&gt;&gt;</a>&nbsp;&nbsp;&nbsp;RST_CLK_CPU_PLLuse
<LI><a href="#[41]">&gt;&gt;</a>&nbsp;&nbsp;&nbsp;RST_CLK_CPUclkPrescaler
<LI><a href="#[40]">&gt;&gt;</a>&nbsp;&nbsp;&nbsp;RST_CLK_CPU_PLLstatus
<LI><a href="#[3f]">&gt;&gt;</a>&nbsp;&nbsp;&nbsp;RST_CLK_CPU_PLLcmd
<LI><a href="#[3e]">&gt;&gt;</a>&nbsp;&nbsp;&nbsp;RST_CLK_CPU_PLLconfig
<LI><a href="#[3d]">&gt;&gt;</a>&nbsp;&nbsp;&nbsp;RST_CLK_HSEstatus
<LI><a href="#[3c]">&gt;&gt;</a>&nbsp;&nbsp;&nbsp;RST_CLK_HSEconfig
<LI><a href="#[3b]">&gt;&gt;</a>&nbsp;&nbsp;&nbsp;SystemCoreClockUpdate
<LI><a href="#[3a]">&gt;&gt;</a>&nbsp;&nbsp;&nbsp;RST_CLK_DeInit
<LI><a href="#[43]">&gt;&gt;</a>&nbsp;&nbsp;&nbsp;RST_CLK_PCLKcmd
</UL>
<BR>[Called By]<UL><LI><a href="#[31]">&gt;&gt;</a>&nbsp;&nbsp;&nbsp;main
</UL>

<P><STRONG><a name="[57]"></a>DAC2_Cmd</STRONG> (Thumb, 58 bytes, Stack size 8 bytes, mdr32fxqi_dac.o(.text.DAC2_Cmd))
<BR><BR>[Stack]<UL><LI>Max Depth = 8<LI>Call Chain = DAC2_Cmd
</UL>
<BR>[Called By]<UL><LI><a href="#[49]">&gt;&gt;</a>&nbsp;&nbsp;&nbsp;My_DAC_Init
</UL>

<P><STRONG><a name="[56]"></a>DAC2_Init</STRONG> (Thumb, 42 bytes, Stack size 8 bytes, mdr32fxqi_dac.o(.text.DAC2_Init))
<BR><BR>[Stack]<UL><LI>Max Depth = 8<LI>Call Chain = DAC2_Init
</UL>
<BR>[Called By]<UL><LI><a href="#[49]">&gt;&gt;</a>&nbsp;&nbsp;&nbsp;My_DAC_Init
</UL>

<P><STRONG><a name="[47]"></a>DAC_DMA_Init</STRONG> (Thumb, 18 bytes, Stack size 8 bytes, dac.o(.text.DAC_DMA_Init))
<BR><BR>[Stack]<UL><LI>Max Depth = 100<LI>Call Chain = DAC_DMA_Init &rArr; My_TIMER_Init &rArr; PORT_Init
</UL>
<BR>[Calls]<UL><LI><a href="#[4a]">&gt;&gt;</a>&nbsp;&nbsp;&nbsp;My_TIMER_Init
<LI><a href="#[49]">&gt;&gt;</a>&nbsp;&nbsp;&nbsp;My_DAC_Init
<LI><a href="#[48]">&gt;&gt;</a>&nbsp;&nbsp;&nbsp;My_DMA_Init
</UL>
<BR>[Called By]<UL><LI><a href="#[31]">&gt;&gt;</a>&nbsp;&nbsp;&nbsp;main
</UL>

<P><STRONG><a name="[55]"></a>DAC_DeInit</STRONG> (Thumb, 20 bytes, Stack size 0 bytes, mdr32fxqi_dac.o(.text.DAC_DeInit))
<BR><BR>[Called By]<UL><LI><a href="#[49]">&gt;&gt;</a>&nbsp;&nbsp;&nbsp;My_DAC_Init
</UL>

<P><STRONG><a name="[4e]"></a>DMA_ChannelReloadCycle</STRONG> (Thumb, 104 bytes, Stack size 24 bytes, mdr32fxqi_dma.o(.text.DMA_ChannelReloadCycle))
<BR><BR>[Stack]<UL><LI>Max Depth = 24<LI>Call Chain = DMA_ChannelReloadCycle
</UL>
<BR>[Called By]<UL><LI><a href="#[d]">&gt;&gt;</a>&nbsp;&nbsp;&nbsp;DMA_IRQHandler
</UL>

<P><STRONG><a name="[59]"></a>DMA_Cmd</STRONG> (Thumb, 62 bytes, Stack size 4 bytes, mdr32fxqi_dma.o(.text.DMA_Cmd))
<BR><BR>[Stack]<UL><LI>Max Depth = 4<LI>Call Chain = DMA_Cmd
</UL>
<BR>[Called By]<UL><LI><a href="#[48]">&gt;&gt;</a>&nbsp;&nbsp;&nbsp;My_DMA_Init
<LI><a href="#[b3]">&gt;&gt;</a>&nbsp;&nbsp;&nbsp;dmaInit
</UL>

<P><STRONG><a name="[50]"></a>DMA_CtrlDataInit</STRONG> (Thumb, 162 bytes, Stack size 8 bytes, mdr32fxqi_dma.o(.text.DMA_CtrlDataInit))
<BR><BR>[Stack]<UL><LI>Max Depth = 8<LI>Call Chain = DMA_CtrlDataInit
</UL>
<BR>[Called By]<UL><LI><a href="#[4f]">&gt;&gt;</a>&nbsp;&nbsp;&nbsp;DMA_Init
</UL>

<P><STRONG><a name="[4b]"></a>DMA_DeInit</STRONG> (Thumb, 124 bytes, Stack size 8 bytes, mdr32fxqi_dma.o(.text.DMA_DeInit))
<BR><BR>[Stack]<UL><LI>Max Depth = 12<LI>Call Chain = DMA_DeInit &rArr; NVIC_ClearPendingIRQ
</UL>
<BR>[Calls]<UL><LI><a href="#[4c]">&gt;&gt;</a>&nbsp;&nbsp;&nbsp;NVIC_ClearPendingIRQ
</UL>
<BR>[Called By]<UL><LI><a href="#[b3]">&gt;&gt;</a>&nbsp;&nbsp;&nbsp;dmaInit
</UL>

<P><STRONG><a name="[4d]"></a>DMA_GetFlagStatus</STRONG> (Thumb, 250 bytes, Stack size 8 bytes, mdr32fxqi_dma.o(.text.DMA_GetFlagStatus))
<BR><BR>[Stack]<UL><LI>Max Depth = 8<LI>Call Chain = DMA_GetFlagStatus
</UL>
<BR>[Called By]<UL><LI><a href="#[d]">&gt;&gt;</a>&nbsp;&nbsp;&nbsp;DMA_IRQHandler
</UL>

<P><STRONG><a name="[d]"></a>DMA_IRQHandler</STRONG> (Thumb, 84 bytes, Stack size 8 bytes, irq_dma.o(.text.DMA_IRQHandler))
<BR><BR>[Stack]<UL><LI>Max Depth = 32<LI>Call Chain = DMA_IRQHandler &rArr; DMA_ChannelReloadCycle
</UL>
<BR>[Calls]<UL><LI><a href="#[4e]">&gt;&gt;</a>&nbsp;&nbsp;&nbsp;DMA_ChannelReloadCycle
<LI><a href="#[4d]">&gt;&gt;</a>&nbsp;&nbsp;&nbsp;DMA_GetFlagStatus
</UL>
<BR>[Address Reference Count : 1]<UL><LI> startup_mdr32f9q2i.o(RESET)
</UL>
<P><STRONG><a name="[4f]"></a>DMA_Init</STRONG> (Thumb, 308 bytes, Stack size 24 bytes, mdr32fxqi_dma.o(.text.DMA_Init))
<BR><BR>[Stack]<UL><LI>Max Depth = 32<LI>Call Chain = DMA_Init &rArr; DMA_CtrlDataInit
</UL>
<BR>[Calls]<UL><LI><a href="#[50]">&gt;&gt;</a>&nbsp;&nbsp;&nbsp;DMA_CtrlDataInit
</UL>
<BR>[Called By]<UL><LI><a href="#[48]">&gt;&gt;</a>&nbsp;&nbsp;&nbsp;My_DMA_Init
<LI><a href="#[b3]">&gt;&gt;</a>&nbsp;&nbsp;&nbsp;dmaInit
</UL>

<P><STRONG><a name="[58]"></a>DMA_StructInit</STRONG> (Thumb, 34 bytes, Stack size 4 bytes, mdr32fxqi_dma.o(.text.DMA_StructInit))
<BR><BR>[Stack]<UL><LI>Max Depth = 4<LI>Call Chain = DMA_StructInit
</UL>
<BR>[Called By]<UL><LI><a href="#[48]">&gt;&gt;</a>&nbsp;&nbsp;&nbsp;My_DMA_Init
<LI><a href="#[b3]">&gt;&gt;</a>&nbsp;&nbsp;&nbsp;dmaInit
</UL>

<P><STRONG><a name="[44]"></a>EEPROM_SetLatency</STRONG> (Thumb, 24 bytes, Stack size 4 bytes, mdr32fxqi_eeprom.o(.text.EEPROM_SetLatency))
<BR><BR>[Stack]<UL><LI>Max Depth = 4<LI>Call Chain = EEPROM_SetLatency
</UL>
<BR>[Called By]<UL><LI><a href="#[39]">&gt;&gt;</a>&nbsp;&nbsp;&nbsp;ClockInit
</UL>

<P><STRONG><a name="[b5]"></a>Get_Avg_ADC_value</STRONG> (Thumb, 76 bytes, Stack size 12 bytes, adc.o(.text.Get_Avg_ADC_value))
<BR><BR>[Stack]<UL><LI>Max Depth = 12<LI>Call Chain = Get_Avg_ADC_value
</UL>
<BR>[Called By]<UL><LI><a href="#[31]">&gt;&gt;</a>&nbsp;&nbsp;&nbsp;main
</UL>

<P><STRONG><a name="[51]"></a>LedPortInit</STRONG> (Thumb, 76 bytes, Stack size 24 bytes, timer.o(.text.LedPortInit))
<BR><BR>[Stack]<UL><LI>Max Depth = 84<LI>Call Chain = LedPortInit &rArr; PORT_Init
</UL>
<BR>[Calls]<UL><LI><a href="#[54]">&gt;&gt;</a>&nbsp;&nbsp;&nbsp;PORT_SetBits
<LI><a href="#[53]">&gt;&gt;</a>&nbsp;&nbsp;&nbsp;PORT_Init
<LI><a href="#[52]">&gt;&gt;</a>&nbsp;&nbsp;&nbsp;PORT_StructInit
<LI><a href="#[43]">&gt;&gt;</a>&nbsp;&nbsp;&nbsp;RST_CLK_PCLKcmd
</UL>
<BR>[Called By]<UL><LI><a href="#[31]">&gt;&gt;</a>&nbsp;&nbsp;&nbsp;main
</UL>

<P><STRONG><a name="[49]"></a>My_DAC_Init</STRONG> (Thumb, 40 bytes, Stack size 16 bytes, dac.o(.text.My_DAC_Init))
<BR><BR>[Stack]<UL><LI>Max Depth = 24<LI>Call Chain = My_DAC_Init &rArr; DAC2_Cmd
</UL>
<BR>[Calls]<UL><LI><a href="#[57]">&gt;&gt;</a>&nbsp;&nbsp;&nbsp;DAC2_Cmd
<LI><a href="#[56]">&gt;&gt;</a>&nbsp;&nbsp;&nbsp;DAC2_Init
<LI><a href="#[55]">&gt;&gt;</a>&nbsp;&nbsp;&nbsp;DAC_DeInit
<LI><a href="#[43]">&gt;&gt;</a>&nbsp;&nbsp;&nbsp;RST_CLK_PCLKcmd
</UL>
<BR>[Called By]<UL><LI><a href="#[47]">&gt;&gt;</a>&nbsp;&nbsp;&nbsp;DAC_DMA_Init
</UL>

<P><STRONG><a name="[48]"></a>My_DMA_Init</STRONG> (Thumb, 172 bytes, Stack size 48 bytes, dac.o(.text.My_DMA_Init))
<BR><BR>[Stack]<UL><LI>Max Depth = 80<LI>Call Chain = My_DMA_Init &rArr; DMA_Init &rArr; DMA_CtrlDataInit
</UL>
<BR>[Calls]<UL><LI><a href="#[59]">&gt;&gt;</a>&nbsp;&nbsp;&nbsp;DMA_Cmd
<LI><a href="#[4f]">&gt;&gt;</a>&nbsp;&nbsp;&nbsp;DMA_Init
<LI><a href="#[58]">&gt;&gt;</a>&nbsp;&nbsp;&nbsp;DMA_StructInit
</UL>
<BR>[Called By]<UL><LI><a href="#[47]">&gt;&gt;</a>&nbsp;&nbsp;&nbsp;DAC_DMA_Init
</UL>

<P><STRONG><a name="[4a]"></a>My_TIMER_Init</STRONG> (Thumb, 156 bytes, Stack size 32 bytes, dac.o(.text.My_TIMER_Init))
<BR><BR>[Stack]<UL><LI>Max Depth = 92<LI>Call Chain = My_TIMER_Init &rArr; PORT_Init
</UL>
<BR>[Calls]<UL><LI><a href="#[5e]">&gt;&gt;</a>&nbsp;&nbsp;&nbsp;TIMER_DMACmd
<LI><a href="#[5f]">&gt;&gt;</a>&nbsp;&nbsp;&nbsp;TIMER_Cmd
<LI><a href="#[5c]">&gt;&gt;</a>&nbsp;&nbsp;&nbsp;TIMER_BRGInit
<LI><a href="#[5d]">&gt;&gt;</a>&nbsp;&nbsp;&nbsp;TIMER_CntInit
<LI><a href="#[5b]">&gt;&gt;</a>&nbsp;&nbsp;&nbsp;TIMER_DeInit
<LI><a href="#[53]">&gt;&gt;</a>&nbsp;&nbsp;&nbsp;PORT_Init
<LI><a href="#[52]">&gt;&gt;</a>&nbsp;&nbsp;&nbsp;PORT_StructInit
<LI><a href="#[5a]">&gt;&gt;</a>&nbsp;&nbsp;&nbsp;PORT_DeInit
<LI><a href="#[43]">&gt;&gt;</a>&nbsp;&nbsp;&nbsp;RST_CLK_PCLKcmd
</UL>
<BR>[Called By]<UL><LI><a href="#[47]">&gt;&gt;</a>&nbsp;&nbsp;&nbsp;DAC_DMA_Init
</UL>

<P><STRONG><a name="[60]"></a>PID_Update</STRONG> (Thumb, 288 bytes, Stack size 56 bytes, pwm.o(.text.PID_Update))
<BR><BR>[Stack]<UL><LI>Max Depth = 84<LI>Call Chain = PID_Update &rArr; PWM_SetDutyCycle &rArr; TIMER_SetChnCompare
</UL>
<BR>[Calls]<UL><LI><a href="#[68]">&gt;&gt;</a>&nbsp;&nbsp;&nbsp;PWM_SetDutyCycle
<LI><a href="#[65]">&gt;&gt;</a>&nbsp;&nbsp;&nbsp;__aeabi_fmul
<LI><a href="#[61]">&gt;&gt;</a>&nbsp;&nbsp;&nbsp;__aeabi_i2f
<LI><a href="#[67]">&gt;&gt;</a>&nbsp;&nbsp;&nbsp;__aeabi_f2iz
<LI><a href="#[63]">&gt;&gt;</a>&nbsp;&nbsp;&nbsp;__aeabi_fcmple
<LI><a href="#[64]">&gt;&gt;</a>&nbsp;&nbsp;&nbsp;__aeabi_fcmpge
<LI><a href="#[66]">&gt;&gt;</a>&nbsp;&nbsp;&nbsp;__aeabi_fsub
<LI><a href="#[62]">&gt;&gt;</a>&nbsp;&nbsp;&nbsp;__aeabi_fadd
</UL>
<BR>[Called By]<UL><LI><a href="#[31]">&gt;&gt;</a>&nbsp;&nbsp;&nbsp;main
</UL>

<P><STRONG><a name="[5a]"></a>PORT_DeInit</STRONG> (Thumb, 42 bytes, Stack size 4 bytes, mdr32fxqi_port.o(.text.PORT_DeInit))
<BR><BR>[Stack]<UL><LI>Max Depth = 4<LI>Call Chain = PORT_DeInit
</UL>
<BR>[Called By]<UL><LI><a href="#[4a]">&gt;&gt;</a>&nbsp;&nbsp;&nbsp;My_TIMER_Init
<LI><a href="#[6a]">&gt;&gt;</a>&nbsp;&nbsp;&nbsp;PortA_Init
<LI><a href="#[6d]">&gt;&gt;</a>&nbsp;&nbsp;&nbsp;PortInit
</UL>

<P><STRONG><a name="[53]"></a>PORT_Init</STRONG> (Thumb, 556 bytes, Stack size 60 bytes, mdr32fxqi_port.o(.text.PORT_Init))
<BR><BR>[Stack]<UL><LI>Max Depth = 60<LI>Call Chain = PORT_Init
</UL>
<BR>[Called By]<UL><LI><a href="#[4a]">&gt;&gt;</a>&nbsp;&nbsp;&nbsp;My_TIMER_Init
<LI><a href="#[6a]">&gt;&gt;</a>&nbsp;&nbsp;&nbsp;PortA_Init
<LI><a href="#[51]">&gt;&gt;</a>&nbsp;&nbsp;&nbsp;LedPortInit
<LI><a href="#[6d]">&gt;&gt;</a>&nbsp;&nbsp;&nbsp;PortInit
</UL>

<P><STRONG><a name="[6b]"></a>PORT_ResetBits</STRONG> (Thumb, 36 bytes, Stack size 8 bytes, mdr32fxqi_port.o(.text.PORT_ResetBits))
<BR><BR>[Stack]<UL><LI>Max Depth = 8<LI>Call Chain = PORT_ResetBits
</UL>
<BR>[Called By]<UL><LI><a href="#[14]">&gt;&gt;</a>&nbsp;&nbsp;&nbsp;Timer1_IRQHandler
<LI><a href="#[6c]">&gt;&gt;</a>&nbsp;&nbsp;&nbsp;PortA_SetPins
<LI><a href="#[6a]">&gt;&gt;</a>&nbsp;&nbsp;&nbsp;PortA_Init
</UL>

<P><STRONG><a name="[54]"></a>PORT_SetBits</STRONG> (Thumb, 42 bytes, Stack size 8 bytes, mdr32fxqi_port.o(.text.PORT_SetBits))
<BR><BR>[Stack]<UL><LI>Max Depth = 8<LI>Call Chain = PORT_SetBits
</UL>
<BR>[Called By]<UL><LI><a href="#[14]">&gt;&gt;</a>&nbsp;&nbsp;&nbsp;Timer1_IRQHandler
<LI><a href="#[6c]">&gt;&gt;</a>&nbsp;&nbsp;&nbsp;PortA_SetPins
<LI><a href="#[51]">&gt;&gt;</a>&nbsp;&nbsp;&nbsp;LedPortInit
</UL>

<P><STRONG><a name="[52]"></a>PORT_StructInit</STRONG> (Thumb, 54 bytes, Stack size 4 bytes, mdr32fxqi_port.o(.text.PORT_StructInit))
<BR><BR>[Stack]<UL><LI>Max Depth = 4<LI>Call Chain = PORT_StructInit
</UL>
<BR>[Called By]<UL><LI><a href="#[4a]">&gt;&gt;</a>&nbsp;&nbsp;&nbsp;My_TIMER_Init
<LI><a href="#[6a]">&gt;&gt;</a>&nbsp;&nbsp;&nbsp;PortA_Init
<LI><a href="#[51]">&gt;&gt;</a>&nbsp;&nbsp;&nbsp;LedPortInit
<LI><a href="#[6d]">&gt;&gt;</a>&nbsp;&nbsp;&nbsp;PortInit
</UL>

<P><STRONG><a name="[68]"></a>PWM_SetDutyCycle</STRONG> (Thumb, 100 bytes, Stack size 16 bytes, pwm.o(.text.PWM_SetDutyCycle))
<BR><BR>[Stack]<UL><LI>Max Depth = 28<LI>Call Chain = PWM_SetDutyCycle &rArr; TIMER_SetChnCompare
</UL>
<BR>[Calls]<UL><LI><a href="#[69]">&gt;&gt;</a>&nbsp;&nbsp;&nbsp;TIMER_SetChnCompare
</UL>
<BR>[Called By]<UL><LI><a href="#[60]">&gt;&gt;</a>&nbsp;&nbsp;&nbsp;PID_Update
</UL>

<P><STRONG><a name="[6a]"></a>PortA_Init</STRONG> (Thumb, 88 bytes, Stack size 40 bytes, port.o(.text.PortA_Init))
<BR><BR>[Stack]<UL><LI>Max Depth = 100<LI>Call Chain = PortA_Init &rArr; PORT_Init
</UL>
<BR>[Calls]<UL><LI><a href="#[6b]">&gt;&gt;</a>&nbsp;&nbsp;&nbsp;PORT_ResetBits
<LI><a href="#[53]">&gt;&gt;</a>&nbsp;&nbsp;&nbsp;PORT_Init
<LI><a href="#[52]">&gt;&gt;</a>&nbsp;&nbsp;&nbsp;PORT_StructInit
<LI><a href="#[5a]">&gt;&gt;</a>&nbsp;&nbsp;&nbsp;PORT_DeInit
<LI><a href="#[43]">&gt;&gt;</a>&nbsp;&nbsp;&nbsp;RST_CLK_PCLKcmd
</UL>
<BR>[Called By]<UL><LI><a href="#[31]">&gt;&gt;</a>&nbsp;&nbsp;&nbsp;main
</UL>

<P><STRONG><a name="[6c]"></a>PortA_SetPins</STRONG> (Thumb, 186 bytes, Stack size 24 bytes, port.o(.text.PortA_SetPins))
<BR><BR>[Stack]<UL><LI>Max Depth = 32<LI>Call Chain = PortA_SetPins &rArr; PORT_ResetBits
</UL>
<BR>[Calls]<UL><LI><a href="#[6b]">&gt;&gt;</a>&nbsp;&nbsp;&nbsp;PORT_ResetBits
<LI><a href="#[54]">&gt;&gt;</a>&nbsp;&nbsp;&nbsp;PORT_SetBits
</UL>
<BR>[Called By]<UL><LI><a href="#[8a]">&gt;&gt;</a>&nbsp;&nbsp;&nbsp;USB_CDC_RecieveData
</UL>

<P><STRONG><a name="[6d]"></a>PortInit</STRONG> (Thumb, 68 bytes, Stack size 24 bytes, pwm.o(.text.PortInit))
<BR><BR>[Stack]<UL><LI>Max Depth = 84<LI>Call Chain = PortInit &rArr; PORT_Init
</UL>
<BR>[Calls]<UL><LI><a href="#[53]">&gt;&gt;</a>&nbsp;&nbsp;&nbsp;PORT_Init
<LI><a href="#[52]">&gt;&gt;</a>&nbsp;&nbsp;&nbsp;PORT_StructInit
<LI><a href="#[5a]">&gt;&gt;</a>&nbsp;&nbsp;&nbsp;PORT_DeInit
<LI><a href="#[43]">&gt;&gt;</a>&nbsp;&nbsp;&nbsp;RST_CLK_PCLKcmd
</UL>
<BR>[Called By]<UL><LI><a href="#[31]">&gt;&gt;</a>&nbsp;&nbsp;&nbsp;main
</UL>

<P><STRONG><a name="[3f]"></a>RST_CLK_CPU_PLLcmd</STRONG> (Thumb, 22 bytes, Stack size 4 bytes, mdr32fxqi_rst_clk.o(.text.RST_CLK_CPU_PLLcmd))
<BR><BR>[Stack]<UL><LI>Max Depth = 4<LI>Call Chain = RST_CLK_CPU_PLLcmd
</UL>
<BR>[Called By]<UL><LI><a href="#[39]">&gt;&gt;</a>&nbsp;&nbsp;&nbsp;ClockInit
</UL>

<P><STRONG><a name="[3e]"></a>RST_CLK_CPU_PLLconfig</STRONG> (Thumb, 104 bytes, Stack size 12 bytes, mdr32fxqi_rst_clk.o(.text.RST_CLK_CPU_PLLconfig))
<BR><BR>[Stack]<UL><LI>Max Depth = 12<LI>Call Chain = RST_CLK_CPU_PLLconfig
</UL>
<BR>[Called By]<UL><LI><a href="#[39]">&gt;&gt;</a>&nbsp;&nbsp;&nbsp;ClockInit
</UL>

<P><STRONG><a name="[40]"></a>RST_CLK_CPU_PLLstatus</STRONG> (Thumb, 100 bytes, Stack size 24 bytes, mdr32fxqi_rst_clk.o(.text.RST_CLK_CPU_PLLstatus))
<BR><BR>[Stack]<UL><LI>Max Depth = 36<LI>Call Chain = RST_CLK_CPU_PLLstatus &rArr; RST_CLK_GetFlagStatus
</UL>
<BR>[Calls]<UL><LI><a href="#[6e]">&gt;&gt;</a>&nbsp;&nbsp;&nbsp;RST_CLK_GetFlagStatus
</UL>
<BR>[Called By]<UL><LI><a href="#[39]">&gt;&gt;</a>&nbsp;&nbsp;&nbsp;ClockInit
</UL>

<P><STRONG><a name="[42]"></a>RST_CLK_CPU_PLLuse</STRONG> (Thumb, 24 bytes, Stack size 4 bytes, mdr32fxqi_rst_clk.o(.text.RST_CLK_CPU_PLLuse))
<BR><BR>[Stack]<UL><LI>Max Depth = 4<LI>Call Chain = RST_CLK_CPU_PLLuse
</UL>
<BR>[Called By]<UL><LI><a href="#[39]">&gt;&gt;</a>&nbsp;&nbsp;&nbsp;ClockInit
</UL>

<P><STRONG><a name="[41]"></a>RST_CLK_CPUclkPrescaler</STRONG> (Thumb, 44 bytes, Stack size 8 bytes, mdr32fxqi_rst_clk.o(.text.RST_CLK_CPUclkPrescaler))
<BR><BR>[Stack]<UL><LI>Max Depth = 8<LI>Call Chain = RST_CLK_CPUclkPrescaler
</UL>
<BR>[Called By]<UL><LI><a href="#[39]">&gt;&gt;</a>&nbsp;&nbsp;&nbsp;ClockInit
</UL>

<P><STRONG><a name="[46]"></a>RST_CLK_CPUclkSelection</STRONG> (Thumb, 42 bytes, Stack size 8 bytes, mdr32fxqi_rst_clk.o(.text.RST_CLK_CPUclkSelection))
<BR><BR>[Stack]<UL><LI>Max Depth = 8<LI>Call Chain = RST_CLK_CPUclkSelection
</UL>
<BR>[Called By]<UL><LI><a href="#[39]">&gt;&gt;</a>&nbsp;&nbsp;&nbsp;ClockInit
</UL>

<P><STRONG><a name="[3a]"></a>RST_CLK_DeInit</STRONG> (Thumb, 216 bytes, Stack size 24 bytes, mdr32fxqi_rst_clk.o(.text.RST_CLK_DeInit))
<BR><BR>[Stack]<UL><LI>Max Depth = 68<LI>Call Chain = RST_CLK_DeInit &rArr; RST_CLK_WarmDeInit &rArr; RST_CLK_HSIstatus &rArr; RST_CLK_GetFlagStatus
</UL>
<BR>[Calls]<UL><LI><a href="#[6f]">&gt;&gt;</a>&nbsp;&nbsp;&nbsp;RST_CLK_WarmDeInit
</UL>
<BR>[Called By]<UL><LI><a href="#[39]">&gt;&gt;</a>&nbsp;&nbsp;&nbsp;ClockInit
</UL>

<P><STRONG><a name="[6e]"></a>RST_CLK_GetFlagStatus</STRONG> (Thumb, 88 bytes, Stack size 12 bytes, mdr32fxqi_rst_clk.o(.text.RST_CLK_GetFlagStatus))
<BR><BR>[Stack]<UL><LI>Max Depth = 12<LI>Call Chain = RST_CLK_GetFlagStatus
</UL>
<BR>[Called By]<UL><LI><a href="#[70]">&gt;&gt;</a>&nbsp;&nbsp;&nbsp;RST_CLK_HSIstatus
<LI><a href="#[40]">&gt;&gt;</a>&nbsp;&nbsp;&nbsp;RST_CLK_CPU_PLLstatus
<LI><a href="#[3d]">&gt;&gt;</a>&nbsp;&nbsp;&nbsp;RST_CLK_HSEstatus
</UL>

<P><STRONG><a name="[3c]"></a>RST_CLK_HSEconfig</STRONG> (Thumb, 80 bytes, Stack size 8 bytes, mdr32fxqi_rst_clk.o(.text.RST_CLK_HSEconfig))
<BR><BR>[Stack]<UL><LI>Max Depth = 8<LI>Call Chain = RST_CLK_HSEconfig
</UL>
<BR>[Called By]<UL><LI><a href="#[39]">&gt;&gt;</a>&nbsp;&nbsp;&nbsp;ClockInit
</UL>

<P><STRONG><a name="[3d]"></a>RST_CLK_HSEstatus</STRONG> (Thumb, 100 bytes, Stack size 24 bytes, mdr32fxqi_rst_clk.o(.text.RST_CLK_HSEstatus))
<BR><BR>[Stack]<UL><LI>Max Depth = 36<LI>Call Chain = RST_CLK_HSEstatus &rArr; RST_CLK_GetFlagStatus
</UL>
<BR>[Calls]<UL><LI><a href="#[6e]">&gt;&gt;</a>&nbsp;&nbsp;&nbsp;RST_CLK_GetFlagStatus
</UL>
<BR>[Called By]<UL><LI><a href="#[39]">&gt;&gt;</a>&nbsp;&nbsp;&nbsp;ClockInit
</UL>

<P><STRONG><a name="[71]"></a>RST_CLK_HSIcmd</STRONG> (Thumb, 24 bytes, Stack size 4 bytes, mdr32fxqi_rst_clk.o(.text.RST_CLK_HSIcmd))
<BR><BR>[Stack]<UL><LI>Max Depth = 4<LI>Call Chain = RST_CLK_HSIcmd
</UL>
<BR>[Called By]<UL><LI><a href="#[6f]">&gt;&gt;</a>&nbsp;&nbsp;&nbsp;RST_CLK_WarmDeInit
</UL>

<P><STRONG><a name="[70]"></a>RST_CLK_HSIstatus</STRONG> (Thumb, 100 bytes, Stack size 24 bytes, mdr32fxqi_rst_clk.o(.text.RST_CLK_HSIstatus))
<BR><BR>[Stack]<UL><LI>Max Depth = 36<LI>Call Chain = RST_CLK_HSIstatus &rArr; RST_CLK_GetFlagStatus
</UL>
<BR>[Calls]<UL><LI><a href="#[6e]">&gt;&gt;</a>&nbsp;&nbsp;&nbsp;RST_CLK_GetFlagStatus
</UL>
<BR>[Called By]<UL><LI><a href="#[6f]">&gt;&gt;</a>&nbsp;&nbsp;&nbsp;RST_CLK_WarmDeInit
</UL>

<P><STRONG><a name="[43]"></a>RST_CLK_PCLKcmd</STRONG> (Thumb, 52 bytes, Stack size 8 bytes, mdr32fxqi_rst_clk.o(.text.RST_CLK_PCLKcmd))
<BR><BR>[Stack]<UL><LI>Max Depth = 8<LI>Call Chain = RST_CLK_PCLKcmd
</UL>
<BR>[Called By]<UL><LI><a href="#[4a]">&gt;&gt;</a>&nbsp;&nbsp;&nbsp;My_TIMER_Init
<LI><a href="#[49]">&gt;&gt;</a>&nbsp;&nbsp;&nbsp;My_DAC_Init
<LI><a href="#[72]">&gt;&gt;</a>&nbsp;&nbsp;&nbsp;Setup_USB
<LI><a href="#[7f]">&gt;&gt;</a>&nbsp;&nbsp;&nbsp;Timer_1_Init
<LI><a href="#[6a]">&gt;&gt;</a>&nbsp;&nbsp;&nbsp;PortA_Init
<LI><a href="#[51]">&gt;&gt;</a>&nbsp;&nbsp;&nbsp;LedPortInit
<LI><a href="#[7a]">&gt;&gt;</a>&nbsp;&nbsp;&nbsp;TimerInit
<LI><a href="#[6d]">&gt;&gt;</a>&nbsp;&nbsp;&nbsp;PortInit
<LI><a href="#[39]">&gt;&gt;</a>&nbsp;&nbsp;&nbsp;ClockInit
<LI><a href="#[aa]">&gt;&gt;</a>&nbsp;&nbsp;&nbsp;adcInit
<LI><a href="#[b3]">&gt;&gt;</a>&nbsp;&nbsp;&nbsp;dmaInit
</UL>

<P><STRONG><a name="[6f]"></a>RST_CLK_WarmDeInit</STRONG> (Thumb, 102 bytes, Stack size 8 bytes, mdr32fxqi_rst_clk.o(.text.RST_CLK_WarmDeInit))
<BR><BR>[Stack]<UL><LI>Max Depth = 44<LI>Call Chain = RST_CLK_WarmDeInit &rArr; RST_CLK_HSIstatus &rArr; RST_CLK_GetFlagStatus
</UL>
<BR>[Calls]<UL><LI><a href="#[70]">&gt;&gt;</a>&nbsp;&nbsp;&nbsp;RST_CLK_HSIstatus
<LI><a href="#[71]">&gt;&gt;</a>&nbsp;&nbsp;&nbsp;RST_CLK_HSIcmd
</UL>
<BR>[Called By]<UL><LI><a href="#[3a]">&gt;&gt;</a>&nbsp;&nbsp;&nbsp;RST_CLK_DeInit
</UL>

<P><STRONG><a name="[72]"></a>Setup_USB</STRONG> (Thumb, 76 bytes, Stack size 16 bytes, usb.o(.text.Setup_USB))
<BR><BR>[Stack]<UL><LI>Max Depth = 132<LI>Call Chain = Setup_USB &rArr; USB_CDC_Reset &rArr; USB_EP_doDataOut &rArr; USB_EP_Idle &rArr; USB_EP_SetReady &rArr; USB_SetSEPxCTRL
</UL>
<BR>[Calls]<UL><LI><a href="#[77]">&gt;&gt;</a>&nbsp;&nbsp;&nbsp;USB_CDC_Reset
<LI><a href="#[75]">&gt;&gt;</a>&nbsp;&nbsp;&nbsp;USB_DevicePowerOn
<LI><a href="#[74]">&gt;&gt;</a>&nbsp;&nbsp;&nbsp;USB_SetSIM
<LI><a href="#[73]">&gt;&gt;</a>&nbsp;&nbsp;&nbsp;USB_DeviceInit
<LI><a href="#[76]">&gt;&gt;</a>&nbsp;&nbsp;&nbsp;NVIC_EnableIRQ
<LI><a href="#[43]">&gt;&gt;</a>&nbsp;&nbsp;&nbsp;RST_CLK_PCLKcmd
</UL>
<BR>[Called By]<UL><LI><a href="#[31]">&gt;&gt;</a>&nbsp;&nbsp;&nbsp;main
</UL>

<P><STRONG><a name="[3b]"></a>SystemCoreClockUpdate</STRONG> (Thumb, 238 bytes, Stack size 20 bytes, system_mdr32f9q2i.o(.text.SystemCoreClockUpdate))
<BR><BR>[Stack]<UL><LI>Max Depth = 20<LI>Call Chain = SystemCoreClockUpdate
</UL>
<BR>[Called By]<UL><LI><a href="#[1f]">&gt;&gt;</a>&nbsp;&nbsp;&nbsp;SystemInit
<LI><a href="#[39]">&gt;&gt;</a>&nbsp;&nbsp;&nbsp;ClockInit
</UL>

<P><STRONG><a name="[1f]"></a>SystemInit</STRONG> (Thumb, 118 bytes, Stack size 8 bytes, system_mdr32f9q2i.o(.text.SystemInit))
<BR><BR>[Stack]<UL><LI>Max Depth = 28<LI>Call Chain = SystemInit &rArr; SystemCoreClockUpdate
</UL>
<BR>[Calls]<UL><LI><a href="#[3b]">&gt;&gt;</a>&nbsp;&nbsp;&nbsp;SystemCoreClockUpdate
</UL>
<BR>[Address Reference Count : 1]<UL><LI> startup_mdr32f9q2i.o(.text)
</UL>
<P><STRONG><a name="[5c]"></a>TIMER_BRGInit</STRONG> (Thumb, 168 bytes, Stack size 12 bytes, mdr32fxqi_timer.o(.text.TIMER_BRGInit))
<BR><BR>[Stack]<UL><LI>Max Depth = 12<LI>Call Chain = TIMER_BRGInit
</UL>
<BR>[Called By]<UL><LI><a href="#[4a]">&gt;&gt;</a>&nbsp;&nbsp;&nbsp;My_TIMER_Init
<LI><a href="#[7f]">&gt;&gt;</a>&nbsp;&nbsp;&nbsp;Timer_1_Init
<LI><a href="#[7a]">&gt;&gt;</a>&nbsp;&nbsp;&nbsp;TimerInit
</UL>

<P><STRONG><a name="[7c]"></a>TIMER_ChnInit</STRONG> (Thumb, 136 bytes, Stack size 20 bytes, mdr32fxqi_timer.o(.text.TIMER_ChnInit))
<BR><BR>[Stack]<UL><LI>Max Depth = 20<LI>Call Chain = TIMER_ChnInit
</UL>
<BR>[Called By]<UL><LI><a href="#[7a]">&gt;&gt;</a>&nbsp;&nbsp;&nbsp;TimerInit
</UL>

<P><STRONG><a name="[7e]"></a>TIMER_ChnOutInit</STRONG> (Thumb, 92 bytes, Stack size 20 bytes, mdr32fxqi_timer.o(.text.TIMER_ChnOutInit))
<BR><BR>[Stack]<UL><LI>Max Depth = 20<LI>Call Chain = TIMER_ChnOutInit
</UL>
<BR>[Called By]<UL><LI><a href="#[7a]">&gt;&gt;</a>&nbsp;&nbsp;&nbsp;TimerInit
</UL>

<P><STRONG><a name="[7d]"></a>TIMER_ChnOutStructInit</STRONG> (Thumb, 50 bytes, Stack size 4 bytes, mdr32fxqi_timer.o(.text.TIMER_ChnOutStructInit))
<BR><BR>[Stack]<UL><LI>Max Depth = 4<LI>Call Chain = TIMER_ChnOutStructInit
</UL>
<BR>[Called By]<UL><LI><a href="#[7a]">&gt;&gt;</a>&nbsp;&nbsp;&nbsp;TimerInit
</UL>

<P><STRONG><a name="[7b]"></a>TIMER_ChnStructInit</STRONG> (Thumb, 64 bytes, Stack size 4 bytes, mdr32fxqi_timer.o(.text.TIMER_ChnStructInit))
<BR><BR>[Stack]<UL><LI>Max Depth = 4<LI>Call Chain = TIMER_ChnStructInit
</UL>
<BR>[Called By]<UL><LI><a href="#[7a]">&gt;&gt;</a>&nbsp;&nbsp;&nbsp;TimerInit
</UL>

<P><STRONG><a name="[79]"></a>TIMER_ClearFlag</STRONG> (Thumb, 18 bytes, Stack size 8 bytes, mdr32fxqi_timer.o(.text.TIMER_ClearFlag))
<BR><BR>[Stack]<UL><LI>Max Depth = 8<LI>Call Chain = TIMER_ClearFlag
</UL>
<BR>[Called By]<UL><LI><a href="#[14]">&gt;&gt;</a>&nbsp;&nbsp;&nbsp;Timer1_IRQHandler
<LI><a href="#[7f]">&gt;&gt;</a>&nbsp;&nbsp;&nbsp;Timer_1_Init
</UL>

<P><STRONG><a name="[5f]"></a>TIMER_Cmd</STRONG> (Thumb, 52 bytes, Stack size 12 bytes, mdr32fxqi_timer.o(.text.TIMER_Cmd))
<BR><BR>[Stack]<UL><LI>Max Depth = 12<LI>Call Chain = TIMER_Cmd
</UL>
<BR>[Called By]<UL><LI><a href="#[4a]">&gt;&gt;</a>&nbsp;&nbsp;&nbsp;My_TIMER_Init
<LI><a href="#[7f]">&gt;&gt;</a>&nbsp;&nbsp;&nbsp;Timer_1_Init
<LI><a href="#[7a]">&gt;&gt;</a>&nbsp;&nbsp;&nbsp;TimerInit
</UL>

<P><STRONG><a name="[5d]"></a>TIMER_CntInit</STRONG> (Thumb, 88 bytes, Stack size 16 bytes, mdr32fxqi_timer.o(.text.TIMER_CntInit))
<BR><BR>[Stack]<UL><LI>Max Depth = 16<LI>Call Chain = TIMER_CntInit
</UL>
<BR>[Called By]<UL><LI><a href="#[4a]">&gt;&gt;</a>&nbsp;&nbsp;&nbsp;My_TIMER_Init
<LI><a href="#[7f]">&gt;&gt;</a>&nbsp;&nbsp;&nbsp;Timer_1_Init
<LI><a href="#[7a]">&gt;&gt;</a>&nbsp;&nbsp;&nbsp;TimerInit
</UL>

<P><STRONG><a name="[5e]"></a>TIMER_DMACmd</STRONG> (Thumb, 54 bytes, Stack size 16 bytes, mdr32fxqi_timer.o(.text.TIMER_DMACmd))
<BR><BR>[Stack]<UL><LI>Max Depth = 16<LI>Call Chain = TIMER_DMACmd
</UL>
<BR>[Called By]<UL><LI><a href="#[4a]">&gt;&gt;</a>&nbsp;&nbsp;&nbsp;My_TIMER_Init
</UL>

<P><STRONG><a name="[5b]"></a>TIMER_DeInit</STRONG> (Thumb, 138 bytes, Stack size 4 bytes, mdr32fxqi_timer.o(.text.TIMER_DeInit))
<BR><BR>[Stack]<UL><LI>Max Depth = 4<LI>Call Chain = TIMER_DeInit
</UL>
<BR>[Called By]<UL><LI><a href="#[4a]">&gt;&gt;</a>&nbsp;&nbsp;&nbsp;My_TIMER_Init
<LI><a href="#[7f]">&gt;&gt;</a>&nbsp;&nbsp;&nbsp;Timer_1_Init
<LI><a href="#[7a]">&gt;&gt;</a>&nbsp;&nbsp;&nbsp;TimerInit
</UL>

<P><STRONG><a name="[78]"></a>TIMER_GetFlagStatus</STRONG> (Thumb, 42 bytes, Stack size 12 bytes, mdr32fxqi_timer.o(.text.TIMER_GetFlagStatus))
<BR><BR>[Stack]<UL><LI>Max Depth = 12<LI>Call Chain = TIMER_GetFlagStatus
</UL>
<BR>[Called By]<UL><LI><a href="#[14]">&gt;&gt;</a>&nbsp;&nbsp;&nbsp;Timer1_IRQHandler
</UL>

<P><STRONG><a name="[80]"></a>TIMER_ITConfig</STRONG> (Thumb, 54 bytes, Stack size 16 bytes, mdr32fxqi_timer.o(.text.TIMER_ITConfig))
<BR><BR>[Stack]<UL><LI>Max Depth = 16<LI>Call Chain = TIMER_ITConfig
</UL>
<BR>[Called By]<UL><LI><a href="#[7f]">&gt;&gt;</a>&nbsp;&nbsp;&nbsp;Timer_1_Init
</UL>

<P><STRONG><a name="[69]"></a>TIMER_SetChnCompare</STRONG> (Thumb, 38 bytes, Stack size 12 bytes, mdr32fxqi_timer.o(.text.TIMER_SetChnCompare))
<BR><BR>[Stack]<UL><LI>Max Depth = 12<LI>Call Chain = TIMER_SetChnCompare
</UL>
<BR>[Called By]<UL><LI><a href="#[68]">&gt;&gt;</a>&nbsp;&nbsp;&nbsp;PWM_SetDutyCycle
<LI><a href="#[7a]">&gt;&gt;</a>&nbsp;&nbsp;&nbsp;TimerInit
</UL>

<P><STRONG><a name="[14]"></a>Timer1_IRQHandler</STRONG> (Thumb, 112 bytes, Stack size 8 bytes, timer.o(.text.Timer1_IRQHandler))
<BR><BR>[Stack]<UL><LI>Max Depth = 20<LI>Call Chain = Timer1_IRQHandler &rArr; TIMER_GetFlagStatus
</UL>
<BR>[Calls]<UL><LI><a href="#[6b]">&gt;&gt;</a>&nbsp;&nbsp;&nbsp;PORT_ResetBits
<LI><a href="#[78]">&gt;&gt;</a>&nbsp;&nbsp;&nbsp;TIMER_GetFlagStatus
<LI><a href="#[79]">&gt;&gt;</a>&nbsp;&nbsp;&nbsp;TIMER_ClearFlag
<LI><a href="#[54]">&gt;&gt;</a>&nbsp;&nbsp;&nbsp;PORT_SetBits
</UL>
<BR>[Address Reference Count : 1]<UL><LI> startup_mdr32f9q2i.o(RESET)
</UL>
<P><STRONG><a name="[7a]"></a>TimerInit</STRONG> (Thumb, 192 bytes, Stack size 32 bytes, pwm.o(.text.TimerInit))
<BR><BR>[Stack]<UL><LI>Max Depth = 52<LI>Call Chain = TimerInit &rArr; TIMER_ChnOutInit
</UL>
<BR>[Calls]<UL><LI><a href="#[5f]">&gt;&gt;</a>&nbsp;&nbsp;&nbsp;TIMER_Cmd
<LI><a href="#[5c]">&gt;&gt;</a>&nbsp;&nbsp;&nbsp;TIMER_BRGInit
<LI><a href="#[7e]">&gt;&gt;</a>&nbsp;&nbsp;&nbsp;TIMER_ChnOutInit
<LI><a href="#[7d]">&gt;&gt;</a>&nbsp;&nbsp;&nbsp;TIMER_ChnOutStructInit
<LI><a href="#[69]">&gt;&gt;</a>&nbsp;&nbsp;&nbsp;TIMER_SetChnCompare
<LI><a href="#[7c]">&gt;&gt;</a>&nbsp;&nbsp;&nbsp;TIMER_ChnInit
<LI><a href="#[7b]">&gt;&gt;</a>&nbsp;&nbsp;&nbsp;TIMER_ChnStructInit
<LI><a href="#[5d]">&gt;&gt;</a>&nbsp;&nbsp;&nbsp;TIMER_CntInit
<LI><a href="#[5b]">&gt;&gt;</a>&nbsp;&nbsp;&nbsp;TIMER_DeInit
<LI><a href="#[43]">&gt;&gt;</a>&nbsp;&nbsp;&nbsp;RST_CLK_PCLKcmd
</UL>
<BR>[Called By]<UL><LI><a href="#[31]">&gt;&gt;</a>&nbsp;&nbsp;&nbsp;main
</UL>

<P><STRONG><a name="[7f]"></a>Timer_1_Init</STRONG> (Thumb, 122 bytes, Stack size 24 bytes, timer.o(.text.Timer_1_Init))
<BR><BR>[Stack]<UL><LI>Max Depth = 40<LI>Call Chain = Timer_1_Init &rArr; TIMER_ITConfig
</UL>
<BR>[Calls]<UL><LI><a href="#[80]">&gt;&gt;</a>&nbsp;&nbsp;&nbsp;TIMER_ITConfig
<LI><a href="#[79]">&gt;&gt;</a>&nbsp;&nbsp;&nbsp;TIMER_ClearFlag
<LI><a href="#[81]">&gt;&gt;</a>&nbsp;&nbsp;&nbsp;NVIC_EnableIRQ
<LI><a href="#[5f]">&gt;&gt;</a>&nbsp;&nbsp;&nbsp;TIMER_Cmd
<LI><a href="#[5c]">&gt;&gt;</a>&nbsp;&nbsp;&nbsp;TIMER_BRGInit
<LI><a href="#[5d]">&gt;&gt;</a>&nbsp;&nbsp;&nbsp;TIMER_CntInit
<LI><a href="#[5b]">&gt;&gt;</a>&nbsp;&nbsp;&nbsp;TIMER_DeInit
<LI><a href="#[43]">&gt;&gt;</a>&nbsp;&nbsp;&nbsp;RST_CLK_PCLKcmd
</UL>
<BR>[Called By]<UL><LI><a href="#[31]">&gt;&gt;</a>&nbsp;&nbsp;&nbsp;main
</UL>

<P><STRONG><a name="[97]"></a>USB_BRGInit</STRONG> (Thumb, 104 bytes, Stack size 8 bytes, mdr32fxqi_usb.o(.text.USB_BRGInit))
<BR><BR>[Stack]<UL><LI>Max Depth = 8<LI>Call Chain = USB_BRGInit
</UL>
<BR>[Called By]<UL><LI><a href="#[73]">&gt;&gt;</a>&nbsp;&nbsp;&nbsp;USB_DeviceInit
</UL>

<P><STRONG><a name="[82]"></a>USB_CDC_ClassRequest</STRONG> (Thumb, 280 bytes, Stack size 24 bytes, mdr32fxqi_usb_cdc.o(.text.USB_CDC_ClassRequest))
<BR><BR>[Stack]<UL><LI>Max Depth = 132<LI>Call Chain = USB_CDC_ClassRequest &rArr; USB_EP_doDataIn &rArr; USB_EP_sendInDataPortion &rArr; USB_EP_SetReady &rArr; USB_SetSEPxCTRL
</UL>
<BR>[Calls]<UL><LI><a href="#[85]">&gt;&gt;</a>&nbsp;&nbsp;&nbsp;USB_EP_doDataIn
<LI><a href="#[83]">&gt;&gt;</a>&nbsp;&nbsp;&nbsp;USB_EP_doDataOut
<LI><a href="#[84]">&gt;&gt;</a>&nbsp;&nbsp;&nbsp;USB_CDC_GetLineCoding
</UL>
<BR>[Called By]<UL><LI><a href="#[25]">&gt;&gt;</a>&nbsp;&nbsp;&nbsp;USB_DeviceSetupPacket
</UL>

<P><STRONG><a name="[87]"></a>USB_CDC_GetDescriptor</STRONG> (Thumb, 166 bytes, Stack size 32 bytes, mdr32fxqi_usb_cdc.o(.text.USB_CDC_GetDescriptor))
<BR><BR>[Stack]<UL><LI>Max Depth = 140<LI>Call Chain = USB_CDC_GetDescriptor &rArr; USB_EP_doDataIn &rArr; USB_EP_sendInDataPortion &rArr; USB_EP_SetReady &rArr; USB_SetSEPxCTRL
</UL>
<BR>[Calls]<UL><LI><a href="#[85]">&gt;&gt;</a>&nbsp;&nbsp;&nbsp;USB_EP_doDataIn
</UL>
<BR>[Called By]<UL><LI><a href="#[25]">&gt;&gt;</a>&nbsp;&nbsp;&nbsp;USB_DeviceSetupPacket
</UL>

<P><STRONG><a name="[84]"></a>USB_CDC_GetLineCoding</STRONG> (Thumb, 58 bytes, Stack size 8 bytes, usb.o(.text.USB_CDC_GetLineCoding))
<BR><BR>[Stack]<UL><LI>Max Depth = 8<LI>Call Chain = USB_CDC_GetLineCoding
</UL>
<BR>[Called By]<UL><LI><a href="#[82]">&gt;&gt;</a>&nbsp;&nbsp;&nbsp;USB_CDC_ClassRequest
</UL>

<P><STRONG><a name="[88]"></a>USB_CDC_Init</STRONG> (Thumb, 50 bytes, Stack size 24 bytes, mdr32fxqi_usb_cdc.o(.text.USB_CDC_Init))
<BR><BR>[Stack]<UL><LI>Max Depth = 32<LI>Call Chain = USB_CDC_Init &rArr; USB_CDC_SetReceiveBuffer
</UL>
<BR>[Calls]<UL><LI><a href="#[89]">&gt;&gt;</a>&nbsp;&nbsp;&nbsp;USB_CDC_SetReceiveBuffer
</UL>
<BR>[Called By]<UL><LI><a href="#[31]">&gt;&gt;</a>&nbsp;&nbsp;&nbsp;main
</UL>

<P><STRONG><a name="[8a]"></a>USB_CDC_RecieveData</STRONG> (Thumb, 130 bytes, Stack size 32 bytes, usb.o(.text.USB_CDC_RecieveData))
<BR><BR>[Stack]<UL><LI>Max Depth = 164<LI>Call Chain = USB_CDC_RecieveData &rArr; USB_CDC_SendData &rArr; USB_EP_doDataIn &rArr; USB_EP_sendInDataPortion &rArr; USB_EP_SetReady &rArr; USB_SetSEPxCTRL
</UL>
<BR>[Calls]<UL><LI><a href="#[6c]">&gt;&gt;</a>&nbsp;&nbsp;&nbsp;PortA_SetPins
<LI><a href="#[8b]">&gt;&gt;</a>&nbsp;&nbsp;&nbsp;USB_CDC_SendData
</UL>
<BR>[Called By]<UL><LI><a href="#[23]">&gt;&gt;</a>&nbsp;&nbsp;&nbsp;USB_CDC_OnDataReceive
</UL>

<P><STRONG><a name="[77]"></a>USB_CDC_Reset</STRONG> (Thumb, 112 bytes, Stack size 24 bytes, mdr32fxqi_usb_cdc.o(.text.USB_CDC_Reset))
<BR><BR>[Stack]<UL><LI>Max Depth = 116<LI>Call Chain = USB_CDC_Reset &rArr; USB_EP_doDataOut &rArr; USB_EP_Idle &rArr; USB_EP_SetReady &rArr; USB_SetSEPxCTRL
</UL>
<BR>[Calls]<UL><LI><a href="#[8d]">&gt;&gt;</a>&nbsp;&nbsp;&nbsp;USB_EP_Init
<LI><a href="#[8c]">&gt;&gt;</a>&nbsp;&nbsp;&nbsp;USB_DeviceReset
<LI><a href="#[83]">&gt;&gt;</a>&nbsp;&nbsp;&nbsp;USB_EP_doDataOut
</UL>
<BR>[Called By]<UL><LI><a href="#[72]">&gt;&gt;</a>&nbsp;&nbsp;&nbsp;Setup_USB
</UL>

<P><STRONG><a name="[8b]"></a>USB_CDC_SendData</STRONG> (Thumb, 76 bytes, Stack size 24 bytes, mdr32fxqi_usb_cdc.o(.text.USB_CDC_SendData))
<BR><BR>[Stack]<UL><LI>Max Depth = 132<LI>Call Chain = USB_CDC_SendData &rArr; USB_EP_doDataIn &rArr; USB_EP_sendInDataPortion &rArr; USB_EP_SetReady &rArr; USB_SetSEPxCTRL
</UL>
<BR>[Calls]<UL><LI><a href="#[85]">&gt;&gt;</a>&nbsp;&nbsp;&nbsp;USB_EP_doDataIn
</UL>
<BR>[Called By]<UL><LI><a href="#[8a]">&gt;&gt;</a>&nbsp;&nbsp;&nbsp;USB_CDC_RecieveData
</UL>

<P><STRONG><a name="[86]"></a>USB_CDC_SetLineCoding</STRONG> (Thumb, 58 bytes, Stack size 8 bytes, usb.o(.text.USB_CDC_SetLineCoding))
<BR><BR>[Stack]<UL><LI>Max Depth = 8<LI>Call Chain = USB_CDC_SetLineCoding
</UL>
<BR>[Called By]<UL><LI><a href="#[21]">&gt;&gt;</a>&nbsp;&nbsp;&nbsp;USB_CDC_DoDataOut
</UL>

<P><STRONG><a name="[89]"></a>USB_CDC_SetReceiveBuffer</STRONG> (Thumb, 28 bytes, Stack size 8 bytes, mdr32fxqi_usb_cdc.o(.text.USB_CDC_SetReceiveBuffer))
<BR><BR>[Stack]<UL><LI>Max Depth = 8<LI>Call Chain = USB_CDC_SetReceiveBuffer
</UL>
<BR>[Called By]<UL><LI><a href="#[88]">&gt;&gt;</a>&nbsp;&nbsp;&nbsp;USB_CDC_Init
</UL>

<P><STRONG><a name="[8e]"></a>USB_DeviceClearFeature</STRONG> (Thumb, 64 bytes, Stack size 16 bytes, mdr32fxqi_usb_device.o(.text.USB_DeviceClearFeature))
<BR><BR>[Stack]<UL><LI>Max Depth = 76<LI>Call Chain = USB_DeviceClearFeature &rArr; USB_EP_Idle &rArr; USB_EP_SetReady &rArr; USB_SetSEPxCTRL
</UL>
<BR>[Calls]<UL><LI><a href="#[8f]">&gt;&gt;</a>&nbsp;&nbsp;&nbsp;USB_EP_Idle
</UL>
<BR>[Called By]<UL><LI><a href="#[25]">&gt;&gt;</a>&nbsp;&nbsp;&nbsp;USB_DeviceSetupPacket
</UL>

<P><STRONG><a name="[90]"></a>USB_DeviceDispatchEvent</STRONG> (Thumb, 160 bytes, Stack size 24 bytes, mdr32fxqi_usb_device.o(.text.USB_DeviceDispatchEvent))
<BR><BR>[Stack]<UL><LI>Max Depth = 148<LI>Call Chain = USB_DeviceDispatchEvent &rArr; USB_EP_dispatchEvent &rArr; USB_EP_sendInDataPortion &rArr; USB_EP_SetReady &rArr; USB_SetSEPxCTRL
</UL>
<BR>[Calls]<UL><LI><a href="#[94]">&gt;&gt;</a>&nbsp;&nbsp;&nbsp;USB_EP_dispatchEvent
<LI><a href="#[96]">&gt;&gt;</a>&nbsp;&nbsp;&nbsp;NVIC_EnableIRQ
<LI><a href="#[91]">&gt;&gt;</a>&nbsp;&nbsp;&nbsp;NVIC_DisableIRQ
<LI><a href="#[8c]">&gt;&gt;</a>&nbsp;&nbsp;&nbsp;USB_DeviceReset
<LI><a href="#[93]">&gt;&gt;</a>&nbsp;&nbsp;&nbsp;USB_SetSA
<LI><a href="#[95]">&gt;&gt;</a>&nbsp;&nbsp;&nbsp;USB_SetSIS
<LI><a href="#[92]">&gt;&gt;</a>&nbsp;&nbsp;&nbsp;USB_GetSIS
</UL>
<BR>[Called By]<UL><LI><a href="#[c]">&gt;&gt;</a>&nbsp;&nbsp;&nbsp;USB_IRQHandler
</UL>

<P><STRONG><a name="[22]"></a>USB_DeviceDoStatusOutAck</STRONG> (Thumb, 30 bytes, Stack size 24 bytes, mdr32fxqi_usb_device.o(.text.USB_DeviceDoStatusOutAck))
<BR><BR>[Stack]<UL><LI>Max Depth = 116<LI>Call Chain = USB_DeviceDoStatusOutAck &rArr; USB_EP_doDataOut &rArr; USB_EP_Idle &rArr; USB_EP_SetReady &rArr; USB_SetSEPxCTRL
</UL>
<BR>[Calls]<UL><LI><a href="#[83]">&gt;&gt;</a>&nbsp;&nbsp;&nbsp;USB_EP_doDataOut
</UL>
<BR>[Address Reference Count : 3]<UL><LI> mdr32fxqi_usb_cdc.o(.text.USB_CDC_GetDescriptor)
<LI> mdr32fxqi_usb_cdc.o(.text.USB_CDC_ClassRequest)
<LI> mdr32fxqi_usb_device.o(.text.USB_DeviceSetupPacket)
</UL>
<P><STRONG><a name="[73]"></a>USB_DeviceInit</STRONG> (Thumb, 102 bytes, Stack size 24 bytes, mdr32fxqi_usb_device.o(.text.USB_DeviceInit))
<BR><BR>[Stack]<UL><LI>Max Depth = 116<LI>Call Chain = USB_DeviceInit &rArr; USB_EP_setSetupHandler &rArr; USB_EP_Idle &rArr; USB_EP_SetReady &rArr; USB_SetSEPxCTRL
</UL>
<BR>[Calls]<UL><LI><a href="#[9b]">&gt;&gt;</a>&nbsp;&nbsp;&nbsp;USB_EP_setSetupHandler
<LI><a href="#[8d]">&gt;&gt;</a>&nbsp;&nbsp;&nbsp;USB_EP_Init
<LI><a href="#[9a]">&gt;&gt;</a>&nbsp;&nbsp;&nbsp;USB_SetSC
<LI><a href="#[99]">&gt;&gt;</a>&nbsp;&nbsp;&nbsp;USB_SetHSCR
<LI><a href="#[98]">&gt;&gt;</a>&nbsp;&nbsp;&nbsp;USB_Reset
<LI><a href="#[97]">&gt;&gt;</a>&nbsp;&nbsp;&nbsp;USB_BRGInit
</UL>
<BR>[Called By]<UL><LI><a href="#[72]">&gt;&gt;</a>&nbsp;&nbsp;&nbsp;Setup_USB
</UL>

<P><STRONG><a name="[75]"></a>USB_DevicePowerOn</STRONG> (Thumb, 24 bytes, Stack size 8 bytes, mdr32fxqi_usb_device.o(.text.USB_DevicePowerOn))
<BR><BR>[Stack]<UL><LI>Max Depth = 16<LI>Call Chain = USB_DevicePowerOn &rArr; USB_SetHSCR
</UL>
<BR>[Calls]<UL><LI><a href="#[99]">&gt;&gt;</a>&nbsp;&nbsp;&nbsp;USB_SetHSCR
</UL>
<BR>[Called By]<UL><LI><a href="#[72]">&gt;&gt;</a>&nbsp;&nbsp;&nbsp;Setup_USB
</UL>

<P><STRONG><a name="[8c]"></a>USB_DeviceReset</STRONG> (Thumb, 16 bytes, Stack size 0 bytes, mdr32fxqi_usb_device.o(.text.USB_DeviceReset))
<BR><BR>[Called By]<UL><LI><a href="#[90]">&gt;&gt;</a>&nbsp;&nbsp;&nbsp;USB_DeviceDispatchEvent
<LI><a href="#[77]">&gt;&gt;</a>&nbsp;&nbsp;&nbsp;USB_CDC_Reset
</UL>

<P><STRONG><a name="[9c]"></a>USB_DeviceSetFeature</STRONG> (Thumb, 66 bytes, Stack size 16 bytes, mdr32fxqi_usb_device.o(.text.USB_DeviceSetFeature))
<BR><BR>[Stack]<UL><LI>Max Depth = 76<LI>Call Chain = USB_DeviceSetFeature &rArr; USB_EP_Stall &rArr; USB_EP_SetReady &rArr; USB_SetSEPxCTRL
</UL>
<BR>[Calls]<UL><LI><a href="#[9d]">&gt;&gt;</a>&nbsp;&nbsp;&nbsp;USB_EP_Stall
</UL>
<BR>[Called By]<UL><LI><a href="#[25]">&gt;&gt;</a>&nbsp;&nbsp;&nbsp;USB_DeviceSetupPacket
</UL>

<P><STRONG><a name="[25]"></a>USB_DeviceSetupPacket</STRONG> (Thumb, 1058 bytes, Stack size 56 bytes, mdr32fxqi_usb_device.o(.text.USB_DeviceSetupPacket))
<BR><BR>[Stack]<UL><LI>Max Depth = 196<LI>Call Chain = USB_DeviceSetupPacket &rArr; USB_CDC_GetDescriptor &rArr; USB_EP_doDataIn &rArr; USB_EP_sendInDataPortion &rArr; USB_EP_SetReady &rArr; USB_SetSEPxCTRL
</UL>
<BR>[Calls]<UL><LI><a href="#[9c]">&gt;&gt;</a>&nbsp;&nbsp;&nbsp;USB_DeviceSetFeature
<LI><a href="#[8e]">&gt;&gt;</a>&nbsp;&nbsp;&nbsp;USB_DeviceClearFeature
<LI><a href="#[82]">&gt;&gt;</a>&nbsp;&nbsp;&nbsp;USB_CDC_ClassRequest
<LI><a href="#[87]">&gt;&gt;</a>&nbsp;&nbsp;&nbsp;USB_CDC_GetDescriptor
<LI><a href="#[85]">&gt;&gt;</a>&nbsp;&nbsp;&nbsp;USB_EP_doDataIn
<LI><a href="#[83]">&gt;&gt;</a>&nbsp;&nbsp;&nbsp;USB_EP_doDataOut
</UL>
<BR>[Address Reference Count : 1]<UL><LI> mdr32fxqi_usb_device.o(.text.USB_DeviceInit)
</UL>
<P><STRONG><a name="[8f]"></a>USB_EP_Idle</STRONG> (Thumb, 98 bytes, Stack size 24 bytes, mdr32fxqi_usb_device.o(.text.USB_EP_Idle))
<BR><BR>[Stack]<UL><LI>Max Depth = 60<LI>Call Chain = USB_EP_Idle &rArr; USB_EP_SetReady &rArr; USB_SetSEPxCTRL
</UL>
<BR>[Calls]<UL><LI><a href="#[9e]">&gt;&gt;</a>&nbsp;&nbsp;&nbsp;USB_EP_SetReady
</UL>
<BR>[Called By]<UL><LI><a href="#[8e]">&gt;&gt;</a>&nbsp;&nbsp;&nbsp;USB_DeviceClearFeature
<LI><a href="#[94]">&gt;&gt;</a>&nbsp;&nbsp;&nbsp;USB_EP_dispatchEvent
<LI><a href="#[9b]">&gt;&gt;</a>&nbsp;&nbsp;&nbsp;USB_EP_setSetupHandler
<LI><a href="#[83]">&gt;&gt;</a>&nbsp;&nbsp;&nbsp;USB_EP_doDataOut
</UL>

<P><STRONG><a name="[8d]"></a>USB_EP_Init</STRONG> (Thumb, 102 bytes, Stack size 32 bytes, mdr32fxqi_usb_device.o(.text.USB_EP_Init))
<BR><BR>[Stack]<UL><LI>Max Depth = 44<LI>Call Chain = USB_EP_Init &rArr; USB_SetSEPxCTRL
</UL>
<BR>[Calls]<UL><LI><a href="#[9f]">&gt;&gt;</a>&nbsp;&nbsp;&nbsp;USB_SetSEPxCTRL
</UL>
<BR>[Called By]<UL><LI><a href="#[77]">&gt;&gt;</a>&nbsp;&nbsp;&nbsp;USB_CDC_Reset
<LI><a href="#[73]">&gt;&gt;</a>&nbsp;&nbsp;&nbsp;USB_DeviceInit
</UL>

<P><STRONG><a name="[9d]"></a>USB_EP_Stall</STRONG> (Thumb, 126 bytes, Stack size 24 bytes, mdr32fxqi_usb_device.o(.text.USB_EP_Stall))
<BR><BR>[Stack]<UL><LI>Max Depth = 60<LI>Call Chain = USB_EP_Stall &rArr; USB_EP_SetReady &rArr; USB_SetSEPxCTRL
</UL>
<BR>[Calls]<UL><LI><a href="#[9e]">&gt;&gt;</a>&nbsp;&nbsp;&nbsp;USB_EP_SetReady
</UL>
<BR>[Called By]<UL><LI><a href="#[9c]">&gt;&gt;</a>&nbsp;&nbsp;&nbsp;USB_DeviceSetFeature
<LI><a href="#[94]">&gt;&gt;</a>&nbsp;&nbsp;&nbsp;USB_EP_dispatchEvent
</UL>

<P><STRONG><a name="[94]"></a>USB_EP_dispatchEvent</STRONG> (Thumb, 970 bytes, Stack size 56 bytes, mdr32fxqi_usb_device.o(.text.USB_EP_dispatchEvent))
<BR><BR>[Stack]<UL><LI>Max Depth = 124<LI>Call Chain = USB_EP_dispatchEvent &rArr; USB_EP_sendInDataPortion &rArr; USB_EP_SetReady &rArr; USB_SetSEPxCTRL
</UL>
<BR>[Calls]<UL><LI><a href="#[8f]">&gt;&gt;</a>&nbsp;&nbsp;&nbsp;USB_EP_Idle
<LI><a href="#[a3]">&gt;&gt;</a>&nbsp;&nbsp;&nbsp;USB_EP_sendInDataPortion
<LI><a href="#[9e]">&gt;&gt;</a>&nbsp;&nbsp;&nbsp;USB_EP_SetReady
<LI><a href="#[9d]">&gt;&gt;</a>&nbsp;&nbsp;&nbsp;USB_EP_Stall
<LI><a href="#[a6]">&gt;&gt;</a>&nbsp;&nbsp;&nbsp;USB_SetSEPxRXFC
<LI><a href="#[a4]">&gt;&gt;</a>&nbsp;&nbsp;&nbsp;USB_GetSEPxRXFDC
<LI><a href="#[a5]">&gt;&gt;</a>&nbsp;&nbsp;&nbsp;USB_GetSEPxRXFD
<LI><a href="#[a1]">&gt;&gt;</a>&nbsp;&nbsp;&nbsp;USB_GetSEPxTS
<LI><a href="#[a0]">&gt;&gt;</a>&nbsp;&nbsp;&nbsp;USB_GetSEPxSTS
<LI><a href="#[a2]">&gt;&gt;</a>&nbsp;&nbsp;&nbsp;USB_GetSEPxCTRL
</UL>
<BR>[Called By]<UL><LI><a href="#[90]">&gt;&gt;</a>&nbsp;&nbsp;&nbsp;USB_DeviceDispatchEvent
</UL>

<P><STRONG><a name="[85]"></a>USB_EP_doDataIn</STRONG> (Thumb, 106 bytes, Stack size 40 bytes, mdr32fxqi_usb_device.o(.text.USB_EP_doDataIn))
<BR><BR>[Stack]<UL><LI>Max Depth = 108<LI>Call Chain = USB_EP_doDataIn &rArr; USB_EP_sendInDataPortion &rArr; USB_EP_SetReady &rArr; USB_SetSEPxCTRL
</UL>
<BR>[Calls]<UL><LI><a href="#[a3]">&gt;&gt;</a>&nbsp;&nbsp;&nbsp;USB_EP_sendInDataPortion
</UL>
<BR>[Called By]<UL><LI><a href="#[25]">&gt;&gt;</a>&nbsp;&nbsp;&nbsp;USB_DeviceSetupPacket
<LI><a href="#[82]">&gt;&gt;</a>&nbsp;&nbsp;&nbsp;USB_CDC_ClassRequest
<LI><a href="#[87]">&gt;&gt;</a>&nbsp;&nbsp;&nbsp;USB_CDC_GetDescriptor
<LI><a href="#[21]">&gt;&gt;</a>&nbsp;&nbsp;&nbsp;USB_CDC_DoDataOut
<LI><a href="#[8b]">&gt;&gt;</a>&nbsp;&nbsp;&nbsp;USB_CDC_SendData
</UL>

<P><STRONG><a name="[83]"></a>USB_EP_doDataOut</STRONG> (Thumb, 84 bytes, Stack size 32 bytes, mdr32fxqi_usb_device.o(.text.USB_EP_doDataOut))
<BR><BR>[Stack]<UL><LI>Max Depth = 92<LI>Call Chain = USB_EP_doDataOut &rArr; USB_EP_Idle &rArr; USB_EP_SetReady &rArr; USB_SetSEPxCTRL
</UL>
<BR>[Calls]<UL><LI><a href="#[8f]">&gt;&gt;</a>&nbsp;&nbsp;&nbsp;USB_EP_Idle
</UL>
<BR>[Called By]<UL><LI><a href="#[25]">&gt;&gt;</a>&nbsp;&nbsp;&nbsp;USB_DeviceSetupPacket
<LI><a href="#[82]">&gt;&gt;</a>&nbsp;&nbsp;&nbsp;USB_CDC_ClassRequest
<LI><a href="#[22]">&gt;&gt;</a>&nbsp;&nbsp;&nbsp;USB_DeviceDoStatusOutAck
<LI><a href="#[23]">&gt;&gt;</a>&nbsp;&nbsp;&nbsp;USB_CDC_OnDataReceive
<LI><a href="#[77]">&gt;&gt;</a>&nbsp;&nbsp;&nbsp;USB_CDC_Reset
</UL>

<P><STRONG><a name="[9b]"></a>USB_EP_setSetupHandler</STRONG> (Thumb, 86 bytes, Stack size 32 bytes, mdr32fxqi_usb_device.o(.text.USB_EP_setSetupHandler))
<BR><BR>[Stack]<UL><LI>Max Depth = 92<LI>Call Chain = USB_EP_setSetupHandler &rArr; USB_EP_Idle &rArr; USB_EP_SetReady &rArr; USB_SetSEPxCTRL
</UL>
<BR>[Calls]<UL><LI><a href="#[8f]">&gt;&gt;</a>&nbsp;&nbsp;&nbsp;USB_EP_Idle
</UL>
<BR>[Called By]<UL><LI><a href="#[73]">&gt;&gt;</a>&nbsp;&nbsp;&nbsp;USB_DeviceInit
</UL>

<P><STRONG><a name="[a2]"></a>USB_GetSEPxCTRL</STRONG> (Thumb, 26 bytes, Stack size 4 bytes, mdr32fxqi_usb.o(.text.USB_GetSEPxCTRL))
<BR><BR>[Stack]<UL><LI>Max Depth = 4<LI>Call Chain = USB_GetSEPxCTRL
</UL>
<BR>[Called By]<UL><LI><a href="#[94]">&gt;&gt;</a>&nbsp;&nbsp;&nbsp;USB_EP_dispatchEvent
</UL>

<P><STRONG><a name="[a5]"></a>USB_GetSEPxRXFD</STRONG> (Thumb, 26 bytes, Stack size 4 bytes, mdr32fxqi_usb.o(.text.USB_GetSEPxRXFD))
<BR><BR>[Stack]<UL><LI>Max Depth = 4<LI>Call Chain = USB_GetSEPxRXFD
</UL>
<BR>[Called By]<UL><LI><a href="#[94]">&gt;&gt;</a>&nbsp;&nbsp;&nbsp;USB_EP_dispatchEvent
</UL>

<P><STRONG><a name="[a4]"></a>USB_GetSEPxRXFDC</STRONG> (Thumb, 26 bytes, Stack size 4 bytes, mdr32fxqi_usb.o(.text.USB_GetSEPxRXFDC))
<BR><BR>[Stack]<UL><LI>Max Depth = 4<LI>Call Chain = USB_GetSEPxRXFDC
</UL>
<BR>[Called By]<UL><LI><a href="#[94]">&gt;&gt;</a>&nbsp;&nbsp;&nbsp;USB_EP_dispatchEvent
</UL>

<P><STRONG><a name="[a0]"></a>USB_GetSEPxSTS</STRONG> (Thumb, 26 bytes, Stack size 4 bytes, mdr32fxqi_usb.o(.text.USB_GetSEPxSTS))
<BR><BR>[Stack]<UL><LI>Max Depth = 4<LI>Call Chain = USB_GetSEPxSTS
</UL>
<BR>[Called By]<UL><LI><a href="#[94]">&gt;&gt;</a>&nbsp;&nbsp;&nbsp;USB_EP_dispatchEvent
</UL>

<P><STRONG><a name="[a1]"></a>USB_GetSEPxTS</STRONG> (Thumb, 26 bytes, Stack size 4 bytes, mdr32fxqi_usb.o(.text.USB_GetSEPxTS))
<BR><BR>[Stack]<UL><LI>Max Depth = 4<LI>Call Chain = USB_GetSEPxTS
</UL>
<BR>[Called By]<UL><LI><a href="#[94]">&gt;&gt;</a>&nbsp;&nbsp;&nbsp;USB_EP_dispatchEvent
</UL>

<P><STRONG><a name="[92]"></a>USB_GetSIS</STRONG> (Thumb, 12 bytes, Stack size 0 bytes, mdr32fxqi_usb.o(.text.USB_GetSIS))
<BR><BR>[Called By]<UL><LI><a href="#[90]">&gt;&gt;</a>&nbsp;&nbsp;&nbsp;USB_DeviceDispatchEvent
</UL>

<P><STRONG><a name="[c]"></a>USB_IRQHandler</STRONG> (Thumb, 8 bytes, Stack size 8 bytes, mdr32fxqi_usb_device.o(.text.USB_IRQHandler))
<BR><BR>[Stack]<UL><LI>Max Depth = 156<LI>Call Chain = USB_IRQHandler &rArr; USB_DeviceDispatchEvent &rArr; USB_EP_dispatchEvent &rArr; USB_EP_sendInDataPortion &rArr; USB_EP_SetReady &rArr; USB_SetSEPxCTRL
</UL>
<BR>[Calls]<UL><LI><a href="#[90]">&gt;&gt;</a>&nbsp;&nbsp;&nbsp;USB_DeviceDispatchEvent
</UL>
<BR>[Address Reference Count : 1]<UL><LI> startup_mdr32f9q2i.o(RESET)
</UL>
<P><STRONG><a name="[98]"></a>USB_Reset</STRONG> (Thumb, 48 bytes, Stack size 16 bytes, mdr32fxqi_usb.o(.text.USB_Reset))
<BR><BR>[Stack]<UL><LI>Max Depth = 24<LI>Call Chain = USB_Reset &rArr; USB_SetHSCR
</UL>
<BR>[Calls]<UL><LI><a href="#[99]">&gt;&gt;</a>&nbsp;&nbsp;&nbsp;USB_SetHSCR
</UL>
<BR>[Called By]<UL><LI><a href="#[73]">&gt;&gt;</a>&nbsp;&nbsp;&nbsp;USB_DeviceInit
</UL>

<P><STRONG><a name="[a8]"></a>USB_SEPxToggleEPDATASEQ</STRONG> (Thumb, 46 bytes, Stack size 8 bytes, mdr32fxqi_usb.o(.text.USB_SEPxToggleEPDATASEQ))
<BR><BR>[Stack]<UL><LI>Max Depth = 8<LI>Call Chain = USB_SEPxToggleEPDATASEQ
</UL>
<BR>[Called By]<UL><LI><a href="#[a3]">&gt;&gt;</a>&nbsp;&nbsp;&nbsp;USB_EP_sendInDataPortion
</UL>

<P><STRONG><a name="[99]"></a>USB_SetHSCR</STRONG> (Thumb, 48 bytes, Stack size 8 bytes, mdr32fxqi_usb.o(.text.USB_SetHSCR))
<BR><BR>[Stack]<UL><LI>Max Depth = 8<LI>Call Chain = USB_SetHSCR
</UL>
<BR>[Called By]<UL><LI><a href="#[98]">&gt;&gt;</a>&nbsp;&nbsp;&nbsp;USB_Reset
<LI><a href="#[75]">&gt;&gt;</a>&nbsp;&nbsp;&nbsp;USB_DevicePowerOn
<LI><a href="#[73]">&gt;&gt;</a>&nbsp;&nbsp;&nbsp;USB_DeviceInit
</UL>

<P><STRONG><a name="[93]"></a>USB_SetSA</STRONG> (Thumb, 20 bytes, Stack size 4 bytes, mdr32fxqi_usb.o(.text.USB_SetSA))
<BR><BR>[Stack]<UL><LI>Max Depth = 4<LI>Call Chain = USB_SetSA
</UL>
<BR>[Called By]<UL><LI><a href="#[90]">&gt;&gt;</a>&nbsp;&nbsp;&nbsp;USB_DeviceDispatchEvent
<LI><a href="#[26]">&gt;&gt;</a>&nbsp;&nbsp;&nbsp;USB_Device_setAddressWork
</UL>

<P><STRONG><a name="[9a]"></a>USB_SetSC</STRONG> (Thumb, 48 bytes, Stack size 8 bytes, mdr32fxqi_usb.o(.text.USB_SetSC))
<BR><BR>[Stack]<UL><LI>Max Depth = 8<LI>Call Chain = USB_SetSC
</UL>
<BR>[Called By]<UL><LI><a href="#[73]">&gt;&gt;</a>&nbsp;&nbsp;&nbsp;USB_DeviceInit
</UL>

<P><STRONG><a name="[9f]"></a>USB_SetSEPxCTRL</STRONG> (Thumb, 64 bytes, Stack size 12 bytes, mdr32fxqi_usb.o(.text.USB_SetSEPxCTRL))
<BR><BR>[Stack]<UL><LI>Max Depth = 12<LI>Call Chain = USB_SetSEPxCTRL
</UL>
<BR>[Called By]<UL><LI><a href="#[a3]">&gt;&gt;</a>&nbsp;&nbsp;&nbsp;USB_EP_sendInDataPortion
<LI><a href="#[9e]">&gt;&gt;</a>&nbsp;&nbsp;&nbsp;USB_EP_SetReady
<LI><a href="#[8d]">&gt;&gt;</a>&nbsp;&nbsp;&nbsp;USB_EP_Init
</UL>

<P><STRONG><a name="[a6]"></a>USB_SetSEPxRXFC</STRONG> (Thumb, 30 bytes, Stack size 8 bytes, mdr32fxqi_usb.o(.text.USB_SetSEPxRXFC))
<BR><BR>[Stack]<UL><LI>Max Depth = 8<LI>Call Chain = USB_SetSEPxRXFC
</UL>
<BR>[Called By]<UL><LI><a href="#[94]">&gt;&gt;</a>&nbsp;&nbsp;&nbsp;USB_EP_dispatchEvent
</UL>

<P><STRONG><a name="[a9]"></a>USB_SetSEPxTXFD</STRONG> (Thumb, 30 bytes, Stack size 8 bytes, mdr32fxqi_usb.o(.text.USB_SetSEPxTXFD))
<BR><BR>[Stack]<UL><LI>Max Depth = 8<LI>Call Chain = USB_SetSEPxTXFD
</UL>
<BR>[Called By]<UL><LI><a href="#[a3]">&gt;&gt;</a>&nbsp;&nbsp;&nbsp;USB_EP_sendInDataPortion
</UL>

<P><STRONG><a name="[a7]"></a>USB_SetSEPxTXFDC</STRONG> (Thumb, 30 bytes, Stack size 8 bytes, mdr32fxqi_usb.o(.text.USB_SetSEPxTXFDC))
<BR><BR>[Stack]<UL><LI>Max Depth = 8<LI>Call Chain = USB_SetSEPxTXFDC
</UL>
<BR>[Called By]<UL><LI><a href="#[a3]">&gt;&gt;</a>&nbsp;&nbsp;&nbsp;USB_EP_sendInDataPortion
</UL>

<P><STRONG><a name="[74]"></a>USB_SetSIM</STRONG> (Thumb, 48 bytes, Stack size 8 bytes, mdr32fxqi_usb.o(.text.USB_SetSIM))
<BR><BR>[Stack]<UL><LI>Max Depth = 8<LI>Call Chain = USB_SetSIM
</UL>
<BR>[Called By]<UL><LI><a href="#[72]">&gt;&gt;</a>&nbsp;&nbsp;&nbsp;Setup_USB
</UL>

<P><STRONG><a name="[95]"></a>USB_SetSIS</STRONG> (Thumb, 20 bytes, Stack size 4 bytes, mdr32fxqi_usb.o(.text.USB_SetSIS))
<BR><BR>[Stack]<UL><LI>Max Depth = 4<LI>Call Chain = USB_SetSIS
</UL>
<BR>[Called By]<UL><LI><a href="#[90]">&gt;&gt;</a>&nbsp;&nbsp;&nbsp;USB_DeviceDispatchEvent
<LI><a href="#[9e]">&gt;&gt;</a>&nbsp;&nbsp;&nbsp;USB_EP_SetReady
</UL>

<P><STRONG><a name="[b4]"></a>VCom_Configuration</STRONG> (Thumb, 26 bytes, Stack size 0 bytes, usb.o(.text.VCom_Configuration))
<BR><BR>[Called By]<UL><LI><a href="#[31]">&gt;&gt;</a>&nbsp;&nbsp;&nbsp;main
</UL>

<P><STRONG><a name="[aa]"></a>adcInit</STRONG> (Thumb, 146 bytes, Stack size 32 bytes, adc.o(.text.adcInit))
<BR><BR>[Stack]<UL><LI>Max Depth = 48<LI>Call Chain = adcInit &rArr; ADC2_Init
</UL>
<BR>[Calls]<UL><LI><a href="#[b1]">&gt;&gt;</a>&nbsp;&nbsp;&nbsp;ADC2_Cmd
<LI><a href="#[b0]">&gt;&gt;</a>&nbsp;&nbsp;&nbsp;ADC2_ITConfig
<LI><a href="#[af]">&gt;&gt;</a>&nbsp;&nbsp;&nbsp;ADC2_Init
<LI><a href="#[ae]">&gt;&gt;</a>&nbsp;&nbsp;&nbsp;ADCx_StructInit
<LI><a href="#[ad]">&gt;&gt;</a>&nbsp;&nbsp;&nbsp;ADC_Init
<LI><a href="#[ac]">&gt;&gt;</a>&nbsp;&nbsp;&nbsp;ADC_StructInit
<LI><a href="#[ab]">&gt;&gt;</a>&nbsp;&nbsp;&nbsp;ADC_DeInit
<LI><a href="#[43]">&gt;&gt;</a>&nbsp;&nbsp;&nbsp;RST_CLK_PCLKcmd
<LI><a href="#[b2]">&gt;&gt;</a>&nbsp;&nbsp;&nbsp;NVIC_EnableIRQ
</UL>
<BR>[Called By]<UL><LI><a href="#[31]">&gt;&gt;</a>&nbsp;&nbsp;&nbsp;main
</UL>

<P><STRONG><a name="[b3]"></a>dmaInit</STRONG> (Thumb, 208 bytes, Stack size 48 bytes, adc.o(.text.dmaInit))
<BR><BR>[Stack]<UL><LI>Max Depth = 80<LI>Call Chain = dmaInit &rArr; DMA_Init &rArr; DMA_CtrlDataInit
</UL>
<BR>[Calls]<UL><LI><a href="#[59]">&gt;&gt;</a>&nbsp;&nbsp;&nbsp;DMA_Cmd
<LI><a href="#[4f]">&gt;&gt;</a>&nbsp;&nbsp;&nbsp;DMA_Init
<LI><a href="#[58]">&gt;&gt;</a>&nbsp;&nbsp;&nbsp;DMA_StructInit
<LI><a href="#[4b]">&gt;&gt;</a>&nbsp;&nbsp;&nbsp;DMA_DeInit
<LI><a href="#[43]">&gt;&gt;</a>&nbsp;&nbsp;&nbsp;RST_CLK_PCLKcmd
</UL>
<BR>[Called By]<UL><LI><a href="#[31]">&gt;&gt;</a>&nbsp;&nbsp;&nbsp;main
</UL>

<P><STRONG><a name="[31]"></a>main</STRONG> (Thumb, 128 bytes, Stack size 16 bytes, main.o(.text.main))
<BR><BR>[Stack]<UL><LI>Max Depth = 148<LI>Call Chain = main &rArr; Setup_USB &rArr; USB_CDC_Reset &rArr; USB_EP_doDataOut &rArr; USB_EP_Idle &rArr; USB_EP_SetReady &rArr; USB_SetSEPxCTRL
</UL>
<BR>[Calls]<UL><LI><a href="#[60]">&gt;&gt;</a>&nbsp;&nbsp;&nbsp;PID_Update
<LI><a href="#[72]">&gt;&gt;</a>&nbsp;&nbsp;&nbsp;Setup_USB
<LI><a href="#[88]">&gt;&gt;</a>&nbsp;&nbsp;&nbsp;USB_CDC_Init
<LI><a href="#[b4]">&gt;&gt;</a>&nbsp;&nbsp;&nbsp;VCom_Configuration
<LI><a href="#[47]">&gt;&gt;</a>&nbsp;&nbsp;&nbsp;DAC_DMA_Init
<LI><a href="#[7f]">&gt;&gt;</a>&nbsp;&nbsp;&nbsp;Timer_1_Init
<LI><a href="#[6a]">&gt;&gt;</a>&nbsp;&nbsp;&nbsp;PortA_Init
<LI><a href="#[51]">&gt;&gt;</a>&nbsp;&nbsp;&nbsp;LedPortInit
<LI><a href="#[7a]">&gt;&gt;</a>&nbsp;&nbsp;&nbsp;TimerInit
<LI><a href="#[6d]">&gt;&gt;</a>&nbsp;&nbsp;&nbsp;PortInit
<LI><a href="#[39]">&gt;&gt;</a>&nbsp;&nbsp;&nbsp;ClockInit
<LI><a href="#[b6]">&gt;&gt;</a>&nbsp;&nbsp;&nbsp;ADC_ToTemp
<LI><a href="#[b5]">&gt;&gt;</a>&nbsp;&nbsp;&nbsp;Get_Avg_ADC_value
<LI><a href="#[aa]">&gt;&gt;</a>&nbsp;&nbsp;&nbsp;adcInit
<LI><a href="#[b3]">&gt;&gt;</a>&nbsp;&nbsp;&nbsp;dmaInit
</UL>
<BR>[Called By]<UL><LI><a href="#[30]">&gt;&gt;</a>&nbsp;&nbsp;&nbsp;__rt_entry_main
</UL>

<P><STRONG><a name="[62]"></a>__aeabi_fadd</STRONG> (Thumb, 0 bytes, Stack size 16 bytes, faddsub_clz.o(x$fpl$fadd))
<BR><BR>[Stack]<UL><LI>Max Depth = 16<LI>Call Chain = __aeabi_fadd
</UL>
<BR>[Called By]<UL><LI><a href="#[60]">&gt;&gt;</a>&nbsp;&nbsp;&nbsp;PID_Update
</UL>

<P><STRONG><a name="[b7]"></a>_fadd</STRONG> (Thumb, 196 bytes, Stack size 16 bytes, faddsub_clz.o(x$fpl$fadd), UNUSED)
<BR><BR>[Calls]<UL><LI><a href="#[b9]">&gt;&gt;</a>&nbsp;&nbsp;&nbsp;__fpl_fretinf
<LI><a href="#[ba]">&gt;&gt;</a>&nbsp;&nbsp;&nbsp;__fpl_fnaninf
<LI><a href="#[b8]">&gt;&gt;</a>&nbsp;&nbsp;&nbsp;_fsub1
</UL>

<P><STRONG><a name="[f6]"></a>__aeabi_fcmpeq</STRONG> (Thumb, 0 bytes, Stack size 8 bytes, fcmp.o(x$fpl$fcmp), UNUSED)

<P><STRONG><a name="[bb]"></a>_feq</STRONG> (Thumb, 14 bytes, Stack size 8 bytes, fcmp.o(x$fpl$fcmp), UNUSED)
<BR><BR>[Calls]<UL><LI><a href="#[bc]">&gt;&gt;</a>&nbsp;&nbsp;&nbsp;_fcmpeq
</UL>

<P><STRONG><a name="[bd]"></a>_fneq</STRONG> (Thumb, 14 bytes, Stack size 8 bytes, fcmp.o(x$fpl$fcmp), UNUSED)
<BR><BR>[Calls]<UL><LI><a href="#[bc]">&gt;&gt;</a>&nbsp;&nbsp;&nbsp;_fcmpeq
</UL>

<P><STRONG><a name="[f7]"></a>__aeabi_fcmpgt</STRONG> (Thumb, 0 bytes, Stack size 8 bytes, fcmp.o(x$fpl$fcmp), UNUSED)

<P><STRONG><a name="[be]"></a>_fgr</STRONG> (Thumb, 14 bytes, Stack size 8 bytes, fcmp.o(x$fpl$fcmp), UNUSED)
<BR><BR>[Calls]<UL><LI><a href="#[bf]">&gt;&gt;</a>&nbsp;&nbsp;&nbsp;_fcmpge
</UL>

<P><STRONG><a name="[64]"></a>__aeabi_fcmpge</STRONG> (Thumb, 0 bytes, Stack size 8 bytes, fcmp.o(x$fpl$fcmp))
<BR><BR>[Stack]<UL><LI>Max Depth = 8<LI>Call Chain = __aeabi_fcmpge
</UL>
<BR>[Called By]<UL><LI><a href="#[60]">&gt;&gt;</a>&nbsp;&nbsp;&nbsp;PID_Update
</UL>

<P><STRONG><a name="[c0]"></a>_fgeq</STRONG> (Thumb, 14 bytes, Stack size 8 bytes, fcmp.o(x$fpl$fcmp), UNUSED)
<BR><BR>[Calls]<UL><LI><a href="#[bf]">&gt;&gt;</a>&nbsp;&nbsp;&nbsp;_fcmpge
</UL>

<P><STRONG><a name="[63]"></a>__aeabi_fcmple</STRONG> (Thumb, 0 bytes, Stack size 8 bytes, fcmp.o(x$fpl$fcmp))
<BR><BR>[Stack]<UL><LI>Max Depth = 8<LI>Call Chain = __aeabi_fcmple
</UL>
<BR>[Called By]<UL><LI><a href="#[60]">&gt;&gt;</a>&nbsp;&nbsp;&nbsp;PID_Update
</UL>

<P><STRONG><a name="[c1]"></a>_fleq</STRONG> (Thumb, 14 bytes, Stack size 8 bytes, fcmp.o(x$fpl$fcmp), UNUSED)
<BR><BR>[Calls]<UL><LI><a href="#[c2]">&gt;&gt;</a>&nbsp;&nbsp;&nbsp;_fcmple
</UL>

<P><STRONG><a name="[f8]"></a>__aeabi_fcmplt</STRONG> (Thumb, 0 bytes, Stack size 8 bytes, fcmp.o(x$fpl$fcmp), UNUSED)

<P><STRONG><a name="[c3]"></a>_fls</STRONG> (Thumb, 14 bytes, Stack size 8 bytes, fcmp.o(x$fpl$fcmp), UNUSED)
<BR><BR>[Calls]<UL><LI><a href="#[c2]">&gt;&gt;</a>&nbsp;&nbsp;&nbsp;_fcmple
</UL>

<P><STRONG><a name="[c4]"></a>__fpl_fcmp_Inf</STRONG> (Thumb, 24 bytes, Stack size 0 bytes, fcmpi.o(x$fpl$fcmpinf), UNUSED)
<BR><BR>[Called By]<UL><LI><a href="#[c2]">&gt;&gt;</a>&nbsp;&nbsp;&nbsp;_fcmple
<LI><a href="#[bf]">&gt;&gt;</a>&nbsp;&nbsp;&nbsp;_fcmpge
<LI><a href="#[bc]">&gt;&gt;</a>&nbsp;&nbsp;&nbsp;_fcmpeq
</UL>

<P><STRONG><a name="[f9]"></a>__aeabi_cfcmpeq</STRONG> (Thumb, 0 bytes, Stack size 16 bytes, feqf.o(x$fpl$feqf), UNUSED)

<P><STRONG><a name="[bc]"></a>_fcmpeq</STRONG> (Thumb, 104 bytes, Stack size 16 bytes, feqf.o(x$fpl$feqf), UNUSED)
<BR><BR>[Calls]<UL><LI><a href="#[c4]">&gt;&gt;</a>&nbsp;&nbsp;&nbsp;__fpl_fcmp_Inf
<LI><a href="#[ba]">&gt;&gt;</a>&nbsp;&nbsp;&nbsp;__fpl_fnaninf
</UL>
<BR>[Called By]<UL><LI><a href="#[bd]">&gt;&gt;</a>&nbsp;&nbsp;&nbsp;_fneq
<LI><a href="#[bb]">&gt;&gt;</a>&nbsp;&nbsp;&nbsp;_feq
</UL>

<P><STRONG><a name="[67]"></a>__aeabi_f2iz</STRONG> (Thumb, 0 bytes, Stack size 16 bytes, ffix.o(x$fpl$ffix))
<BR><BR>[Stack]<UL><LI>Max Depth = 16<LI>Call Chain = __aeabi_f2iz
</UL>
<BR>[Called By]<UL><LI><a href="#[60]">&gt;&gt;</a>&nbsp;&nbsp;&nbsp;PID_Update
</UL>

<P><STRONG><a name="[c5]"></a>_ffix</STRONG> (Thumb, 54 bytes, Stack size 16 bytes, ffix.o(x$fpl$ffix), UNUSED)
<BR><BR>[Calls]<UL><LI><a href="#[ba]">&gt;&gt;</a>&nbsp;&nbsp;&nbsp;__fpl_fnaninf
</UL>

<P><STRONG><a name="[61]"></a>__aeabi_i2f</STRONG> (Thumb, 0 bytes, Stack size 0 bytes, fflt_clz.o(x$fpl$fflt))
<BR><BR>[Called By]<UL><LI><a href="#[60]">&gt;&gt;</a>&nbsp;&nbsp;&nbsp;PID_Update
</UL>

<P><STRONG><a name="[fa]"></a>_fflt</STRONG> (Thumb, 48 bytes, Stack size 0 bytes, fflt_clz.o(x$fpl$fflt), UNUSED)

<P><STRONG><a name="[bf]"></a>_fcmpge</STRONG> (Thumb, 104 bytes, Stack size 16 bytes, fgeqf.o(x$fpl$fgeqf), UNUSED)
<BR><BR>[Calls]<UL><LI><a href="#[c4]">&gt;&gt;</a>&nbsp;&nbsp;&nbsp;__fpl_fcmp_Inf
<LI><a href="#[ba]">&gt;&gt;</a>&nbsp;&nbsp;&nbsp;__fpl_fnaninf
</UL>
<BR>[Called By]<UL><LI><a href="#[c0]">&gt;&gt;</a>&nbsp;&nbsp;&nbsp;_fgeq
<LI><a href="#[be]">&gt;&gt;</a>&nbsp;&nbsp;&nbsp;_fgr
</UL>

<P><STRONG><a name="[fb]"></a>__aeabi_cfcmple</STRONG> (Thumb, 0 bytes, Stack size 16 bytes, fleqf.o(x$fpl$fleqf), UNUSED)

<P><STRONG><a name="[c2]"></a>_fcmple</STRONG> (Thumb, 104 bytes, Stack size 16 bytes, fleqf.o(x$fpl$fleqf), UNUSED)
<BR><BR>[Calls]<UL><LI><a href="#[c4]">&gt;&gt;</a>&nbsp;&nbsp;&nbsp;__fpl_fcmp_Inf
<LI><a href="#[ba]">&gt;&gt;</a>&nbsp;&nbsp;&nbsp;__fpl_fnaninf
</UL>
<BR>[Called By]<UL><LI><a href="#[c3]">&gt;&gt;</a>&nbsp;&nbsp;&nbsp;_fls
<LI><a href="#[c1]">&gt;&gt;</a>&nbsp;&nbsp;&nbsp;_fleq
</UL>

<P><STRONG><a name="[fc]"></a>__fpl_fcmple_InfNaN</STRONG> (Thumb, 0 bytes, Stack size unknown bytes, fleqf.o(x$fpl$fleqf), UNUSED)

<P><STRONG><a name="[65]"></a>__aeabi_fmul</STRONG> (Thumb, 0 bytes, Stack size 16 bytes, fmul.o(x$fpl$fmul))
<BR><BR>[Stack]<UL><LI>Max Depth = 16<LI>Call Chain = __aeabi_fmul
</UL>
<BR>[Called By]<UL><LI><a href="#[60]">&gt;&gt;</a>&nbsp;&nbsp;&nbsp;PID_Update
</UL>

<P><STRONG><a name="[c6]"></a>_fmul</STRONG> (Thumb, 258 bytes, Stack size 16 bytes, fmul.o(x$fpl$fmul), UNUSED)
<BR><BR>[Calls]<UL><LI><a href="#[b9]">&gt;&gt;</a>&nbsp;&nbsp;&nbsp;__fpl_fretinf
<LI><a href="#[ba]">&gt;&gt;</a>&nbsp;&nbsp;&nbsp;__fpl_fnaninf
</UL>

<P><STRONG><a name="[ba]"></a>__fpl_fnaninf</STRONG> (Thumb, 140 bytes, Stack size 8 bytes, fnaninf.o(x$fpl$fnaninf), UNUSED)
<BR><BR>[Called By]<UL><LI><a href="#[c2]">&gt;&gt;</a>&nbsp;&nbsp;&nbsp;_fcmple
<LI><a href="#[bf]">&gt;&gt;</a>&nbsp;&nbsp;&nbsp;_fcmpge
<LI><a href="#[bc]">&gt;&gt;</a>&nbsp;&nbsp;&nbsp;_fcmpeq
<LI><a href="#[c6]">&gt;&gt;</a>&nbsp;&nbsp;&nbsp;_fmul
<LI><a href="#[c5]">&gt;&gt;</a>&nbsp;&nbsp;&nbsp;_ffix
<LI><a href="#[c7]">&gt;&gt;</a>&nbsp;&nbsp;&nbsp;_fsub
<LI><a href="#[b7]">&gt;&gt;</a>&nbsp;&nbsp;&nbsp;_fadd
</UL>

<P><STRONG><a name="[b9]"></a>__fpl_fretinf</STRONG> (Thumb, 10 bytes, Stack size 0 bytes, fretinf.o(x$fpl$fretinf), UNUSED)
<BR><BR>[Called By]<UL><LI><a href="#[c6]">&gt;&gt;</a>&nbsp;&nbsp;&nbsp;_fmul
<LI><a href="#[b7]">&gt;&gt;</a>&nbsp;&nbsp;&nbsp;_fadd
</UL>

<P><STRONG><a name="[66]"></a>__aeabi_fsub</STRONG> (Thumb, 0 bytes, Stack size 16 bytes, faddsub_clz.o(x$fpl$fsub))
<BR><BR>[Stack]<UL><LI>Max Depth = 16<LI>Call Chain = __aeabi_fsub
</UL>
<BR>[Called By]<UL><LI><a href="#[60]">&gt;&gt;</a>&nbsp;&nbsp;&nbsp;PID_Update
</UL>

<P><STRONG><a name="[c7]"></a>_fsub</STRONG> (Thumb, 234 bytes, Stack size 16 bytes, faddsub_clz.o(x$fpl$fsub), UNUSED)
<BR><BR>[Calls]<UL><LI><a href="#[ba]">&gt;&gt;</a>&nbsp;&nbsp;&nbsp;__fpl_fnaninf
<LI><a href="#[c8]">&gt;&gt;</a>&nbsp;&nbsp;&nbsp;_fadd1
</UL>
<P>
<H3>
Local Symbols
</H3>
<P><STRONG><a name="[b2]"></a>NVIC_EnableIRQ</STRONG> (Thumb, 36 bytes, Stack size 4 bytes, adc.o(.text.NVIC_EnableIRQ))
<BR><BR>[Stack]<UL><LI>Max Depth = 4<LI>Call Chain = NVIC_EnableIRQ
</UL>
<BR>[Called By]<UL><LI><a href="#[aa]">&gt;&gt;</a>&nbsp;&nbsp;&nbsp;adcInit
</UL>

<P><STRONG><a name="[76]"></a>NVIC_EnableIRQ</STRONG> (Thumb, 36 bytes, Stack size 4 bytes, usb.o(.text.NVIC_EnableIRQ))
<BR><BR>[Stack]<UL><LI>Max Depth = 4<LI>Call Chain = NVIC_EnableIRQ
</UL>
<BR>[Called By]<UL><LI><a href="#[72]">&gt;&gt;</a>&nbsp;&nbsp;&nbsp;Setup_USB
</UL>

<P><STRONG><a name="[81]"></a>NVIC_EnableIRQ</STRONG> (Thumb, 36 bytes, Stack size 4 bytes, timer.o(.text.NVIC_EnableIRQ))
<BR><BR>[Stack]<UL><LI>Max Depth = 4<LI>Call Chain = NVIC_EnableIRQ
</UL>
<BR>[Called By]<UL><LI><a href="#[7f]">&gt;&gt;</a>&nbsp;&nbsp;&nbsp;Timer_1_Init
</UL>

<P><STRONG><a name="[4c]"></a>NVIC_ClearPendingIRQ</STRONG> (Thumb, 36 bytes, Stack size 4 bytes, mdr32fxqi_dma.o(.text.NVIC_ClearPendingIRQ))
<BR><BR>[Stack]<UL><LI>Max Depth = 4<LI>Call Chain = NVIC_ClearPendingIRQ
</UL>
<BR>[Called By]<UL><LI><a href="#[4b]">&gt;&gt;</a>&nbsp;&nbsp;&nbsp;DMA_DeInit
</UL>

<P><STRONG><a name="[23]"></a>USB_CDC_OnDataReceive</STRONG> (Thumb, 110 bytes, Stack size 24 bytes, mdr32fxqi_usb_cdc.o(.text.USB_CDC_OnDataReceive))
<BR><BR>[Stack]<UL><LI>Max Depth = 188<LI>Call Chain = USB_CDC_OnDataReceive &rArr; USB_CDC_RecieveData &rArr; USB_CDC_SendData &rArr; USB_EP_doDataIn &rArr; USB_EP_sendInDataPortion &rArr; USB_EP_SetReady &rArr; USB_SetSEPxCTRL
</UL>
<BR>[Calls]<UL><LI><a href="#[83]">&gt;&gt;</a>&nbsp;&nbsp;&nbsp;USB_EP_doDataOut
<LI><a href="#[8a]">&gt;&gt;</a>&nbsp;&nbsp;&nbsp;USB_CDC_RecieveData
</UL>
<BR>[Address Reference Count : 2]<UL><LI> mdr32fxqi_usb_cdc.o(.text.USB_CDC_Reset)
<LI> mdr32fxqi_usb_cdc.o(.text.USB_CDC_OnDataReceive)
</UL>
<P><STRONG><a name="[24]"></a>USB_CDC_OnDataSent</STRONG> (Thumb, 26 bytes, Stack size 12 bytes, mdr32fxqi_usb_cdc.o(.text.USB_CDC_OnDataSent))
<BR><BR>[Stack]<UL><LI>Max Depth = 12<LI>Call Chain = USB_CDC_OnDataSent
</UL>
<BR>[Address Reference Count : 1]<UL><LI> mdr32fxqi_usb_cdc.o(.text.USB_CDC_SendData)
</UL>
<P><STRONG><a name="[21]"></a>USB_CDC_DoDataOut</STRONG> (Thumb, 100 bytes, Stack size 32 bytes, mdr32fxqi_usb_cdc.o(.text.USB_CDC_DoDataOut))
<BR><BR>[Stack]<UL><LI>Max Depth = 140<LI>Call Chain = USB_CDC_DoDataOut &rArr; USB_EP_doDataIn &rArr; USB_EP_sendInDataPortion &rArr; USB_EP_SetReady &rArr; USB_SetSEPxCTRL
</UL>
<BR>[Calls]<UL><LI><a href="#[85]">&gt;&gt;</a>&nbsp;&nbsp;&nbsp;USB_EP_doDataIn
<LI><a href="#[86]">&gt;&gt;</a>&nbsp;&nbsp;&nbsp;USB_CDC_SetLineCoding
</UL>
<BR>[Address Reference Count : 1]<UL><LI> mdr32fxqi_usb_cdc.o(.text.USB_CDC_ClassRequest)
</UL>
<P><STRONG><a name="[9e]"></a>USB_EP_SetReady</STRONG> (Thumb, 56 bytes, Stack size 24 bytes, mdr32fxqi_usb_device.o(.text.USB_EP_SetReady))
<BR><BR>[Stack]<UL><LI>Max Depth = 36<LI>Call Chain = USB_EP_SetReady &rArr; USB_SetSEPxCTRL
</UL>
<BR>[Calls]<UL><LI><a href="#[95]">&gt;&gt;</a>&nbsp;&nbsp;&nbsp;USB_SetSIS
<LI><a href="#[9f]">&gt;&gt;</a>&nbsp;&nbsp;&nbsp;USB_SetSEPxCTRL
</UL>
<BR>[Called By]<UL><LI><a href="#[94]">&gt;&gt;</a>&nbsp;&nbsp;&nbsp;USB_EP_dispatchEvent
<LI><a href="#[8f]">&gt;&gt;</a>&nbsp;&nbsp;&nbsp;USB_EP_Idle
<LI><a href="#[a3]">&gt;&gt;</a>&nbsp;&nbsp;&nbsp;USB_EP_sendInDataPortion
<LI><a href="#[9d]">&gt;&gt;</a>&nbsp;&nbsp;&nbsp;USB_EP_Stall
</UL>

<P><STRONG><a name="[a3]"></a>USB_EP_sendInDataPortion</STRONG> (Thumb, 192 bytes, Stack size 32 bytes, mdr32fxqi_usb_device.o(.text.USB_EP_sendInDataPortion))
<BR><BR>[Stack]<UL><LI>Max Depth = 68<LI>Call Chain = USB_EP_sendInDataPortion &rArr; USB_EP_SetReady &rArr; USB_SetSEPxCTRL
</UL>
<BR>[Calls]<UL><LI><a href="#[9e]">&gt;&gt;</a>&nbsp;&nbsp;&nbsp;USB_EP_SetReady
<LI><a href="#[a8]">&gt;&gt;</a>&nbsp;&nbsp;&nbsp;USB_SEPxToggleEPDATASEQ
<LI><a href="#[a7]">&gt;&gt;</a>&nbsp;&nbsp;&nbsp;USB_SetSEPxTXFDC
<LI><a href="#[a9]">&gt;&gt;</a>&nbsp;&nbsp;&nbsp;USB_SetSEPxTXFD
<LI><a href="#[9f]">&gt;&gt;</a>&nbsp;&nbsp;&nbsp;USB_SetSEPxCTRL
</UL>
<BR>[Called By]<UL><LI><a href="#[94]">&gt;&gt;</a>&nbsp;&nbsp;&nbsp;USB_EP_dispatchEvent
<LI><a href="#[85]">&gt;&gt;</a>&nbsp;&nbsp;&nbsp;USB_EP_doDataIn
</UL>

<P><STRONG><a name="[26]"></a>USB_Device_setAddressWork</STRONG> (Thumb, 48 bytes, Stack size 24 bytes, mdr32fxqi_usb_device.o(.text.USB_Device_setAddressWork))
<BR><BR>[Stack]<UL><LI>Max Depth = 28<LI>Call Chain = USB_Device_setAddressWork &rArr; USB_SetSA
</UL>
<BR>[Calls]<UL><LI><a href="#[93]">&gt;&gt;</a>&nbsp;&nbsp;&nbsp;USB_SetSA
</UL>
<BR>[Address Reference Count : 1]<UL><LI> mdr32fxqi_usb_device.o(.text.USB_DeviceSetupPacket)
</UL>
<P><STRONG><a name="[91]"></a>NVIC_DisableIRQ</STRONG> (Thumb, 36 bytes, Stack size 4 bytes, mdr32fxqi_usb_device.o(.text.NVIC_DisableIRQ))
<BR><BR>[Stack]<UL><LI>Max Depth = 4<LI>Call Chain = NVIC_DisableIRQ
</UL>
<BR>[Called By]<UL><LI><a href="#[90]">&gt;&gt;</a>&nbsp;&nbsp;&nbsp;USB_DeviceDispatchEvent
</UL>

<P><STRONG><a name="[96]"></a>NVIC_EnableIRQ</STRONG> (Thumb, 36 bytes, Stack size 4 bytes, mdr32fxqi_usb_device.o(.text.NVIC_EnableIRQ))
<BR><BR>[Stack]<UL><LI>Max Depth = 4<LI>Call Chain = NVIC_EnableIRQ
</UL>
<BR>[Called By]<UL><LI><a href="#[90]">&gt;&gt;</a>&nbsp;&nbsp;&nbsp;USB_DeviceDispatchEvent
</UL>

<P><STRONG><a name="[c8]"></a>_fadd1</STRONG> (Thumb, 0 bytes, Stack size unknown bytes, faddsub_clz.o(x$fpl$fadd), UNUSED)
<BR><BR>[Called By]<UL><LI><a href="#[c7]">&gt;&gt;</a>&nbsp;&nbsp;&nbsp;_fsub
</UL>

<P><STRONG><a name="[b8]"></a>_fsub1</STRONG> (Thumb, 0 bytes, Stack size unknown bytes, faddsub_clz.o(x$fpl$fsub), UNUSED)
<BR><BR>[Called By]<UL><LI><a href="#[b7]">&gt;&gt;</a>&nbsp;&nbsp;&nbsp;_fadd
</UL>
<P>
<H3>
Undefined Global Symbols
</H3><HR></body></html>
