<html>
<body>
<pre>
<h1>µVision Build Log</h1>
<h2>Tool Versions:</h2>
IDE-Version: µVision V5.43.1.0
Copyright (C) 2025 ARM Ltd and ARM Germany GmbH. All rights reserved.
License Information: Tim My, ICV, LIC=----
 
Tool Versions:
Toolchain:       MDK-Lite  Version: 5.43.0.0
Toolchain Path:  C:\Users\User\AppData\Local\Keil_v5\ARM\ARMCLANG\Bin
C Compiler:      ArmClang.exe V6.24
Assembler:       Armasm.exe V6.24
Linker/Locator:  ArmLink.exe V6.24
Library Manager: ArmAr.exe V6.24
Hex Converter:   FromElf.exe V6.24
CPU DLL:         SARMCM3.DLL V5.43.0.0
Dialog DLL:      DCM.DLL V1.17.5.0
Target DLL:      STLink\ST-LINKIII-KEIL_SWO.dll V3.3.1.0
Dialog DLL:      TCM.DLL V1.56.6.0
 
<h2>Project:</h2>
c:\Users\User\Documents\Milandr\MiTestExample\Stand\stand.uvprojx
Project File Date:  03/18/2026

<h2>Output:</h2>
*** Using Compiler 'V6.24', folder: 'C:\Users\User\AppData\Local\Keil_v5\ARM\ARMCLANG\Bin'
Build target 'Target_1'
compiling pwm.c...
linking...
Program Size: Code=19964 RO-data=792 RW-data=96 ZI-data=4096  
FromELF: creating hex file...
".\Objects\stand.axf" - 0 Error(s), 0 Warning(s).

<h2>Software Packages used:</h2>

Package Vendor: Milandr
                
                Milandr::MDR32FxQI@1.3.2
                Milandr MDR32FxQI Series Device Support, Drivers and Examples
   * Component: Startup Version: 2.2.0i
   * Component: ADC Version: 2.2.0i
   * Component: BKP Version: 2.2.0i
   * Component: DAC Version: 2.2.0i
   * Component: DMA Version: 2.2.0i
   * Component: EEPROM Version: 2.2.0i
   * Component: PORT Version: 2.2.0i
   * Component: POWER Version: 2.2.0i
   * Component: RST_CLK Version: 2.2.0i
   * Component: TIMER Version: 2.2.0i
   * Component: USB Library Version: 2.1.0i
   * Component: USB Version: 2.1.0i
   * Component: UTILS Version: 1.2.0i

<h2>Collection of Component include folders:</h2>
  ./RTE/Device/MDR32F9Q2I
  ./RTE/_Target_1
  C:/Users/User/AppData/Local/Arm/Packs/Milandr/MDR32FxQI/1.3.2/Libraries/CMSIS/MDR32FxQI/CoreSupport/CM3
  C:/Users/User/AppData/Local/Arm/Packs/Milandr/MDR32FxQI/1.3.2/Libraries/CMSIS/MDR32FxQI/DeviceSupport/MDR32F9Q2I/inc
  C:/Users/User/AppData/Local/Arm/Packs/Milandr/MDR32FxQI/1.3.2/Libraries/SPL/MDR32FxQI/inc
  C:/Users/User/AppData/Local/Arm/Packs/Milandr/MDR32FxQI/1.3.2/Libraries/SPL/MDR32FxQI/inc/USB_Library

<h2>Collection of Component Files used:</h2>

   * Component: Milandr::Device:Startup@2.2.0i
      Source file:   Libraries/CMSIS/MDR32FxQI/DeviceSupport/MDR32F9Q2I/startup/system_MDR32F9Q2I.c
      Include file:  Libraries/CMSIS/MDR32FxQI/DeviceSupport/MDR32F9Q2I/startup/system_MDR32F9Q2I.h
      Include file:  Libraries/SPL/MDR32FxQI/MDR32FxQI_config.h
      Source file:   Libraries/CMSIS/MDR32FxQI/DeviceSupport/MDR32F9Q2I/startup/arm/startup_MDR32F9Q2I.S
      Include file:  Libraries/CMSIS/MDR32FxQI/CoreSupport/CM3/core_cm3.h
      Include file:  Libraries/CMSIS/MDR32FxQI/DeviceSupport/MDR32F9Q2I/inc/MDR32F9Q2I.h
      Include file:  Libraries/SPL/MDR32FxQI/inc/IRQ_Handler_Template/MDR32F9Q2I_IT.h
      Source file:   Libraries/SPL/MDR32FxQI/src/IRQ_Handler_Template/MDR32F9Q2I_IT.c

   * Component: Milandr::Drivers:ADC@2.2.0i
      Source file:   Libraries/SPL/MDR32FxQI/src/MDR32FxQI_adc.c
      Include file:  Libraries/SPL/MDR32FxQI/inc/MDR32FxQI_adc.h

   * Component: Milandr::Drivers:BKP@2.2.0i
      Source file:   Libraries/SPL/MDR32FxQI/src/MDR32FxQI_bkp.c
      Include file:  Libraries/SPL/MDR32FxQI/inc/MDR32FxQI_bkp.h

   * Component: Milandr::Drivers:DAC@2.2.0i
      Source file:   Libraries/SPL/MDR32FxQI/src/MDR32FxQI_dac.c
      Include file:  Libraries/SPL/MDR32FxQI/inc/MDR32FxQI_dac.h

   * Component: Milandr::Drivers:DMA@2.2.0i
      Source file:   Libraries/SPL/MDR32FxQI/src/MDR32FxQI_dma.c
      Include file:  Libraries/SPL/MDR32FxQI/inc/MDR32FxQI_dma.h

   * Component: Milandr::Drivers:EEPROM@2.2.0i
      Source file:   Libraries/SPL/MDR32FxQI/src/MDR32FxQI_eeprom.c
      Source file:   Libraries/SPL/MDR32FxQI/src/MDR32FxQI_asm.S
      Include file:  Libraries/SPL/MDR32FxQI/inc/MDR32FxQI_eeprom.h

   * Component: Milandr::Drivers:PORT@2.2.0i
      Include file:  Libraries/SPL/MDR32FxQI/inc/MDR32FxQI_port.h
      Source file:   Libraries/SPL/MDR32FxQI/src/MDR32FxQI_port.c

   * Component: Milandr::Drivers:POWER@2.2.0i
      Include file:  Libraries/SPL/MDR32FxQI/inc/MDR32FxQI_power.h
      Source file:   Libraries/SPL/MDR32FxQI/src/MDR32FxQI_power.c

   * Component: Milandr::Drivers:RST_CLK@2.2.0i
      Include file:  Libraries/SPL/MDR32FxQI/inc/MDR32FxQI_rst_clk.h
      Source file:   Libraries/SPL/MDR32FxQI/src/MDR32FxQI_rst_clk.c

   * Component: Milandr::Drivers:TIMER@2.2.0i
      Include file:  Libraries/SPL/MDR32FxQI/inc/MDR32FxQI_timer.h
      Source file:   Libraries/SPL/MDR32FxQI/src/MDR32FxQI_timer.c

   * Component: Milandr::Drivers:USB Library@2.1.0i
      Include file:  Libraries/SPL/MDR32FxQI/inc/USB_Library/MDR32FxQI_usb_CDC.h
      Include file:  Libraries/SPL/MDR32FxQI/inc/USB_Library/MDR32FxQI_usb_device.h
      Source file:   Libraries/SPL/MDR32FxQI/src/USB_Library/MDR32FxQI_usb_device.c
      Source file:   Libraries/SPL/MDR32FxQI/src/USB_Library/MDR32FxQI_usb_CDC.c

   * Component: Milandr::Drivers:USB@2.1.0i
      Source file:   Libraries/SPL/MDR32FxQI/src/MDR32FxQI_usb.c
      Include file:  Libraries/SPL/MDR32FxQI/inc/MDR32FxQI_usb.h

   * Component: Milandr::Drivers:UTILS@1.2.0i
      Source file:   Libraries/SPL/MDR32FxQI/src/MDR32FxQI_asm.S
      Source file:   Libraries/SPL/MDR32FxQI/src/MDR32FxQI_utils.c
      Include file:  Libraries/SPL/MDR32FxQI/inc/MDR32FxQI_utils.h
Build Time Elapsed:  00:00:00
</pre>
</body>
</html>
